Component: ARM Compiler 5.06 update 4 (build 422) Tool: armlink [4d35d2]

==============================================================================

Section Cross References

    main.o(i.assert_nrf_callback) refers to app_error.o(i.app_error_handler) for app_error_handler
    main.o(i.ble_evt_dispatch) refers to ble_conn_state.o(i.ble_conn_state_on_ble_evt) for ble_conn_state_on_ble_evt
    main.o(i.ble_evt_dispatch) refers to peer_manager.o(i.pm_on_ble_evt) for pm_on_ble_evt
    main.o(i.ble_evt_dispatch) refers to ble_conn_params.o(i.ble_conn_params_on_ble_evt) for ble_conn_params_on_ble_evt
    main.o(i.ble_evt_dispatch) refers to bsp_btn_ble.o(i.bsp_btn_ble_on_ble_evt) for bsp_btn_ble_on_ble_evt
    main.o(i.ble_evt_dispatch) refers to main.o(i.on_ble_evt) for on_ble_evt
    main.o(i.ble_evt_dispatch) refers to ble_advertising.o(i.ble_advertising_on_ble_evt) for ble_advertising_on_ble_evt
    main.o(i.ble_stack_init) refers to softdevice_handler.o(i.softdevice_handler_init) for softdevice_handler_init
    main.o(i.ble_stack_init) refers to app_error.o(i.app_error_handler_bare) for app_error_handler_bare
    main.o(i.ble_stack_init) refers to softdevice_handler.o(i.softdevice_enable_get_default_config) for softdevice_enable_get_default_config
    main.o(i.ble_stack_init) refers to softdevice_handler.o(i.softdevice_enable) for softdevice_enable
    main.o(i.ble_stack_init) refers to softdevice_handler.o(i.softdevice_ble_evt_handler_set) for softdevice_ble_evt_handler_set
    main.o(i.ble_stack_init) refers to softdevice_handler.o(i.softdevice_sys_evt_handler_set) for softdevice_sys_evt_handler_set
    main.o(i.ble_stack_init) refers to main.o(.constdata) for .constdata
    main.o(i.ble_stack_init) refers to main.o(.bss) for .bss
    main.o(i.ble_stack_init) refers to main.o(i.ble_evt_dispatch) for ble_evt_dispatch
    main.o(i.ble_stack_init) refers to main.o(i.sys_evt_dispatch) for sys_evt_dispatch
    main.o(i.bsp_event_handler) refers to main.o(i.sleep_mode_enter) for sleep_mode_enter
    main.o(i.bsp_event_handler) refers to app_error.o(i.app_error_handler_bare) for app_error_handler_bare
    main.o(i.bsp_event_handler) refers to ble_advertising.o(i.ble_advertising_restart_without_whitelist) for ble_advertising_restart_without_whitelist
    main.o(i.bsp_event_handler) refers to main.o(.data) for .data
    main.o(i.conn_params_error_handler) refers to app_error.o(i.app_error_handler_bare) for app_error_handler_bare
    main.o(i.main) refers to nrf_log_frontend.o(i.nrf_log_init) for nrf_log_init
    main.o(i.main) refers to app_error.o(i.app_error_handler_bare) for app_error_handler_bare
    main.o(i.main) refers to nrf_log_frontend.o(i.nrf_log_frontend_std_0) for nrf_log_frontend_std_0
    main.o(i.main) refers to app_timer.o(i.app_timer_init) for app_timer_init
    main.o(i.main) refers to bsp.o(i.bsp_init) for bsp_init
    main.o(i.main) refers to bsp_btn_ble.o(i.bsp_btn_ble_init) for bsp_btn_ble_init
    main.o(i.main) refers to main.o(i.ble_stack_init) for ble_stack_init
    main.o(i.main) refers to main.o(i.peer_manager_init) for peer_manager_init
    main.o(i.main) refers to memseta.o(.text) for __aeabi_memclr4
    main.o(i.main) refers to ble_advertising.o(i.ble_advertising_init) for ble_advertising_init
    main.o(i.main) refers to ble_conn_params.o(i.ble_conn_params_init) for ble_conn_params_init
    main.o(i.main) refers to ble_advertising.o(i.ble_advertising_start) for ble_advertising_start
    main.o(i.main) refers to nrf_log_frontend.o(i.nrf_log_frontend_dequeue) for nrf_log_frontend_dequeue
    main.o(i.main) refers to main.o(.bss) for .bss
    main.o(i.main) refers to main.o(i.bsp_event_handler) for bsp_event_handler
    main.o(i.main) refers to main.o(.data) for .data
    main.o(i.main) refers to main.o(i.on_adv_evt) for on_adv_evt
    main.o(i.main) refers to main.o(i.on_conn_params_evt) for on_conn_params_evt
    main.o(i.main) refers to main.o(i.conn_params_error_handler) for conn_params_error_handler
    main.o(i.on_adv_evt) refers to nrf_log_frontend.o(i.nrf_log_frontend_std_0) for nrf_log_frontend_std_0
    main.o(i.on_adv_evt) refers to bsp.o(i.bsp_indication_set) for bsp_indication_set
    main.o(i.on_adv_evt) refers to app_error.o(i.app_error_handler_bare) for app_error_handler_bare
    main.o(i.on_adv_evt) refers to main.o(i.sleep_mode_enter) for sleep_mode_enter
    main.o(i.on_ble_evt) refers to nrf_log_frontend.o(i.nrf_log_frontend_std_0) for nrf_log_frontend_std_0
    main.o(i.on_ble_evt) refers to bsp.o(i.bsp_indication_set) for bsp_indication_set
    main.o(i.on_ble_evt) refers to app_error.o(i.app_error_handler_bare) for app_error_handler_bare
    main.o(i.on_ble_evt) refers to memcpya.o(.text) for __aeabi_memcpy
    main.o(i.on_ble_evt) refers to main.o(.data) for .data
    main.o(i.on_conn_params_evt) refers to app_error.o(i.app_error_handler_bare) for app_error_handler_bare
    main.o(i.on_conn_params_evt) refers to main.o(.data) for .data
[...]
    m_write_buffer_records                   0x20002790   Data         160  peer_database.o(.bss)
    .bss                                     0x20002830   Section       64  peer_id.o(.bss)
    m_pi                                     0x20002830   Data          64  peer_id.o(.bss)
    .bss                                     0x20002870   Section       12  peer_manager.o(.bss)
    m_evt_handlers                           0x20002870   Data          12  peer_manager.o(.bss)
    .bss                                     0x2000287c   Section       64  security_dispatcher.o(.bss)
    m_peer_pk                                0x2000287c   Data          64  security_dispatcher.o(.bss)
    .bss                                     0x200028bc   Section       20  nrf_drv_clock.o(.bss)
    m_clock_cb                               0x200028bc   Data          20  nrf_drv_clock.o(.bss)
    .bss                                     0x200028d0   Section       72  nrf_drv_gpiote.o(.bss)
    m_cb                                     0x200028d0   Data          72  nrf_drv_gpiote.o(.bss)
    .bss                                     0x20002918   Section       28  nrf_drv_uart.o(.bss)
    m_cb                                     0x20002918   Data          28  nrf_drv_uart.o(.bss)
    .bss                                     0x20002934   Section       32  app_button.o(.bss)
    m_detection_delay_timer_id_data          0x20002934   Data          32  app_button.o(.bss)
    .bss                                     0x20002954   Section      284  fds.o(.bss)
    desc                                     0x20002954   Data          12  fds.o(.bss)
    m_cb_table                               0x20002960   Data          32  fds.o(.bss)
    m_op_queue                               0x20002980   Data         120  fds.o(.bss)
    m_chunk_queue                            0x200029f8   Data          72  fds.o(.bss)
    m_pages                                  0x20002a40   Data          32  fds.o(.bss)
    m_gc                                     0x20002a60   Data          16  fds.o(.bss)
    .bss                                     0x20002a70   Section      104  fstorage.o(.bss)
    m_queue                                  0x20002a70   Data         104  fstorage.o(.bss)
    .bss                                     0x20002ad8   Section      256  nrf_log_backend_serial.o(.bss)
    m_uart_buffer                            0x20002ad8   Data         256  nrf_log_backend_serial.o(.bss)
    .bss                                     0x20002bd8   Section     1048  nrf_log_frontend.o(.bss)
    m_log_data                               0x20002bd8   Data        1048  nrf_log_frontend.o(.bss)
    STACK                                    0x20002ff0   Section     2048  arm_startup_nrf51.o(STACK)

    Global Symbols

    Symbol Name                              Value     Ov Type        Size  Object(Section)

    BuildAttributes$$THM_ISAv3M$S$PE$A:L22$X:L11$S22$IEEE1$IW$USESV6$~STKCKD$USESV7$~SHL$OSPACE$ROPI$EBA8$MICROLIB$REQ8$PRES8$EABIv2 0x00000000   Number         0  anon$$obj.o ABSOLUTE
    __ARM_use_no_argv                        0x00000000   Number         0  main.o ABSOLUTE
    _printf_a                                0x00000000   Number         0  stubs.o ABSOLUTE
    _printf_c                                0x00000000   Number         0  stubs.o ABSOLUTE
    _printf_charcount                        0x00000000   Number         0  stubs.o ABSOLUTE
    _printf_d                                0x00000000   Number         0  stubs.o ABSOLUTE
    _printf_e                                0x00000000   Number         0  stubs.o ABSOLUTE
    _printf_f                                0x00000000   Number         0  stubs.o ABSOLUTE
    _printf_flags                            0x00000000   Number         0  stubs.o ABSOLUTE
    _printf_fp_dec                           0x00000000   Number         0  stubs.o ABSOLUTE
    _printf_fp_hex                           0x00000000   Number         0  stubs.o ABSOLUTE
    _printf_g                                0x00000000   Number         0  stubs.o ABSOLUTE
    _printf_i                                0x00000000   Number         0  stubs.o ABSOLUTE
    _printf_int_dec                          0x00000000   Number         0  stubs.o ABSOLUTE
    _printf_l                                0x00000000   Number         0  stubs.o ABSOLUTE
    _printf_lc                               0x00000000   Number         0  stubs.o ABSOLUTE
    _printf_ll                               0x00000000   Number         0  stubs.o ABSOLUTE
    _printf_lld                              0x00000000   Number         0  stubs.o ABSOLUTE
    _printf_lli                              0x00000000   Number         0  stubs.o ABSOLUTE
    _printf_llo                              0x00000000   Number         0  stubs.o ABSOLUTE
    _printf_llu                              0x00000000   Number         0  stubs.o ABSOLUTE
    _printf_llx                              0x00000000   Number         0  stubs.o ABSOLUTE
    _printf_longlong_dec                     0x00000000   Number         0  stubs.o ABSOLUTE
    _printf_longlong_hex                     0x00000000   Number         0  stubs.o ABSOLUTE
    _printf_longlong_oct                     0x00000000   Number         0  stubs.o ABSOLUTE
    _printf_ls                               0x00000000   Number         0  stubs.o ABSOLUTE
    _printf_mbtowc                           0x00000000   Number         0  stubs.o ABSOLUTE
    _printf_n                                0x00000000   Number         0  stubs.o ABSOLUTE
    _printf_o                                0x00000000   Number         0  stubs.o ABSOLUTE
    _printf_p                                0x00000000   Number         0  stubs.o ABSOLUTE
    _printf_percent                          0x00000000   Number         0  stubs.o ABSOLUTE
    _printf_pre_padding                      0x00000000   Number         0  stubs.o ABSOLUTE
    _printf_return_value                     0x00000000   Number         0  stubs.o ABSOLUTE
    _printf_s                                0x00000000   Number         0  stubs.o ABSOLUTE
    _printf_sizespec                         0x00000000   Number         0  stubs.o ABSOLUTE
    _printf_str                              0x00000000   Number         0  stubs.o ABSOLUTE
    _printf_truncate_signed                  0x00000000   Number         0  stubs.o ABSOLUTE
    _printf_truncate_unsigned                0x00000000   Number         0  stubs.o ABSOLUTE
    _printf_u                                0x00000000   Number         0  stubs.o ABSOLUTE
    _printf_wc                               0x00000000   Number         0  stubs.o ABSOLUTE
    _printf_wctomb                           0x00000000   Number         0  stubs.o ABSOLUTE
    _printf_widthprec                        0x00000000   Number         0  stubs.o ABSOLUTE
    _printf_x                                0x00000000   Number         0  stubs.o ABSOLUTE
    __cpp_initialize__aeabi_                  - Undefined Weak Reference
    __cxa_finalize                            - Undefined Weak Reference
    _clock_init                               - Undefined Weak Reference
    _microlib_exit                            - Undefined Weak Reference
    __Vectors_Size                           0x000000c0   Number         0  arm_startup_nrf51.o ABSOLUTE
    __Vectors                                0x0001b000   Data           4  arm_startup_nrf51.o(RESET)
    __Vectors_End                            0x0001b0c0   Data           0  arm_startup_nrf51.o(RESET)
    __main                                   0x0001b0c1   Thumb Code     0  entry.o(.ARM.Collect$$$$00000000)
    _main_stk                                0x0001b0c1   Thumb Code     0  entry2.o(.ARM.Collect$$$$00000001)
    _main_scatterload                        0x0001b0c5   Thumb Code     0  entry5.o(.ARM.Collect$$$$00000004)
    __main_after_scatterload                 0x0001b0c9   Thumb Code     0  entry5.o(.ARM.Collect$$$$00000004)
    _main_clock                              0x0001b0c9   Thumb Code     0  entry7b.o(.ARM.Collect$$$$00000008)
    _main_cpp_init                           0x0001b0c9   Thumb Code     0  entry8b.o(.ARM.Collect$$$$0000000A)
    _main_init                               0x0001b0c9   Thumb Code     0  entry9a.o(.ARM.Collect$$$$0000000B)
    __rt_final_cpp                           0x0001b0d1   Thumb Code     0  entry10a.o(.ARM.Collect$$$$0000000D)
    __rt_final_exit                          0x0001b0d1   Thumb Code     0  entry11a.o(.ARM.Collect$$$$0000000F)
    Reset_Handler                            0x0001b0d5   Thumb Code    26  arm_startup_nrf51.o(.text)
    NMI_Handler                              0x0001b0ef   Thumb Code     2  arm_startup_nrf51.o(.text)
    HardFault_Handler                        0x0001b0f1   Thumb Code     2  arm_startup_nrf51.o(.text)
    SVC_Handler                              0x0001b0f3   Thumb Code     2  arm_startup_nrf51.o(.text)
    PendSV_Handler                           0x0001b0f5   Thumb Code     2  arm_startup_nrf51.o(.text)
    SysTick_Handler                          0x0001b0f7   Thumb Code     2  arm_startup_nrf51.o(.text)
    ADC_IRQHandler                           0x0001b0f9   Thumb Code     0  arm_startup_nrf51.o(.text)
    CCM_AAR_IRQHandler                       0x0001b0f9   Thumb Code     0  arm_startup_nrf51.o(.text)
    ECB_IRQHandler                           0x0001b0f9   Thumb Code     0  arm_startup_nrf51.o(.text)
    LPCOMP_IRQHandler                        0x0001b0f9   Thumb Code     0  arm_startup_nrf51.o(.text)
    QDEC_IRQHandler                          0x0001b0f9   Thumb Code     0  arm_startup_nrf51.o(.text)
    RADIO_IRQHandler                         0x0001b0f9   Thumb Code     0  arm_startup_nrf51.o(.text)
    RNG_IRQHandler                           0x0001b0f9   Thumb Code     0  arm_startup_nrf51.o(.text)
    RTC0_IRQHandler                          0x0001b0f9   Thumb Code     0  arm_startup_nrf51.o(.text)
    SPI0_TWI0_IRQHandler                     0x0001b0f9   Thumb Code     0  arm_startup_nrf51.o(.text)
    SPI1_TWI1_IRQHandler                     0x0001b0f9   Thumb Code     0  arm_startup_nrf51.o(.text)
    SWI1_IRQHandler                          0x0001b0f9   Thumb Code     0  arm_startup_nrf51.o(.text)
    SWI3_IRQHandler                          0x0001b0f9   Thumb Code     0  arm_startup_nrf51.o(.text)
    SWI4_IRQHandler                          0x0001b0f9   Thumb Code     0  arm_startup_nrf51.o(.text)
    SWI5_IRQHandler                          0x0001b0f9   Thumb Code     0  arm_startup_nrf51.o(.text)
    TEMP_IRQHandler                          0x0001b0f9   Thumb Code     0  arm_startup_nrf51.o(.text)
    TIMER0_IRQHandler                        0x0001b0f9   Thumb Code     0  arm_startup_nrf51.o(.text)
    TIMER1_IRQHandler                        0x0001b0f9   Thumb Code     0  arm_startup_nrf51.o(.text)
    TIMER2_IRQHandler                        0x0001b0f9   Thumb Code     0  arm_startup_nrf51.o(.text)
    WDT_IRQHandler                           0x0001b0f9   Thumb Code     0  arm_startup_nrf51.o(.text)
    __aeabi_uidiv                            0x0001b10d   Thumb Code     0  uidiv.o(.text)
    __aeabi_uidivmod                         0x0001b10d   Thumb Code    44  uidiv.o(.text)
    __rt_ctype_table                         0x0001b139   Thumb Code     4  ctype_o.o(.text)
    __aeabi_memcpy                           0x0001b141   Thumb Code    36  memcpya.o(.text)
    __aeabi_memcpy4                          0x0001b141   Thumb Code     0  memcpya.o(.text)
    __aeabi_memcpy8                          0x0001b141   Thumb Code     0  memcpya.o(.text)
    __aeabi_memset                           0x0001b165   Thumb Code    14  memseta.o(.text)
    __aeabi_memset4                          0x0001b165   Thumb Code     0  memseta.o(.text)
    __aeabi_memset8                          0x0001b165   Thumb Code     0  memseta.o(.text)
    __aeabi_memclr                           0x0001b173   Thumb Code     4  memseta.o(.text)
    __aeabi_memclr4                          0x0001b173   Thumb Code     0  memseta.o(.text)
    __aeabi_memclr8                          0x0001b173   Thumb Code     0  memseta.o(.text)
    _memset$wrapper                          0x0001b177   Thumb Code    18  memseta.o(.text)
    strlen                                   0x0001b189   Thumb Code    14  strlen.o(.text)
    memcmp                                   0x0001b197   Thumb Code    26  memcmp.o(.text)
    __aeabi_uldivmod                         0x0001b1b1   Thumb Code    96  uldiv.o(.text)
    __scatterload                            0x0001b211   Thumb Code    28  init.o(.text)
    __scatterload_rt2                        0x0001b211   Thumb Code     0  init.o(.text)
    __aeabi_llsl                             0x0001b235   Thumb Code    32  llshl.o(.text)
    _ll_shift_l                              0x0001b235   Thumb Code     0  llshl.o(.text)
    __aeabi_llsr                             0x0001b255   Thumb Code    34  llushr.o(.text)
    _ll_ushift_r                             0x0001b255   Thumb Code     0  llushr.o(.text)
    __decompress                             0x0001b277   Thumb Code     0  __dczerorl2.o(.text)
    __decompress1                            0x0001b277   Thumb Code    86  __dczerorl2.o(.text)
    GPIOTE_IRQHandler                        0x0001b2cd   Thumb Code   364  nrf_drv_gpiote.o(i.GPIOTE_IRQHandler)
    POWER_CLOCK_IRQHandler                   0x0001b489   Thumb Code    70  nrf_drv_clock.o(i.POWER_CLOCK_IRQHandler)
    RTC1_IRQHandler                          0x0001b4dd   Thumb Code    28  app_timer.o(i.RTC1_IRQHandler)
    SWI0_IRQHandler                          0x0001b4fd   Thumb Code     8  app_timer.o(i.SWI0_IRQHandler)
    SWI2_IRQHandler                          0x0001b505   Thumb Code    28  softdevice_handler.o(i.SWI2_IRQHandler)
    SystemInit                               0x0001b525   Thumb Code   130  system_nrf51.o(i.SystemInit)
    UART0_IRQHandler                         0x0001b5c5   Thumb Code    12  nrf_drv_uart.o(i.UART0_IRQHandler)
    __0snprintf$8                            0x0001b5d9   Thumb Code    46  printf8.o(i.__0snprintf$8)
    __1snprintf$8                            0x0001b5d9   Thumb Code     0  printf8.o(i.__0snprintf$8)
    __2snprintf                              0x0001b5d9   Thumb Code     0  printf8.o(i.__0snprintf$8)
    __ARM_common_switch8                     0x0001b60d   Thumb Code    26  main.o(i.__ARM_common_switch8)
    __scatterload_copy                       0x0001b627   Thumb Code    14  handlers.o(i.__scatterload_copy)
    __scatterload_null                       0x0001b635   Thumb Code     2  handlers.o(i.__scatterload_null)
    __scatterload_zeroinit                   0x0001b637   Thumb Code    14  handlers.o(i.__scatterload_zeroinit)
    addr_compare                             0x0001baeb   Thumb Code    40  id_manager.o(i.addr_compare)
    adv_data_encode                          0x0001bb13   Thumb Code   398  ble_advdata.o(i.adv_data_encode)
    ah                                       0x0001bd45   Thumb Code    78  id_manager.o(i.ah)
    app_button_enable                        0x0001bd9d   Thumb Code    32  app_button.o(i.app_button_enable)
    app_button_init                          0x0001bdc1   Thumb Code   100  app_button.o(i.app_button_init)
    app_error_fault_handler                  0x0001be35   Thumb Code    38  app_error_weak.o(i.app_error_fault_handler)
    app_error_handler_bare                   0x0001be7d   Thumb Code    20  app_error.o(i.app_error_handler_bare)
    app_timer_create                         0x0001be95   Thumb Code    40  app_timer.o(i.app_timer_create)
    app_timer_init                           0x0001bec1   Thumb Code    98  app_timer.o(i.app_timer_init)
    app_timer_start                          0x0001bf35   Thumb Code   128  app_timer.o(i.app_timer_start)
    app_timer_stop                           0x0001bfbd   Thumb Code    36  app_timer.o(i.app_timer_stop)
    app_util_critical_region_enter           0x0001bfe5   Thumb Code    48  app_util_platform.o(i.app_util_critical_region_enter)
    app_util_critical_region_exit            0x0001c021   Thumb Code    36  app_util_platform.o(i.app_util_critical_region_exit)
    ble_advdata_set                          0x0001c171   Thumb Code   104  ble_advdata.o(i.ble_advdata_set)
    ble_advertising_init                     0x0001c1d9   Thumb Code   340  ble_advertising.o(i.ble_advertising_init)
    ble_advertising_on_ble_evt               0x0001c335   Thumb Code    82  ble_advertising.o(i.ble_advertising_on_ble_evt)
    ble_advertising_on_sys_evt               0x0001c38d   Thumb Code    42  ble_advertising.o(i.ble_advertising_on_sys_evt)
    ble_advertising_restart_without_whitelist 0x0001c3bd   Thumb Code    50  ble_advertising.o(i.ble_advertising_restart_without_whitelist)
    ble_advertising_start                    0x0001c3f9   Thumb Code   256  ble_advertising.o(i.ble_advertising_start)
    ble_conn_params_init                     0x0001c501   Thumb Code    68  ble_conn_params.o(i.ble_conn_params_init)
    ble_conn_params_on_ble_evt               0x0001c555   Thumb Code   130  ble_conn_params.o(i.ble_conn_params_on_ble_evt)
    ble_conn_state_conn_handles              0x0001c5e5   Thumb Code    14  ble_conn_state.o(i.ble_conn_state_conn_handles)
    ble_conn_state_encrypted                 0x0001c5f9   Thumb Code    16  ble_conn_state.o(i.ble_conn_state_encrypted)
    ble_conn_state_mitm_protected            0x0001c60d   Thumb Code    16  ble_conn_state.o(i.ble_conn_state_mitm_protected)
    ble_conn_state_on_ble_evt                0x0001c621   Thumb Code   238  ble_conn_state.o(i.ble_conn_state_on_ble_evt)
    ble_conn_state_role                      0x0001c719   Thumb Code    46  ble_conn_state.o(i.ble_conn_state_role)
    ble_conn_state_user_flag_acquire         0x0001c74d   Thumb Code    42  ble_conn_state.o(i.ble_conn_state_user_flag_acquire)
    ble_conn_state_user_flag_collection      0x0001c77d   Thumb Code    20  ble_conn_state.o(i.ble_conn_state_user_flag_collection)
    ble_conn_state_user_flag_get             0x0001c795   Thumb Code    32  ble_conn_state.o(i.ble_conn_state_user_flag_get)
    ble_conn_state_user_flag_set             0x0001c7b9   Thumb Code    36  ble_conn_state.o(i.ble_conn_state_user_flag_set)
    ble_srv_is_notification_enabled          0x0001c867   Thumb Code    14  ble_srv_common.o(i.ble_srv_is_notification_enabled)
    bsp_board_button_idx_to_pin              0x0001c8e5   Thumb Code     6  boards.o(i.bsp_board_button_idx_to_pin)
    bsp_board_button_state_get               0x0001c8f1   Thumb Code    24  boards.o(i.bsp_board_button_state_get)
    bsp_board_led_invert                     0x0001c911   Thumb Code    24  boards.o(i.bsp_board_led_invert)
    bsp_board_led_off                        0x0001c931   Thumb Code    14  boards.o(i.bsp_board_led_off)
    bsp_board_led_on                         0x0001c945   Thumb Code    14  boards.o(i.bsp_board_led_on)
    bsp_board_led_state_get                  0x0001c959   Thumb Code    24  boards.o(i.bsp_board_led_state_get)
    bsp_board_leds_init                      0x0001c979   Thumb Code    36  boards.o(i.bsp_board_leds_init)
    bsp_board_leds_off                       0x0001c9a1   Thumb Code    18  boards.o(i.bsp_board_leds_off)
    bsp_board_leds_on                        0x0001c9b3   Thumb Code    18  boards.o(i.bsp_board_leds_on)
    bsp_board_pin_to_button_idx              0x0001c9c5   Thumb Code    30  boards.o(i.bsp_board_pin_to_button_idx)
    bsp_btn_ble_init                         0x0001c9e9   Thumb Code    58  bsp_btn_ble.o(i.bsp_btn_ble_init)
    bsp_btn_ble_on_ble_evt                   0x0001ca29   Thumb Code   114  bsp_btn_ble.o(i.bsp_btn_ble_on_ble_evt)
    bsp_btn_ble_sleep_mode_prepare           0x0001caa1   Thumb Code    34  bsp_btn_ble.o(i.bsp_btn_ble_sleep_mode_prepare)
    bsp_button_is_pressed                    0x0001cb59   Thumb Code     8  bsp.o(i.bsp_button_is_pressed)
    bsp_event_to_button_action_assign        0x0001cba5   Thumb Code    66  bsp.o(i.bsp_event_to_button_action_assign)
    bsp_indication_set                       0x0001cbed   Thumb Code    22  bsp.o(i.bsp_indication_set)
    bsp_init                                 0x0001cc09   Thumb Code   132  bsp.o(i.bsp_init)
    bsp_wakeup_button_enable                 0x0001ce21   Thumb Code    16  bsp.o(i.bsp_wakeup_button_enable)
    buffer_is_empty                          0x0001ceb5   Thumb Code    16  nrf_log_frontend.o(i.buffer_is_empty)
    chunk_queue_next                         0x0001cf69   Thumb Code    20  fds.o(i.chunk_queue_next)
    fds_file_delete                          0x0001d54d   Thumb Code    66  fds.o(i.fds_file_delete)
    fds_gc                                   0x0001d599   Thumb Code    62  fds.o(i.fds_gc)
    fds_init                                 0x0001d5e1   Thumb Code   134  fds.o(i.fds_init)
    fds_record_close                         0x0001d66d   Thumb Code    60  fds.o(i.fds_record_close)
    fds_record_find                          0x0001d6ad   Thumb Code    14  fds.o(i.fds_record_find)
    fds_record_find_by_key                   0x0001d6bb   Thumb Code    16  fds.o(i.fds_record_find_by_key)
    fds_record_find_in_file                  0x0001d6cb   Thumb Code    16  fds.o(i.fds_record_find_in_file)
    fds_record_id_from_desc                  0x0001d6db   Thumb Code    20  fds.o(i.fds_record_id_from_desc)
    fds_record_open                          0x0001d6f1   Thumb Code    64  fds.o(i.fds_record_open)
    fds_record_update                        0x0001d735   Thumb Code    20  fds.o(i.fds_record_update)
    fds_record_write                         0x0001d749   Thumb Code    12  fds.o(i.fds_record_write)
    fds_record_write_reserved                0x0001d755   Thumb Code    18  fds.o(i.fds_record_write_reserved)
    fds_register                             0x0001d769   Thumb Code    28  fds.o(i.fds_register)
    fds_reserve                              0x0001d78d   Thumb Code    48  fds.o(i.fds_reserve)
    fds_reserve_cancel                       0x0001d7c1   Thumb Code    62  fds.o(i.fds_reserve_cancel)
    fs_erase                                 0x0001d8cd   Thumb Code   118  fstorage.o(i.fs_erase)
    fs_init                                  0x0001d955   Thumb Code   154  fstorage.o(i.fs_init)
    fs_queued_op_count_get                   0x0001da01   Thumb Code    18  fstorage.o(i.fs_queued_op_count_get)
    fs_store                                 0x0001da19   Thumb Code   128  fstorage.o(i.fs_store)
    fs_sys_event_handler                     0x0001da9d   Thumb Code    94  fstorage.o(i.fs_sys_event_handler)
    gcm_ble_evt_handler                      0x0001dcd9   Thumb Code   232  gatt_cache_manager.o(i.gcm_ble_evt_handler)
    gcm_gscm_evt_handler                     0x0001ddc9   Thumb Code    96  gatt_cache_manager.o(i.gcm_gscm_evt_handler)
    gcm_im_evt_handler                       0x0001de31   Thumb Code    40  gatt_cache_manager.o(i.gcm_im_evt_handler)
    gcm_init                                 0x0001de5d   Thumb Code    66  gatt_cache_manager.o(i.gcm_init)
    gcm_local_database_has_changed           0x0001dea5   Thumb Code    66  gatt_cache_manager.o(i.gcm_local_database_has_changed)
    gcm_smd_evt_handler                      0x0001def1   Thumb Code    16  gatt_cache_manager.o(i.gcm_smd_evt_handler)
    get_connection_by_conn_handle            0x0001df01   Thumb Code    48  id_manager.o(i.get_connection_by_conn_handle)
    get_free_connection                      0x0001df39   Thumb Code    40  id_manager.o(i.get_free_connection)
    gscm_db_change_notification_done         0x0001dfb9   Thumb Code    22  gatts_cache_manager.o(i.gscm_db_change_notification_done)
    gscm_init                                0x0001dfd5   Thumb Code    16  gatts_cache_manager.o(i.gscm_init)
    gscm_local_database_has_changed          0x0001dfe9   Thumb Code    18  gatts_cache_manager.o(i.gscm_local_database_has_changed)
    gscm_local_db_cache_apply                0x0001e005   Thumb Code   104  gatts_cache_manager.o(i.gscm_local_db_cache_apply)
    gscm_local_db_cache_update               0x0001e071   Thumb Code   124  gatts_cache_manager.o(i.gscm_local_db_cache_update)
    gscm_pdb_evt_handler                     0x0001e0f5   Thumb Code    68  gatts_cache_manager.o(i.gscm_pdb_evt_handler)
    gscm_service_changed_ind_needed          0x0001e141   Thumb Code    28  gatts_cache_manager.o(i.gscm_service_changed_ind_needed)
    gscm_service_changed_ind_send            0x0001e15d   Thumb Code    32  gatts_cache_manager.o(i.gscm_service_changed_ind_send)
    im_address_resolve                       0x0001e1a5   Thumb Code    64  id_manager.o(i.im_address_resolve)
    im_ble_addr_get                          0x0001e1e5   Thumb Code    38  id_manager.o(i.im_ble_addr_get)
    im_ble_evt_handler                       0x0001e211   Thumb Code   162  id_manager.o(i.im_ble_evt_handler)
    im_conn_handle_get                       0x0001e2b9   Thumb Code    34  id_manager.o(i.im_conn_handle_get)
    im_init                                  0x0001e2e5   Thumb Code    60  id_manager.o(i.im_init)
    im_is_duplicate_bonding_data             0x0001e32d   Thumb Code    56  id_manager.o(i.im_is_duplicate_bonding_data)
    im_master_id_is_valid                    0x0001e365   Thumb Code    28  id_manager.o(i.im_master_id_is_valid)
    im_master_ids_compare                    0x0001e381   Thumb Code    44  id_manager.o(i.im_master_ids_compare)
    im_new_peer_id                           0x0001e3ad   Thumb Code     8  id_manager.o(i.im_new_peer_id)
    im_pdb_evt_handler                       0x0001e3b5   Thumb Code   110  id_manager.o(i.im_pdb_evt_handler)
    im_peer_free                             0x0001e425   Thumb Code    38  id_manager.o(i.im_peer_free)
    im_peer_id_get_by_conn_handle            0x0001e451   Thumb Code    24  id_manager.o(i.im_peer_id_get_by_conn_handle)
    im_peer_id_get_by_master_id              0x0001e471   Thumb Code    62  id_manager.o(i.im_peer_id_get_by_master_id)
    intern_softdevice_events_execute         0x0001e575   Thumb Code   122  softdevice_handler.o(i.intern_softdevice_events_execute)
    is_valid_irk                             0x0001e659   Thumb Code    22  id_manager.o(i.is_valid_irk)
    main                                     0x0001ec2d   Thumb Code   344  main.o(i.main)
    new_connection                           0x0001ef15   Thumb Code    80  id_manager.o(i.new_connection)
    next_id_get                              0x0001ef71   Thumb Code    48  peer_id.o(i.next_id_get)
    nrf_drv_clock_init                       0x0001eff5   Thumb Code    60  nrf_drv_clock.o(i.nrf_drv_clock_init)
    nrf_drv_clock_on_sd_enable               0x0001f03d   Thumb Code    46  nrf_drv_clock.o(i.nrf_drv_clock_on_sd_enable)
    nrf_drv_clock_on_soc_event               0x0001f071   Thumb Code    12  nrf_drv_clock.o(i.nrf_drv_clock_on_soc_event)
    nrf_drv_common_irq_enable                0x0001f07d   Thumb Code    78  nrf_drv_common.o(i.nrf_drv_common_irq_enable)
    nrf_drv_gpiote_in_event_enable           0x0001f0dd   Thumb Code   136  nrf_drv_gpiote.o(i.nrf_drv_gpiote_in_event_enable)
    nrf_drv_gpiote_in_init                   0x0001f175   Thumb Code   154  nrf_drv_gpiote.o(i.nrf_drv_gpiote_in_init)
    nrf_drv_gpiote_in_is_set                 0x0001f21d   Thumb Code    16  nrf_drv_gpiote.o(i.nrf_drv_gpiote_in_is_set)
    nrf_drv_gpiote_init                      0x0001f231   Thumb Code    84  nrf_drv_gpiote.o(i.nrf_drv_gpiote_init)
    nrf_drv_gpiote_is_init                   0x0001f28d   Thumb Code    12  nrf_drv_gpiote.o(i.nrf_drv_gpiote_is_init)
    nrf_drv_uart_init                        0x0001f29d   Thumb Code   118  nrf_drv_uart.o(i.nrf_drv_uart_init)
    nrf_drv_uart_tx                          0x0001f31d   Thumb Code    46  nrf_drv_uart.o(i.nrf_drv_uart_tx)
    nrf_drv_uart_tx_in_progress              0x0001f3dd   Thumb Code    20  nrf_drv_uart.o(i.nrf_drv_uart_tx_in_progress)
    nrf_drv_uart_uninit                      0x0001f3f5   Thumb Code   140  nrf_drv_uart.o(i.nrf_drv_uart_uninit)
    nrf_log_backend_hexdump_handler_get      0x0001f5e5   Thumb Code     4  nrf_log_backend_serial.o(i.nrf_log_backend_hexdump_handler_get)
    nrf_log_backend_init                     0x0001f5ed   Thumb Code   102  nrf_log_backend_serial.o(i.nrf_log_backend_init)
    nrf_log_backend_std_handler_get          0x0001f89d   Thumb Code     4  nrf_log_backend_serial.o(i.nrf_log_backend_std_handler_get)
    nrf_log_blocking_backend_set             0x0001f8a5   Thumb Code    10  nrf_log_frontend.o(i.nrf_log_blocking_backend_set)
    nrf_log_frontend_dequeue                 0x0001f8b1   Thumb Code   318  nrf_log_frontend.o(i.nrf_log_frontend_dequeue)
    nrf_log_frontend_init                    0x0001f9fd   Thumb Code    20  nrf_log_frontend.o(i.nrf_log_frontend_init)
    nrf_log_frontend_std_0                   0x0001fa15   Thumb Code    68  nrf_log_frontend.o(i.nrf_log_frontend_std_0)
    nrf_log_frontend_std_1                   0x0001fa61   Thumb Code    86  nrf_log_frontend.o(i.nrf_log_frontend_std_1)
    nrf_log_frontend_std_3                   0x0001fac1   Thumb Code   114  nrf_log_frontend.o(i.nrf_log_frontend_std_3)
    nrf_log_handlers_set                     0x0001fb3d   Thumb Code     8  nrf_log_frontend.o(i.nrf_log_handlers_set)
    nrf_log_init                             0x0001fb49   Thumb Code    36  nrf_log_frontend.o(i.nrf_log_init)
    pdb_init                                 0x00020001   Thumb Code    62  peer_database.o(i.pdb_init)
    pdb_next_deleted_peer_id_get             0x0002004d   Thumb Code     8  peer_database.o(i.pdb_next_deleted_peer_id_get)
    pdb_next_peer_id_get                     0x00020055   Thumb Code     8  peer_database.o(i.pdb_next_peer_id_get)
    pdb_pds_evt_handler                      0x0002005d   Thumb Code   300  peer_database.o(i.pdb_pds_evt_handler)
    pdb_peer_allocate                        0x00020191   Thumb Code     8  peer_database.o(i.pdb_peer_allocate)
    pdb_peer_data_ptr_get                    0x00020199   Thumb Code    10  peer_database.o(i.pdb_peer_data_ptr_get)
    pdb_peer_free                            0x000201a3   Thumb Code    74  peer_database.o(i.pdb_peer_free)
    pdb_raw_store                            0x000201ed   Thumb Code    12  peer_database.o(i.pdb_raw_store)
    pdb_write_buf_get                        0x000201f9   Thumb Code   256  peer_database.o(i.pdb_write_buf_get)
    pdb_write_buf_release                    0x00020301   Thumb Code    42  peer_database.o(i.pdb_write_buf_release)
    pdb_write_buf_store                      0x0002032d   Thumb Code   190  peer_database.o(i.pdb_write_buf_store)
    pdb_write_buf_store_prepare              0x000203f5   Thumb Code    98  peer_database.o(i.pdb_write_buf_store_prepare)
    pds_init                                 0x00020469   Thumb Code   100  peer_data_storage.o(i.pds_init)
    pds_next_deleted_peer_id_get             0x000204d9   Thumb Code     8  peer_data_storage.o(i.pds_next_deleted_peer_id_get)
    pds_next_peer_id_get                     0x000204e1   Thumb Code     8  peer_data_storage.o(i.pds_next_peer_id_get)
    pds_peer_data_iterate                    0x000204e9   Thumb Code    80  peer_data_storage.o(i.pds_peer_data_iterate)
    pds_peer_data_iterate_prepare            0x0002053d   Thumb Code    10  peer_data_storage.o(i.pds_peer_data_iterate_prepare)
    pds_peer_data_read                       0x0002054d   Thumb Code   112  peer_data_storage.o(i.pds_peer_data_read)
    pds_peer_data_store                      0x000205bd   Thumb Code   170  peer_data_storage.o(i.pds_peer_data_store)
    pds_peer_id_allocate                     0x00020669   Thumb Code    10  peer_data_storage.o(i.pds_peer_id_allocate)
    pds_peer_id_free                         0x00020679   Thumb Code    22  peer_data_storage.o(i.pds_peer_id_free)
    pds_peer_id_is_allocated                 0x0002068f   Thumb Code     8  peer_data_storage.o(i.pds_peer_id_is_allocated)
    pds_space_reserve                        0x00020697   Thumb Code    48  peer_data_storage.o(i.pds_space_reserve)
    pds_space_reserve_cancel                 0x000206c7   Thumb Code    16  peer_data_storage.o(i.pds_space_reserve_cancel)
    peer_id_allocate                         0x000207c5   Thumb Code    10  peer_id.o(i.peer_id_allocate)
    peer_id_delete                           0x000207d5   Thumb Code    30  peer_id.o(i.peer_id_delete)
    peer_id_free                             0x000207fd   Thumb Code    22  peer_id.o(i.peer_id_free)
    peer_id_get_next_deleted                 0x00020819   Thumb Code    10  peer_id.o(i.peer_id_get_next_deleted)
    peer_id_get_next_used                    0x00020829   Thumb Code    42  peer_id.o(i.peer_id_get_next_used)
    peer_id_init                             0x0002085d   Thumb Code    34  peer_id.o(i.peer_id_init)
    peer_id_is_allocated                     0x00020885   Thumb Code    20  peer_id.o(i.peer_id_is_allocated)
    peer_id_is_deleted                       0x0002089d   Thumb Code    20  peer_id.o(i.peer_id_is_deleted)
    pm_buffer_block_acquire                  0x00020985   Thumb Code    94  pm_buffer.o(i.pm_buffer_block_acquire)
    pm_buffer_init                           0x000209e3   Thumb Code    66  pm_buffer.o(i.pm_buffer_init)
    pm_buffer_ptr_get                        0x00020a25   Thumb Code    46  pm_buffer.o(i.pm_buffer_ptr_get)
    pm_buffer_release                        0x00020a53   Thumb Code    42  pm_buffer.o(i.pm_buffer_release)
    pm_conn_sec_config_reply                 0x00020a7d   Thumb Code     8  peer_manager.o(i.pm_conn_sec_config_reply)
    pm_gcm_evt_handler                       0x00020b39   Thumb Code   128  peer_manager.o(i.pm_gcm_evt_handler)
    pm_im_evt_handler                        0x00020bb9   Thumb Code    74  peer_manager.o(i.pm_im_evt_handler)
    pm_init                                  0x00020c09   Thumb Code   108  peer_manager.o(i.pm_init)
    pm_local_database_has_changed            0x00020c79   Thumb Code    16  peer_manager.o(i.pm_local_database_has_changed)
    pm_mutex_init                            0x00020c8d   Thumb Code    16  pm_mutex.o(i.pm_mutex_init)
    pm_mutex_lock                            0x00020c9d   Thumb Code    28  pm_mutex.o(i.pm_mutex_lock)
    pm_mutex_lock_first_available            0x00020cb9   Thumb Code    52  pm_mutex.o(i.pm_mutex_lock_first_available)
    pm_mutex_lock_status_get                 0x00020ced   Thumb Code    24  pm_mutex.o(i.pm_mutex_lock_status_get)
    pm_mutex_unlock                          0x00020d05   Thumb Code    54  pm_mutex.o(i.pm_mutex_unlock)
    pm_on_ble_evt                            0x00020d3d   Thumb Code    32  peer_manager.o(i.pm_on_ble_evt)
    pm_pdb_evt_handler                       0x00020d61   Thumb Code   306  peer_manager.o(i.pm_pdb_evt_handler)
    pm_peer_delete                           0x00020e9d   Thumb Code    20  peer_manager.o(i.pm_peer_delete)
    pm_peers_delete                          0x00020eb5   Thumb Code    52  peer_manager.o(i.pm_peers_delete)
    pm_register                              0x00020ef1   Thumb Code    38  peer_manager.o(i.pm_register)
    pm_sec_params_set                        0x00020f21   Thumb Code    20  peer_manager.o(i.pm_sec_params_set)
    pm_sm_evt_handler                        0x00020f39   Thumb Code   324  peer_manager.o(i.pm_sm_evt_handler)
    sdk_mapped_flags_bulk_update_by_key      0x00021589   Thumb Code    70  sdk_mapped_flags.o(i.sdk_mapped_flags_bulk_update_by_key)
    sdk_mapped_flags_first_key_index_get     0x000215d1   Thumb Code    34  sdk_mapped_flags.o(i.sdk_mapped_flags_first_key_index_get)
    sdk_mapped_flags_get_by_key              0x00021609   Thumb Code    38  sdk_mapped_flags.o(i.sdk_mapped_flags_get_by_key)
    sdk_mapped_flags_key_list_get            0x0002162f   Thumb Code    70  sdk_mapped_flags.o(i.sdk_mapped_flags_key_list_get)
    sdk_mapped_flags_update_by_key           0x00021675   Thumb Code    14  sdk_mapped_flags.o(i.sdk_mapped_flags_update_by_key)
    sm_ble_evt_handler                       0x00021b35   Thumb Code    16  security_manager.o(i.sm_ble_evt_handler)
    sm_conn_sec_config_reply                 0x00021b49   Thumb Code    24  security_manager.o(i.sm_conn_sec_config_reply)
    sm_init                                  0x00021b65   Thumb Code    76  security_manager.o(i.sm_init)
    sm_pdb_evt_handler                       0x00021bb5   Thumb Code    48  security_manager.o(i.sm_pdb_evt_handler)
    sm_sec_params_set                        0x00021be9   Thumb Code    44  security_manager.o(i.sm_sec_params_set)
    sm_smd_evt_handler                       0x00021c19   Thumb Code   118  security_manager.o(i.sm_smd_evt_handler)
    smd_ble_evt_handler                      0x00021c95   Thumb Code   214  security_dispatcher.o(i.smd_ble_evt_handler)
    smd_init                                 0x00021d79   Thumb Code    56  security_dispatcher.o(i.smd_init)
    smd_link_secure                          0x00021db5   Thumb Code    44  security_dispatcher.o(i.smd_link_secure)
    smd_params_reply                         0x00021de5   Thumb Code   260  security_dispatcher.o(i.smd_params_reply)
    smd_pdb_evt_handler                      0x00021f7d   Thumb Code    46  security_dispatcher.o(i.smd_pdb_evt_handler)
    softdevice_ble_evt_handler_set           0x00021fb1   Thumb Code    16  softdevice_handler.o(i.softdevice_ble_evt_handler_set)
    softdevice_enable                        0x00021fc5   Thumb Code    62  softdevice_handler.o(i.softdevice_enable)
    softdevice_enable_get_default_config     0x00022069   Thumb Code    40  softdevice_handler.o(i.softdevice_enable_get_default_config)
    softdevice_fault_handler                 0x00022091   Thumb Code     8  softdevice_handler.o(i.softdevice_fault_handler)
    softdevice_handler_init                  0x00022099   Thumb Code    74  softdevice_handler.o(i.softdevice_handler_init)
    softdevice_handler_is_enabled            0x000220f1   Thumb Code     6  softdevice_handler.o(i.softdevice_handler_is_enabled)
    softdevice_sys_evt_handler_set           0x000220fd   Thumb Code    16  softdevice_handler.o(i.softdevice_sys_evt_handler_set)
    __ctype_table                            0x00022a4c   Data         129  ctype_o.o(.constdata)
    Region$$Table$$Base                      0x00022b6c   Number         0  anon$$obj.o(Region$$Table)
    Region$$Table$$Limit                     0x00022b8c   Number         0  anon$$obj.o(Region$$Table)
    Image$$RW_IRAM1$$Base                    0x20001fe8   Number         0  anon$$obj.o ABSOLUTE
    nrf_nvic_state                           0x200020ec   Data           8  app_util_platform.o(.data)
    SystemCoreClock                          0x20002134   Data           4  system_nrf51.o(.data)
    fs_data$$Base                            0x20002138   Number         0  fds.o(fs_data)
    fs_data$$Limit                           0x20002148   Number         0  fds.o(fs_data)
    __initial_sp                             0x200037f0   Data           0  arm_startup_nrf51.o(STACK)



==============================================================================

Memory Map of the image

  Image Entry point : 0x0001b0c1

  Load Region LR_IROM1 (Base: 0x0001b000, Size: 0x00007cec, Max: 0x00025000, ABSOLUTE, COMPRESSED[0x00007bc4])

    Execution Region ER_IROM1 (Base: 0x0001b000, Size: 0x00007b8c, Max: 0x00025000, ABSOLUTE)

    Base Addr    Size         Type   Attr      Idx    E Section Name        Object

    0x0001b000   0x000000c0   Data   RO         4421    RESET               arm_startup_nrf51.o
    0x0001b0c0   0x00000000   Code   RO         4463  * .ARM.Collect$$$$00000000  mc_p.l(entry.o)
    0x0001b0c0   0x00000004   Code   RO         4769    .ARM.Collect$$$$00000001  mc_p.l(entry2.o)
    0x0001b0c4   0x00000004   Code   RO         4772    .ARM.Collect$$$$00000004  mc_p.l(entry5.o)
    0x0001b0c8   0x00000000   Code   RO         4774    .ARM.Collect$$$$00000008  mc_p.l(entry7b.o)
    0x0001b0c8   0x00000000   Code   RO         4776    .ARM.Collect$$$$0000000A  mc_p.l(entry8b.o)
    0x0001b0c8   0x00000008   Code   RO         4777    .ARM.Collect$$$$0000000B  mc_p.l(entry9a.o)
    0x0001b0d0   0x00000000   Code   RO         4779    .ARM.Collect$$$$0000000D  mc_p.l(entry10a.o)
    0x0001b0d0   0x00000000   Code   RO         4781    .ARM.Collect$$$$0000000F  mc_p.l(entry11a.o)
    0x0001b0d0   0x00000004   Code   RO         4770    .ARM.Collect$$$$00002712  mc_p.l(entry2.o)
    0x0001b0d4   0x00000038   Code   RO         4422    .text               arm_startup_nrf51.o
    0x0001b10c   0x0000002c   Code   RO         4466    .text               mc_p.l(uidiv.o)
    0x0001b138   0x00000008   Code   RO         4468    .text               mc_p.l(ctype_o.o)
    0x0001b140   0x00000024   Code   RO         4496    .text               mc_p.l(memcpya.o)
    0x0001b164   0x00000024   Code   RO         4498    .text               mc_p.l(memseta.o)
    0x0001b188   0x0000000e   Code   RO         4500    .text               mc_p.l(strlen.o)
    0x0001b196   0x0000001a   Code   RO         4502    .text               mc_p.l(memcmp.o)
    0x0001b1b0   0x00000060   Code   RO         4786    .text               mc_p.l(uldiv.o)
    0x0001b210   0x00000024   Code   RO         4799    .text               mc_p.l(init.o)
    0x0001b234   0x00000020   Code   RO         4802    .text               mc_p.l(llshl.o)
    0x0001b254   0x00000022   Code   RO         4804    .text               mc_p.l(llushr.o)
    0x0001b276   0x00000056   Code   RO         4821    .text               mc_p.l(__dczerorl2.o)
    0x0001b2cc   0x00000178   Code   RO         2636    i.GPIOTE_IRQHandler  nrf_drv_gpiote.o
    0x0001b444   0x00000044   Code   RO         3147    i.NVIC_SetPriority  app_timer.o
    0x0001b488   0x00000054   Code   RO         2433    i.POWER_CLOCK_IRQHandler  nrf_drv_clock.o
    0x0001b4dc   0x00000020   Code   RO         3148    i.RTC1_IRQHandler   app_timer.o
    0x0001b4fc   0x00000008   Code   RO         3149    i.SWI0_IRQHandler   app_timer.o
    0x0001b504   0x00000020   Code   RO         4282    i.SWI2_IRQHandler   softdevice_handler.o
    0x0001b524   0x000000a0   Code   RO         4429    i.SystemInit        system_nrf51.o
    0x0001b5c4   0x00000014   Code   RO         2851    i.UART0_IRQHandler  nrf_drv_uart.o
    0x0001b5d8   0x00000034   Code   RO         4716    i.__0snprintf$8     mc_p.l(printf8.o)
    0x0001b60c   0x0000001a   Code   RO           85    i.__ARM_common_switch8  main.o
    0x0001b626   0x0000000e   Code   RO         4815    i.__scatterload_copy  mc_p.l(handlers.o)
    0x0001b634   0x00000002   Code   RO         4816    i.__scatterload_null  mc_p.l(handlers.o)
    0x0001b636   0x0000000e   Code   RO         4817    i.__scatterload_zeroinit  mc_p.l(handlers.o)
    0x0001b644   0x0000001c   Code   RO         4283    i.__sd_nvic_app_accessible_irq  softdevice_handler.o
    0x0001b660   0x00000428   Code   RO         4722    i._printf_core      mc_p.l(printf8.o)
    0x0001ba88   0x00000020   Code   RO         4723    i._printf_post_padding  mc_p.l(printf8.o)
    0x0001baa8   0x0000002c   Code   RO         4724    i._printf_pre_padding  mc_p.l(printf8.o)
    0x0001bad4   0x00000016   Code   RO         4725    i._snputc           mc_p.l(printf8.o)
    0x0001baea   0x00000028   Code   RO         1227    i.addr_compare      id_manager.o
    0x0001bb12   0x0000018e   Code   RO          624    i.adv_data_encode   ble_advdata.o
    0x0001bca0   0x00000068   Code   RO          700    i.adv_mode_next_avail_get  ble_advertising.o
    0x0001bd08   0x0000003c   Code   RO          550    i.advertising_buttons_configure  bsp_btn_ble.o
    0x0001bd44   0x0000004e   Code   RO         1229    i.ah                id_manager.o
    0x0001bd92   0x0000000a   Code   RO          439    i.alert_timer_handler  bsp.o
    0x0001bd9c   0x00000024   Code   RO         3028    i.app_button_enable  app_button.o
    0x0001bdc0   0x00000074   Code   RO         3029    i.app_button_init   app_button.o
    0x0001be34   0x00000048   Code   RO         3124    i.app_error_fault_handler  app_error_weak.o
    0x0001be7c   0x00000018   Code   RO         3086    i.app_error_handler_bare  app_error.o
    0x0001be94   0x0000002c   Code   RO         3152    i.app_timer_create  app_timer.o
    0x0001bec0   0x00000074   Code   RO         3153    i.app_timer_init    app_timer.o
    0x0001bf34   0x00000088   Code   RO         3154    i.app_timer_start   app_timer.o
    0x0001bfbc   0x00000028   Code   RO         3155    i.app_timer_stop    app_timer.o
    0x0001bfe4   0x0000003c   Code   RO         3292    i.app_util_critical_region_enter  app_util_platform.o
    0x0001c020   0x0000002c   Code   RO         3293    i.app_util_critical_region_exit  app_util_platform.o
    0x0001c04c   0x00000084   Code   RO         2852    i.apply_config      nrf_drv_uart.o
    0x0001c0d0   0x000000a0   Code   RO         2200    i.auth_status_success_process  security_dispatcher.o
    0x0001c170   0x00000068   Code   RO          625    i.ble_advdata_set   ble_advdata.o
    0x0001c1d8   0x0000015c   Code   RO          701    i.ble_advertising_init  ble_advertising.o
    0x0001c334   0x00000058   Code   RO          702    i.ble_advertising_on_ble_evt  ble_advertising.o
    0x0001c38c   0x00000030   Code   RO          703    i.ble_advertising_on_sys_evt  ble_advertising.o
    0x0001c3bc   0x0000003c   Code   RO          705    i.ble_advertising_restart_without_whitelist  ble_advertising.o
    0x0001c3f8   0x00000108   Code   RO          708    i.ble_advertising_start  ble_advertising.o
    0x0001c500   0x00000054   Code   RO          797    i.ble_conn_params_init  ble_conn_params.o
    0x0001c554   0x00000090   Code   RO          798    i.ble_conn_params_on_ble_evt  ble_conn_params.o
    0x0001c5e4   0x00000014   Code   RO          863    i.ble_conn_state_conn_handles  ble_conn_state.o
    0x0001c5f8   0x00000014   Code   RO          864    i.ble_conn_state_encrypted  ble_conn_state.o
    0x0001c60c   0x00000014   Code   RO          866    i.ble_conn_state_mitm_protected  ble_conn_state.o
    0x0001c620   0x000000f8   Code   RO          870    i.ble_conn_state_on_ble_evt  ble_conn_state.o
    0x0001c718   0x00000034   Code   RO          872    i.ble_conn_state_role  ble_conn_state.o
    0x0001c74c   0x00000030   Code   RO          874    i.ble_conn_state_user_flag_acquire  ble_conn_state.o
    0x0001c77c   0x00000018   Code   RO          875    i.ble_conn_state_user_flag_collection  ble_conn_state.o
    0x0001c794   0x00000024   Code   RO          876    i.ble_conn_state_user_flag_get  ble_conn_state.o
    0x0001c7b8   0x00000028   Code   RO          877    i.ble_conn_state_user_flag_set  ble_conn_state.o
    0x0001c7e0   0x0000005e   Code   RO          626    i.ble_device_addr_encode  ble_advdata.o
    0x0001c83e   0x00000028   Code   RO            4    i.ble_evt_dispatch  main.o
    0x0001c866   0x0000000e   Code   RO          992    i.ble_srv_is_notification_enabled  ble_srv_common.o
    0x0001c874   0x00000070   Code   RO            5    i.ble_stack_init    main.o
    0x0001c8e4   0x0000000c   Code   RO          327    i.bsp_board_button_idx_to_pin  boards.o
    0x0001c8f0   0x00000020   Code   RO          328    i.bsp_board_button_state_get  boards.o
    0x0001c910   0x00000020   Code   RO          331    i.bsp_board_led_invert  boards.o
    0x0001c930   0x00000014   Code   RO          332    i.bsp_board_led_off  boards.o
    0x0001c944   0x00000014   Code   RO          333    i.bsp_board_led_on  boards.o
    0x0001c958   0x00000020   Code   RO          334    i.bsp_board_led_state_get  boards.o
    0x0001c978   0x00000028   Code   RO          335    i.bsp_board_leds_init  boards.o
    0x0001c9a0   0x00000012   Code   RO          336    i.bsp_board_leds_off  boards.o
    0x0001c9b2   0x00000012   Code   RO          337    i.bsp_board_leds_on  boards.o
    0x0001c9c4   0x00000024   Code   RO          338    i.bsp_board_pin_to_button_idx  boards.o
    0x0001c9e8   0x00000040   Code   RO          551    i.bsp_btn_ble_init  bsp_btn_ble.o
    0x0001ca28   0x00000078   Code   RO          552    i.bsp_btn_ble_on_ble_evt  bsp_btn_ble.o
    0x0001caa0   0x00000022   Code   RO          553    i.bsp_btn_ble_sleep_mode_prepare  bsp_btn_ble.o
    0x0001cac2   0x00000002   PAD
    0x0001cac4   0x00000094   Code   RO          440    i.bsp_button_event_handler  bsp.o
    0x0001cb58   0x00000008   Code   RO          441    i.bsp_button_is_pressed  bsp.o
    0x0001cb60   0x00000044   Code   RO            6    i.bsp_event_handler  main.o
    0x0001cba4   0x00000048   Code   RO          444    i.bsp_event_to_button_action_assign  bsp.o
    0x0001cbec   0x0000001c   Code   RO          445    i.bsp_indication_set  bsp.o
    0x0001cc08   0x00000098   Code   RO          446    i.bsp_init          bsp.o
    0x0001cca0   0x00000180   Code   RO          447    i.bsp_led_indication  bsp.o
    0x0001ce20   0x00000010   Code   RO          449    i.bsp_wakeup_button_enable  bsp.o
    0x0001ce30   0x00000012   Code   RO         3906    i.buf_len_update    nrf_log_backend_serial.o
    0x0001ce42   0x00000002   PAD
    0x0001ce44   0x00000070   Code   RO         4003    i.buf_prealloc      nrf_log_frontend.o
    0x0001ceb4   0x00000014   Code   RO         4004    i.buffer_is_empty   nrf_log_frontend.o
    0x0001cec8   0x0000000c   Code   RO          450    i.button_timer_handler  bsp.o
    0x0001ced4   0x0000001c   Code   RO         2637    i.channel_free      nrf_drv_gpiote.o
    0x0001cef0   0x00000048   Code   RO         2638    i.channel_port_alloc  nrf_drv_gpiote.o
    0x0001cf38   0x00000010   Code   RO         2639    i.channel_port_get  nrf_drv_gpiote.o
    0x0001cf48   0x00000020   Code   RO         3664    i.check_config      fstorage.o
    0x0001cf68   0x00000018   Code   RO         3362    i.chunk_queue_next  fds.o
    0x0001cf80   0x0000003c   Code   RO         1764    i.claim             peer_id.o
    0x0001cfbc   0x00000028   Code   RO         2434    i.clock_clk_started_notify  nrf_drv_clock.o
    0x0001cfe4   0x000000a8   Code   RO         3157    i.compare_reg_update  app_timer.o
    0x0001d08c   0x00000088   Code   RO          627    i.conn_int_encode   ble_advdata.o
    0x0001d114   0x00000008   Code   RO            7    i.conn_params_error_handler  main.o
    0x0001d11c   0x00000068   Code   RO          800    i.conn_params_negotiation  ble_conn_params.o
    0x0001d184   0x000000a4   Code   RO         3363    i.delete_execute    fds.o
    0x0001d228   0x00000060   Code   RO         3031    i.detection_delay_timeout_handler  app_button.o
    0x0001d288   0x00000040   Code   RO         3158    i.elapsed_ticks_acquire  app_timer.o
    0x0001d2c8   0x00000030   Code   RO         2201    i.encryption_failure  security_dispatcher.o
    0x0001d2f8   0x0000006a   Code   RO         3364    i.event_prepare     fds.o
    0x0001d362   0x00000002   PAD
    0x0001d364   0x00000020   Code   RO         3365    i.event_send        fds.o
    0x0001d384   0x00000032   Code   RO         2311    i.events_send_from_err_code  security_manager.o
    0x0001d3b6   0x00000002   PAD
    0x0001d3b8   0x0000000c   Code   RO         1045    i.evt_send          gatt_cache_manager.o
    0x0001d3c4   0x0000001c   Code   RO         1230    i.evt_send          id_manager.o
    0x0001d3e0   0x00000028   Code   RO         1850    i.evt_send          peer_manager.o
    0x0001d408   0x0000001c   Code   RO         2202    i.evt_send          security_dispatcher.o
    0x0001d424   0x0000000c   Code   RO         2312    i.evt_send          security_manager.o
    0x0001d430   0x0000011c   Code   RO         1450    i.fds_evt_handler   peer_data_storage.o
    0x0001d54c   0x0000004c   Code   RO         3367    i.fds_file_delete   fds.o
    0x0001d598   0x00000048   Code   RO         3368    i.fds_gc            fds.o
    0x0001d5e0   0x0000008c   Code   RO         3369    i.fds_init          fds.o
    0x0001d66c   0x00000040   Code   RO         3370    i.fds_record_close  fds.o
    0x0001d6ac   0x0000000e   Code   RO         3372    i.fds_record_find   fds.o
    0x0001d6ba   0x00000010   Code   RO         3373    i.fds_record_find_by_key  fds.o
    0x0001d6ca   0x00000010   Code   RO         3374    i.fds_record_find_in_file  fds.o
    0x0001d6da   0x00000014   Code   RO         3375    i.fds_record_id_from_desc  fds.o
    0x0001d6ee   0x00000002   PAD
    0x0001d6f0   0x00000044   Code   RO         3377    i.fds_record_open   fds.o
    0x0001d734   0x00000014   Code   RO         3378    i.fds_record_update  fds.o
    0x0001d748   0x0000000c   Code   RO         3379    i.fds_record_write  fds.o
    0x0001d754   0x00000012   Code   RO         3380    i.fds_record_write_reserved  fds.o
    0x0001d766   0x00000002   PAD
    0x0001d768   0x00000024   Code   RO         3381    i.fds_register      fds.o
    0x0001d78c   0x00000034   Code   RO         3382    i.fds_reserve       fds.o
    0x0001d7c0   0x00000048   Code   RO         3383    i.fds_reserve_cancel  fds.o
    0x0001d808   0x0000000a   Code   RO         1451    i.file_id_to_peer_id  peer_data_storage.o
    0x0001d812   0x00000002   PAD
    0x0001d814   0x00000018   Code   RO         1452    i.file_id_within_pm_range  peer_data_storage.o
    0x0001d82c   0x00000010   Code   RO         3385    i.flag_clear        fds.o
    0x0001d83c   0x00000012   Code   RO         2203    i.flag_id_init      security_dispatcher.o
    0x0001d84e   0x00000012   Code   RO         2313    i.flag_id_init      security_manager.o
    0x0001d860   0x00000010   Code   RO         3386    i.flag_set          fds.o
    0x0001d870   0x0000005c   Code   RO         2314    i.flags_set_from_err_code  security_manager.o
    0x0001d8cc   0x0000007c   Code   RO         3665    i.fs_erase          fstorage.o
    0x0001d948   0x0000000a   Code   RO         3387    i.fs_event_handler  fds.o
    0x0001d952   0x00000002   PAD
    0x0001d954   0x000000ac   Code   RO         3667    i.fs_init           fstorage.o
    0x0001da00   0x00000018   Code   RO         3670    i.fs_queued_op_count_get  fstorage.o
    0x0001da18   0x00000084   Code   RO         3671    i.fs_store          fstorage.o
    0x0001da9c   0x00000068   Code   RO         3672    i.fs_sys_event_handler  fstorage.o
    0x0001db04   0x00000068   Code   RO         3388    i.gc_execute        fds.o
    0x0001db6c   0x0000004c   Code   RO         3389    i.gc_next_page      fds.o
    0x0001dbb8   0x0000004c   Code   RO         3390    i.gc_page_erase     fds.o
    0x0001dc04   0x00000034   Code   RO         3391    i.gc_record_copy    fds.o
    0x0001dc38   0x00000020   Code   RO         3392    i.gc_record_find_next  fds.o
    0x0001dc58   0x00000080   Code   RO         3393    i.gc_state_advance  fds.o
    0x0001dcd8   0x000000f0   Code   RO         1046    i.gcm_ble_evt_handler  gatt_cache_manager.o
    0x0001ddc8   0x00000068   Code   RO         1047    i.gcm_gscm_evt_handler  gatt_cache_manager.o
    0x0001de30   0x0000002c   Code   RO         1048    i.gcm_im_evt_handler  gatt_cache_manager.o
    0x0001de5c   0x00000048   Code   RO         1049    i.gcm_init          gatt_cache_manager.o
    0x0001dea4   0x0000004c   Code   RO         1050    i.gcm_local_database_has_changed  gatt_cache_manager.o
    0x0001def0   0x00000010   Code   RO         1053    i.gcm_smd_evt_handler  gatt_cache_manager.o
    0x0001df00   0x00000038   Code   RO         1231    i.get_connection_by_conn_handle  id_manager.o
    0x0001df38   0x00000030   Code   RO         1232    i.get_free_connection  id_manager.o
    0x0001df68   0x00000050   Code   RO         3032    i.gpiote_event_handler  app_button.o
    0x0001dfb8   0x0000001c   Code   RO         1149    i.gscm_db_change_notification_done  gatts_cache_manager.o
    0x0001dfd4   0x00000014   Code   RO         1150    i.gscm_init         gatts_cache_manager.o
    0x0001dfe8   0x0000001c   Code   RO         1151    i.gscm_local_database_has_changed  gatts_cache_manager.o
    0x0001e004   0x0000006c   Code   RO         1152    i.gscm_local_db_cache_apply  gatts_cache_manager.o
    0x0001e070   0x00000084   Code   RO         1154    i.gscm_local_db_cache_update  gatts_cache_manager.o
    0x0001e0f4   0x0000004c   Code   RO         1155    i.gscm_pdb_evt_handler  gatts_cache_manager.o
    0x0001e140   0x0000001c   Code   RO         1156    i.gscm_service_changed_ind_needed  gatts_cache_manager.o
    0x0001e15c   0x0000002c   Code   RO         1157    i.gscm_service_changed_ind_send  gatts_cache_manager.o
    0x0001e188   0x0000001c   Code   RO         3394    i.header_is_valid   fds.o
    0x0001e1a4   0x00000040   Code   RO         1233    i.im_address_resolve  id_manager.o
    0x0001e1e4   0x0000002c   Code   RO         1234    i.im_ble_addr_get   id_manager.o
    0x0001e210   0x000000a8   Code   RO         1235    i.im_ble_evt_handler  id_manager.o
    0x0001e2b8   0x0000002c   Code   RO         1236    i.im_conn_handle_get  id_manager.o
    0x0001e2e4   0x00000048   Code   RO         1240    i.im_init           id_manager.o
    0x0001e32c   0x00000038   Code   RO         1241    i.im_is_duplicate_bonding_data  id_manager.o
    0x0001e364   0x0000001c   Code   RO         1242    i.im_master_id_is_valid  id_manager.o
    0x0001e380   0x0000002c   Code   RO         1243    i.im_master_ids_compare  id_manager.o
    0x0001e3ac   0x00000008   Code   RO         1244    i.im_new_peer_id    id_manager.o
    0x0001e3b4   0x0000006e   Code   RO         1245    i.im_pdb_evt_handler  id_manager.o
    0x0001e422   0x00000002   PAD
    0x0001e424   0x0000002c   Code   RO         1246    i.im_peer_free      id_manager.o
    0x0001e450   0x00000020   Code   RO         1247    i.im_peer_id_get_by_conn_handle  id_manager.o
    0x0001e470   0x00000044   Code   RO         1248    i.im_peer_id_get_by_master_id  id_manager.o
    0x0001e4b4   0x000000c0   Code   RO         3395    i.init_execute      fds.o
    0x0001e574   0x00000080   Code   RO         4284    i.intern_softdevice_events_execute  softdevice_handler.o
    0x0001e5f4   0x0000001c   Code   RO          801    i.is_conn_params_ok  ble_conn_params.o
    0x0001e610   0x00000048   Code   RO         4430    i.is_manual_peripheral_setup_needed  system_nrf51.o
    0x0001e658   0x00000016   Code   RO         1253    i.is_valid_irk      id_manager.o
    0x0001e66e   0x0000000c   Code   RO         3396    i.is_word_aligned   fds.o
    0x0001e67a   0x00000002   PAD
    0x0001e67c   0x00000018   Code   RO          451    i.leds_timer_handler  bsp.o
    0x0001e694   0x0000009c   Code   RO         2315    i.link_secure       security_manager.o
    0x0001e730   0x00000088   Code   RO         2204    i.link_secure_central  security_dispatcher.o
    0x0001e7b8   0x000000c6   Code   RO         2205    i.link_secure_central_existing_peer  security_dispatcher.o
    0x0001e87e   0x00000002   PAD
    0x0001e880   0x00000074   Code   RO         2206    i.link_secure_central_new_peer  security_dispatcher.o
    0x0001e8f4   0x00000050   Code   RO         2207    i.link_secure_failure  security_dispatcher.o
    0x0001e944   0x0000005c   Code   RO         2316    i.link_secure_pending_process  security_manager.o
    0x0001e9a0   0x000000ac   Code   RO         3159    i.list_deletions_handler  app_timer.o
    0x0001ea4c   0x000000bc   Code   RO         3160    i.list_insertions_handler  app_timer.o
    0x0001eb08   0x00000078   Code   RO         1054    i.local_db_apply_in_evt  gatt_cache_manager.o
    0x0001eb80   0x00000078   Code   RO         1055    i.local_db_update_in_evt  gatt_cache_manager.o
    0x0001ebf8   0x00000032   Code   RO         2151    i.lock_by_mask      pm_mutex.o
    0x0001ec2a   0x00000002   PAD
    0x0001ec2c   0x000001e0   Code   RO            8    i.main              main.o
    0x0001ee0c   0x00000068   Code   RO          628    i.manuf_specific_data_encode  ble_advdata.o
    0x0001ee74   0x0000009e   Code   RO          629    i.name_encode       ble_advdata.o
    0x0001ef12   0x00000002   PAD
    0x0001ef14   0x0000005c   Code   RO         1254    i.new_connection    id_manager.o
    0x0001ef70   0x00000034   Code   RO         1765    i.next_id_get       peer_id.o
    0x0001efa4   0x00000010   Code   RO         2640    i.nrf_bitmask_bit_is_set  nrf_drv_gpiote.o
    0x0001efb4   0x00000010   Code   RO         2438    i.nrf_clock_event_check  nrf_drv_clock.o
    0x0001efc4   0x00000030   Code   RO         3161    i.nrf_delay_us      app_timer.o
    0x0001eff4   0x00000048   Code   RO         2445    i.nrf_drv_clock_init  nrf_drv_clock.o
    0x0001f03c   0x00000034   Code   RO         2452    i.nrf_drv_clock_on_sd_enable  nrf_drv_clock.o
    0x0001f070   0x0000000c   Code   RO         2453    i.nrf_drv_clock_on_soc_event  nrf_drv_clock.o
    0x0001f07c   0x00000060   Code   RO         2595    i.nrf_drv_common_irq_enable  nrf_drv_common.o
    0x0001f0dc   0x00000098   Code   RO         2643    i.nrf_drv_gpiote_in_event_enable  nrf_drv_gpiote.o
    0x0001f174   0x000000a8   Code   RO         2644    i.nrf_drv_gpiote_in_init  nrf_drv_gpiote.o
    0x0001f21c   0x00000014   Code   RO         2645    i.nrf_drv_gpiote_in_is_set  nrf_drv_gpiote.o
    0x0001f230   0x0000005c   Code   RO         2647    i.nrf_drv_gpiote_init  nrf_drv_gpiote.o
    0x0001f28c   0x00000010   Code   RO         2648    i.nrf_drv_gpiote_is_init  nrf_drv_gpiote.o
    0x0001f29c   0x00000080   Code   RO         2854    i.nrf_drv_uart_init  nrf_drv_uart.o
    0x0001f31c   0x00000034   Code   RO         2860    i.nrf_drv_uart_tx   nrf_drv_uart.o
    0x0001f350   0x0000008c   Code   RO         2862    i.nrf_drv_uart_tx_for_uart  nrf_drv_uart.o
    0x0001f3dc   0x00000018   Code   RO         2863    i.nrf_drv_uart_tx_in_progress  nrf_drv_uart.o
    0x0001f3f4   0x00000098   Code   RO         2864    i.nrf_drv_uart_uninit  nrf_drv_uart.o
    0x0001f48c   0x00000028   Code   RO          340    i.nrf_gpio_cfg      boards.o
    0x0001f4b4   0x00000028   Code   RO         2660    i.nrf_gpio_cfg      nrf_drv_gpiote.o
    0x0001f4dc   0x00000028   Code   RO         2865    i.nrf_gpio_cfg      nrf_drv_uart.o
    0x0001f504   0x00000012   Code   RO         2866    i.nrf_gpio_cfg_default  nrf_drv_uart.o
    0x0001f516   0x00000012   Code   RO         2867    i.nrf_gpio_cfg_input  nrf_drv_uart.o
    0x0001f528   0x00000014   Code   RO         2868    i.nrf_gpio_cfg_output  nrf_drv_uart.o
    0x0001f53c   0x00000022   Code   RO          452    i.nrf_gpio_cfg_sense_set  bsp.o
    0x0001f55e   0x00000022   Code   RO         2662    i.nrf_gpio_cfg_sense_set  nrf_drv_gpiote.o
    0x0001f580   0x00000018   Code   RO          341    i.nrf_gpio_pin_write  boards.o
    0x0001f598   0x00000028   Code   RO         2663    i.nrf_gpio_ports_read  nrf_drv_gpiote.o
    0x0001f5c0   0x00000010   Code   RO         2664    i.nrf_gpiote_event_clear  nrf_drv_gpiote.o
    0x0001f5d0   0x00000014   Code   RO         2665    i.nrf_gpiote_event_is_set  nrf_drv_gpiote.o
    0x0001f5e4   0x00000008   Code   RO         3908    i.nrf_log_backend_hexdump_handler_get  nrf_log_backend_serial.o
    0x0001f5ec   0x00000078   Code   RO         3909    i.nrf_log_backend_init  nrf_log_backend_serial.o
    0x0001f664   0x00000132   Code   RO         3910    i.nrf_log_backend_serial_hexdump_handler  nrf_log_backend_serial.o
    0x0001f796   0x00000104   Code   RO         3911    i.nrf_log_backend_serial_std_handler  nrf_log_backend_serial.o
    0x0001f89a   0x00000002   PAD
    0x0001f89c   0x00000008   Code   RO         3912    i.nrf_log_backend_std_handler_get  nrf_log_backend_serial.o
    0x0001f8a4   0x0000000a   Code   RO         4006    i.nrf_log_blocking_backend_set  nrf_log_frontend.o
    0x0001f8ae   0x00000002   PAD
    0x0001f8b0   0x0000014c   Code   RO         4007    i.nrf_log_frontend_dequeue  nrf_log_frontend.o
    0x0001f9fc   0x00000018   Code   RO         4009    i.nrf_log_frontend_init  nrf_log_frontend.o
    0x0001fa14   0x0000004c   Code   RO         4010    i.nrf_log_frontend_std_0  nrf_log_frontend.o
    0x0001fa60   0x00000060   Code   RO         4011    i.nrf_log_frontend_std_1  nrf_log_frontend.o
    0x0001fac0   0x0000007c   Code   RO         4013    i.nrf_log_frontend_std_3  nrf_log_frontend.o
    0x0001fb3c   0x0000000c   Code   RO         4018    i.nrf_log_handlers_set  nrf_log_frontend.o
    0x0001fb48   0x00000024   Code   RO         4019    i.nrf_log_init      nrf_log_frontend.o
    0x0001fb6c   0x0000000a   Code   RO         2869    i.nrf_uart_event_check  nrf_drv_uart.o
    0x0001fb76   0x00000010   Code   RO         2870    i.nrf_uart_int_enable_check  nrf_drv_uart.o
    0x0001fb86   0x00000002   PAD
    0x0001fb88   0x00000044   Code   RO            9    i.on_adv_evt        main.o
    0x0001fbcc   0x000000e8   Code   RO           10    i.on_ble_evt        main.o
    0x0001fcb4   0x00000020   Code   RO           11    i.on_conn_params_evt  main.o
    0x0001fcd4   0x00000054   Code   RO         3673    i.on_operation_success  fstorage.o
    0x0001fd28   0x00000078   Code   RO         3397    i.op_enqueue        fds.o
    0x0001fda0   0x00000012   Code   RO         3398    i.page_offsets_update  fds.o
    0x0001fdb2   0x00000002   PAD
    0x0001fdb4   0x00000058   Code   RO         3399    i.page_scan         fds.o
    0x0001fe0c   0x0000001c   Code   RO         3400    i.page_tag_write_data  fds.o
    0x0001fe28   0x00000024   Code   RO         3401    i.page_tag_write_swap  fds.o
    0x0001fe4c   0x000000f0   Code   RO         3402    i.pages_init        fds.o
    0x0001ff3c   0x0000006c   Code   RO         2208    i.pairing_failure   security_dispatcher.o
    0x0001ffa8   0x0000003c   Code   RO         2317    i.params_reply_pending_process  security_manager.o
    0x0001ffe4   0x0000001c   Code   RO         1605    i.pdb_evt_send      peer_database.o
    0x00020000   0x0000004c   Code   RO         1606    i.pdb_init          peer_database.o
    0x0002004c   0x00000008   Code   RO         1608    i.pdb_next_deleted_peer_id_get  peer_database.o
    0x00020054   0x00000008   Code   RO         1609    i.pdb_next_peer_id_get  peer_database.o
    0x0002005c   0x00000134   Code   RO         1610    i.pdb_pds_evt_handler  peer_database.o
    0x00020190   0x00000008   Code   RO         1611    i.pdb_peer_allocate  peer_database.o
    0x00020198   0x0000000a   Code   RO         1613    i.pdb_peer_data_ptr_get  peer_database.o
    0x000201a2   0x0000004a   Code   RO         1614    i.pdb_peer_free     peer_database.o
    0x000201ec   0x0000000c   Code   RO         1615    i.pdb_raw_store     peer_database.o
    0x000201f8   0x00000108   Code   RO         1616    i.pdb_write_buf_get  peer_database.o
    0x00020300   0x0000002a   Code   RO         1617    i.pdb_write_buf_release  peer_database.o
    0x0002032a   0x00000002   PAD
    0x0002032c   0x000000c8   Code   RO         1618    i.pdb_write_buf_store  peer_database.o
    0x000203f4   0x00000068   Code   RO         1619    i.pdb_write_buf_store_prepare  peer_database.o
    0x0002045c   0x0000000c   Code   RO         1453    i.pds_evt_send      peer_data_storage.o
    0x00020468   0x00000070   Code   RO         1454    i.pds_init          peer_data_storage.o
    0x000204d8   0x00000008   Code   RO         1455    i.pds_next_deleted_peer_id_get  peer_data_storage.o
    0x000204e0   0x00000008   Code   RO         1456    i.pds_next_peer_id_get  peer_data_storage.o
    0x000204e8   0x00000054   Code   RO         1459    i.pds_peer_data_iterate  peer_data_storage.o
    0x0002053c   0x00000010   Code   RO         1460    i.pds_peer_data_iterate_prepare  peer_data_storage.o
    0x0002054c   0x00000070   Code   RO         1461    i.pds_peer_data_read  peer_data_storage.o
    0x000205bc   0x000000aa   Code   RO         1462    i.pds_peer_data_store  peer_data_storage.o
    0x00020666   0x00000002   PAD
    0x00020668   0x00000010   Code   RO         1463    i.pds_peer_id_allocate  peer_data_storage.o
    0x00020678   0x00000016   Code   RO         1464    i.pds_peer_id_free  peer_data_storage.o
    0x0002068e   0x00000008   Code   RO         1465    i.pds_peer_id_is_allocated  peer_data_storage.o
    0x00020696   0x00000030   Code   RO         1466    i.pds_space_reserve  peer_data_storage.o
    0x000206c6   0x00000010   Code   RO         1467    i.pds_space_reserve_cancel  peer_data_storage.o
    0x000206d6   0x0000000a   Code   RO         1620    i.peer_data_const_point_to_buffer  peer_database.o
    0x000206e0   0x00000080   Code   RO         1468    i.peer_data_delete  peer_data_storage.o
    0x00020760   0x00000030   Code   RO         1469    i.peer_data_find    peer_data_storage.o
    0x00020790   0x00000020   Code   RO         1470    i.peer_data_id_is_valid  peer_data_storage.o
    0x000207b0   0x00000014   Code   RO         1621    i.peer_data_point_to_buffer  peer_database.o
    0x000207c4   0x00000010   Code   RO         1766    i.peer_id_allocate  peer_id.o
    0x000207d4   0x00000028   Code   RO         1767    i.peer_id_delete    peer_id.o
    0x000207fc   0x0000001c   Code   RO         1768    i.peer_id_free      peer_id.o
    0x00020818   0x00000010   Code   RO         1769    i.peer_id_get_next_deleted  peer_id.o
    0x00020828   0x00000034   Code   RO         1770    i.peer_id_get_next_used  peer_id.o
    0x0002085c   0x00000028   Code   RO         1771    i.peer_id_init      peer_id.o
    0x00020884   0x00000018   Code   RO         1772    i.peer_id_is_allocated  peer_id.o
    0x0002089c   0x00000018   Code   RO         1773    i.peer_id_is_deleted  peer_id.o
    0x000208b4   0x0000001c   Code   RO         1255    i.peer_id_set       id_manager.o
    0x000208d0   0x0000000a   Code   RO         1471    i.peer_id_to_file_id  peer_data_storage.o
    0x000208da   0x00000002   PAD
    0x000208dc   0x00000078   Code   RO           12    i.peer_manager_init  main.o
    0x00020954   0x00000018   Code   RO         2666    i.pin_in_use_by_port  nrf_drv_gpiote.o
    0x0002096c   0x00000018   Code   RO         2667    i.pin_in_use_by_te  nrf_drv_gpiote.o
    0x00020984   0x0000005e   Code   RO         2113    i.pm_buffer_block_acquire  pm_buffer.o
    0x000209e2   0x00000042   Code   RO         2114    i.pm_buffer_init    pm_buffer.o
    0x00020a24   0x0000002e   Code   RO         2115    i.pm_buffer_ptr_get  pm_buffer.o
    0x00020a52   0x0000002a   Code   RO         2116    i.pm_buffer_release  pm_buffer.o
    0x00020a7c   0x00000008   Code   RO         1852    i.pm_conn_sec_config_reply  peer_manager.o
    0x00020a84   0x000000b4   Code   RO           13    i.pm_evt_handler    main.o
    0x00020b38   0x00000080   Code   RO         1856    i.pm_gcm_evt_handler  peer_manager.o
    0x00020bb8   0x00000050   Code   RO         1859    i.pm_im_evt_handler  peer_manager.o
    0x00020c08   0x00000070   Code   RO         1860    i.pm_init           peer_manager.o
    0x00020c78   0x00000014   Code   RO         1862    i.pm_local_database_has_changed  peer_manager.o
    0x00020c8c   0x00000010   Code   RO         2152    i.pm_mutex_init     pm_mutex.o
    0x00020c9c   0x0000001c   Code   RO         2153    i.pm_mutex_lock     pm_mutex.o
    0x00020cb8   0x00000034   Code   RO         2154    i.pm_mutex_lock_first_available  pm_mutex.o
    0x00020cec   0x00000018   Code   RO         2155    i.pm_mutex_lock_status_get  pm_mutex.o
    0x00020d04   0x00000036   Code   RO         2156    i.pm_mutex_unlock   pm_mutex.o
    0x00020d3a   0x00000002   PAD
    0x00020d3c   0x00000024   Code   RO         1864    i.pm_on_ble_evt     peer_manager.o
    0x00020d60   0x0000013c   Code   RO         1865    i.pm_pdb_evt_handler  peer_manager.o
    0x00020e9c   0x00000018   Code   RO         1876    i.pm_peer_delete    peer_manager.o
    0x00020eb4   0x0000003c   Code   RO         1881    i.pm_peers_delete   peer_manager.o
    0x00020ef0   0x00000030   Code   RO         1884    i.pm_register       peer_manager.o
    0x00020f20   0x00000018   Code   RO         1886    i.pm_sec_params_set  peer_manager.o
    0x00020f38   0x0000014c   Code   RO         1887    i.pm_sm_evt_handler  peer_manager.o
    0x00021084   0x0000002c   Code   RO         3674    i.queue_advance     fstorage.o
    0x000210b0   0x00000038   Code   RO         3675    i.queue_get_next_free  fstorage.o
    0x000210e8   0x000000b8   Code   RO         3403    i.queue_process     fds.o
    0x000211a0   0x0000006c   Code   RO         3676    i.queue_process     fstorage.o
    0x0002120c   0x0000001c   Code   RO         3404    i.queue_start       fds.o
    0x00021228   0x0000001c   Code   RO         3677    i.queue_start       fstorage.o
    0x00021244   0x00000010   Code   RO         4285    i.ram_end_address_get  softdevice_handler.o
    0x00021254   0x00000084   Code   RO         3405    i.record_find       fds.o
    0x000212d8   0x000000a0   Code   RO         3406    i.record_find_by_desc  fds.o
    0x00021378   0x00000054   Code   RO         3407    i.record_find_next  fds.o
    0x000213cc   0x00000024   Code   RO         3408    i.record_header_flag_dirty  fds.o
    0x000213f0   0x0000000a   Code   RO         1472    i.record_key_to_peer_data_id  peer_data_storage.o
    0x000213fa   0x00000002   PAD
    0x000213fc   0x00000018   Code   RO         1473    i.record_key_within_pm_range  peer_data_storage.o
    0x00021414   0x0000005c   Code   RO         3409    i.record_write_chunk  fds.o
    0x00021470   0x00000012   Code   RO         1775    i.release           peer_id.o
    0x00021482   0x00000002   PAD
    0x00021484   0x00000044   Code   RO         3162    i.rtc1_stop         app_timer.o
    0x000214c8   0x00000026   Code   RO         2871    i.rx_byte           nrf_drv_uart.o
    0x000214ee   0x00000014   Code   RO         2872    i.rx_done_event     nrf_drv_uart.o
    0x00021502   0x00000002   PAD
    0x00021504   0x00000084   Code   RO         4287    i.sd_nvic_EnableIRQ  softdevice_handler.o
    0x00021588   0x00000046   Code   RO         3822    i.sdk_mapped_flags_bulk_update_by_key  sdk_mapped_flags.o
    0x000215ce   0x00000002   PAD
    0x000215d0   0x00000028   Code   RO         3823    i.sdk_mapped_flags_first_key_index_get  sdk_mapped_flags.o
    0x000215f8   0x00000010   Code   RO         3824    i.sdk_mapped_flags_get_by_index  sdk_mapped_flags.o
    0x00021608   0x00000026   Code   RO         3825    i.sdk_mapped_flags_get_by_key  sdk_mapped_flags.o
    0x0002162e   0x00000046   Code   RO         3826    i.sdk_mapped_flags_key_list_get  sdk_mapped_flags.o
    0x00021674   0x0000000e   Code   RO         3828    i.sdk_mapped_flags_update_by_key  sdk_mapped_flags.o
    0x00021682   0x00000002   PAD
    0x00021684   0x000000b4   Code   RO         2209    i.sec_info_request_process  security_dispatcher.o
    0x00021738   0x00000076   Code   RO         2318    i.sec_params_verify  security_manager.o
    0x000217ae   0x00000002   PAD
    0x000217b0   0x0000004c   Code   RO         2210    i.sec_proc_start    security_dispatcher.o
    0x000217fc   0x0000001c   Code   RO         2211    i.sec_start_send    security_dispatcher.o
    0x00021818   0x00000048   Code   RO         3678    i.send_event        fstorage.o
    0x00021860   0x00000010   Code   RO         3913    i.serial_is_busy    nrf_log_backend_serial.o
    0x00021870   0x0000002c   Code   RO         3914    i.serial_tx         nrf_log_backend_serial.o
    0x0002189c   0x00000058   Code   RO         1056    i.service_changed_pending_flags_check  gatt_cache_manager.o
    0x000218f4   0x00000044   Code   RO         1158    i.service_changed_pending_set  gatts_cache_manager.o
    0x00021938   0x00000098   Code   RO         1057    i.service_changed_send_in_evt  gatt_cache_manager.o
    0x000219d0   0x0000008e   Code   RO          630    i.service_data_encode  ble_advdata.o
    0x00021a5e   0x00000002   PAD
    0x00021a60   0x00000058   Code   RO          710    i.set_adv_mode_fast  ble_advertising.o
    0x00021ab8   0x00000054   Code   RO          711    i.set_adv_mode_slow  ble_advertising.o
    0x00021b0c   0x00000028   Code   RO           14    i.sleep_mode_enter  main.o
    0x00021b34   0x00000014   Code   RO         2319    i.sm_ble_evt_handler  security_manager.o
    0x00021b48   0x0000001c   Code   RO         2320    i.sm_conn_sec_config_reply  security_manager.o
    0x00021b64   0x00000050   Code   RO         2321    i.sm_init           security_manager.o
    0x00021bb4   0x00000034   Code   RO         2324    i.sm_pdb_evt_handler  security_manager.o
    0x00021be8   0x00000030   Code   RO         2326    i.sm_sec_params_set  security_manager.o
    0x00021c18   0x0000007c   Code   RO         2327    i.sm_smd_evt_handler  security_manager.o
    0x00021c94   0x000000e4   Code   RO         2212    i.smd_ble_evt_handler  security_dispatcher.o
    0x00021d78   0x0000003c   Code   RO         2213    i.smd_init          security_dispatcher.o
    0x00021db4   0x00000030   Code   RO         2214    i.smd_link_secure   security_dispatcher.o
    0x00021de4   0x00000110   Code   RO         2215    i.smd_params_reply  security_dispatcher.o
    0x00021ef4   0x00000088   Code   RO         2328    i.smd_params_reply_perform  security_manager.o
    0x00021f7c   0x00000034   Code   RO         2216    i.smd_pdb_evt_handler  security_dispatcher.o
    0x00021fb0   0x00000014   Code   RO         4288    i.softdevice_ble_evt_handler_set  softdevice_handler.o
    0x00021fc4   0x000000a4   Code   RO         4289    i.softdevice_enable  softdevice_handler.o
    0x00022068   0x00000028   Code   RO         4290    i.softdevice_enable_get_default_config  softdevice_handler.o
    0x00022090   0x00000008   Code   RO         4291    i.softdevice_fault_handler  softdevice_handler.o
    0x00022098   0x00000058   Code   RO         4292    i.softdevice_handler_init  softdevice_handler.o
    0x000220f0   0x0000000c   Code   RO         4293    i.softdevice_handler_is_enabled  softdevice_handler.o
    0x000220fc   0x00000014   Code   RO         4298    i.softdevice_sys_evt_handler_set  softdevice_handler.o
    0x00022110   0x00000010   Code   RO           15    i.sys_evt_dispatch  main.o
    0x00022120   0x00000084   Code   RO         3163    i.timer_list_handler  app_timer.o
    0x000221a4   0x00000010   Code   RO         3164    i.timer_list_handler_sched  app_timer.o
    0x000221b4   0x00000040   Code   RO         3165    i.timer_list_insert  app_timer.o
    0x000221f4   0x00000048   Code   RO         3166    i.timer_stop_op_schedule  app_timer.o
    0x0002223c   0x00000080   Code   RO         3167    i.timer_timeouts_check  app_timer.o
    0x000222bc   0x00000034   Code   RO         3915    i.timestamp_process  nrf_log_backend_serial.o
    0x000222f0   0x0000001e   Code   RO         2874    i.tx_byte           nrf_drv_uart.o
    0x0002230e   0x00000018   Code   RO         2875    i.tx_done_event     nrf_drv_uart.o
    0x00022326   0x00000002   PAD
    0x00022328   0x00000010   Code   RO         3916    i.uart_event_handler  nrf_log_backend_serial.o
    0x00022338   0x00000128   Code   RO         2876    i.uart_irq_handler  nrf_drv_uart.o
    0x00022460   0x0000000a   Code   RO          631    i.uint16_encode     ble_advdata.o
    0x0002246a   0x00000002   PAD
    0x0002246c   0x00000064   Code   RO          802    i.update_timeout_handler  ble_conn_params.o
    0x000224d0   0x00000018   Code   RO          879    i.user_flag_is_acquired  ble_conn_state.o
    0x000224e8   0x0000002c   Code   RO         3168    i.user_op_alloc     app_timer.o
    0x00022514   0x00000030   Code   RO          632    i.uuid_list_encode  ble_advdata.o
    0x00022544   0x000000ae   Code   RO          633    i.uuid_list_sized_encode  ble_advdata.o
    0x000225f2   0x00000002   PAD
    0x000225f4   0x00000018   Code   RO          712    i.whitelist_has_entries  ble_advertising.o
    0x0002260c   0x00000024   Code   RO         1622    i.write_buf_length_words_set  peer_database.o
    0x00022630   0x00000024   Code   RO         1623    i.write_buffer_record_find  peer_database.o
    0x00022654   0x00000028   Code   RO         1624    i.write_buffer_record_find_next  peer_database.o
    0x0002267c   0x00000022   Code   RO         1625    i.write_buffer_record_invalidate  peer_database.o
    0x0002269e   0x00000002   PAD
    0x000226a0   0x00000028   Code   RO         1626    i.write_buffer_record_release  peer_database.o
    0x000226c8   0x00000118   Code   RO         3410    i.write_enqueue     fds.o
    0x000227e0   0x000000ec   Code   RO         3411    i.write_execute     fds.o
    0x000228cc   0x00000014   Code   RO         3412    i.write_space_free  fds.o
    0x000228e0   0x0000004c   Code   RO         3413    i.write_space_reserve  fds.o
    0x0002292c   0x00000004   Data   RO           17    .constdata          main.o
    0x00022930   0x00000008   Data   RO          342    .constdata          boards.o
    0x00022938   0x0000002c   Data   RO          457    .constdata          bsp.o
    0x00022964   0x00000004   Data   RO          805    .constdata          ble_conn_params.o
    0x00022968   0x00000004   Data   RO         1159    .constdata          gatts_cache_manager.o
    0x0002296c   0x00000010   Data   RO         1160    .constdata          gatts_cache_manager.o
    0x0002297c   0x00000004   Data   RO         1161    .constdata          gatts_cache_manager.o
    0x00022980   0x00000008   Data   RO         1258    .constdata          id_manager.o
    0x00022988   0x00000004   Data   RO         1474    .constdata          peer_data_storage.o
    0x0002298c   0x00000014   Data   RO         1628    .constdata          peer_database.o
    0x000229a0   0x00000044   Data   RO         2218    .constdata          security_dispatcher.o
    0x000229e4   0x00000004   Data   RO         2329    .constdata          security_manager.o
    0x000229e8   0x00000004   Data   RO         2669    .constdata          nrf_drv_gpiote.o
    0x000229ec   0x00000008   Data   RO         3034    .constdata          app_button.o
    0x000229f4   0x00000014   Data   RO         3415    .constdata          fds.o
    0x00022a08   0x00000020   Data   RO         3919    .constdata          nrf_log_backend_serial.o
    0x00022a28   0x00000024   Data   RO         4022    .constdata          nrf_log_frontend.o
    0x00022a4c   0x00000081   Data   RO         4469    .constdata          mc_p.l(ctype_o.o)
    0x00022acd   0x00000003   PAD
    0x00022ad0   0x00000004   Data   RO         4470    .constdata          mc_p.l(ctype_o.o)
    0x00022ad4   0x00000048   Data   RO           18    .conststring        main.o
    0x00022b1c   0x0000000c   Data   RO         4023    .conststring        nrf_log_frontend.o
    0x00022b28   0x00000042   Data   RO         4299    .conststring        softdevice_handler.o
    0x00022b6a   0x00000002   PAD
    0x00022b6c   0x00000020   Data   RO         4813    Region$$Table       anon$$obj.o


    Execution Region RW_IRAM1 (Base: 0x20001fe8, Size: 0x00001808, Max: 0x00006018, ABSOLUTE, COMPRESSED[0x00000038])

    Base Addr    Size         Type   Attr      Idx    E Section Name        Object

    0x20001fe8   0x00000006   Data   RW           19    .data               main.o
    0x20001fee   0x00000002   PAD
    0x20001ff0   0x00000014   Data   RW          458    .data               bsp.o
    0x20002004   0x00000008   Data   RW          554    .data               bsp_btn_ble.o
    0x2000200c   0x00000030   Data   RW          716    .data               ble_advertising.o
    0x2000203c   0x00000014   Data   RW          806    .data               ble_conn_params.o
    0x20002050   0x0000000c   Data   RW         1058    .data               gatt_cache_manager.o
    0x2000205c   0x0000000c   Data   RW         1162    .data               gatts_cache_manager.o
    0x20002068   0x0000000a   Data   RW         1259    .data               id_manager.o
    0x20002072   0x00000002   PAD
    0x20002074   0x0000000c   Data   RW         1475    .data               peer_data_storage.o
    0x20002080   0x00000008   Data   RW         1629    .data               peer_database.o
    0x20002088   0x00000010   Data   RW         1892    .data               peer_manager.o
    0x20002098   0x00000004   Data   RW         2219    .data               security_dispatcher.o
    0x2000209c   0x00000015   Data   RW         2330    .data               security_manager.o
    0x200020b1   0x00000003   PAD
    0x200020b4   0x00000014   Data   RW         3035    .data               app_button.o
    0x200020c8   0x00000020   Data   RW         3169    .data               app_timer.o
    0x200020e8   0x0000000c   Data   RW         3296    .data               app_util_platform.o
    0x200020f4   0x00000018   Data   RW         3416    .data               fds.o
    0x2000210c   0x00000002   Data   RW         3680    .data               fstorage.o
    0x2000210e   0x00000002   PAD
    0x20002110   0x0000000c   Data   RW         3920    .data               nrf_log_backend_serial.o
    0x2000211c   0x00000004   Data   RW         4024    .data               nrf_log_frontend.o
    0x20002120   0x00000014   Data   RW         4300    .data               softdevice_handler.o
    0x20002134   0x00000004   Data   RW         4431    .data               system_nrf51.o
    0x20002138   0x00000010   Data   RW         3417    fs_data             fds.o
    0x20002148   0x000000c0   Zero   RW           16    .bss                main.o
    0x20002208   0x00000020   Zero   RW          453    .bss                bsp.o
    0x20002228   0x00000020   Zero   RW          454    .bss                bsp.o
    0x20002248   0x0000000c   Zero   RW          455    .bss                bsp.o
    0x20002254   0x00000020   Zero   RW          456    .bss                bsp.o
    0x20002274   0x0000016b   Zero   RW          713    .bss                ble_advertising.o
    0x200023df   0x00000001   PAD
    0x200023e0   0x00000020   Zero   RW          714    .bss                ble_advertising.o
    0x20002400   0x00000020   Zero   RW          715    .bss                ble_advertising.o
    0x20002420   0x00000020   Zero   RW          803    .bss                ble_conn_params.o
    0x20002440   0x0000001c   Zero   RW          804    .bss                ble_conn_params.o
    0x2000245c   0x00000034   Zero   RW          880    .bss                ble_conn_state.o
    0x20002490   0x00000070   Zero   RW         1257    .bss                id_manager.o
    0x20002500   0x00000330   Zero   RW         1627    .bss                peer_database.o
    0x20002830   0x00000040   Zero   RW         1776    .bss                peer_id.o
    0x20002870   0x0000000c   Zero   RW         1890    .bss                peer_manager.o
    0x2000287c   0x00000040   Zero   RW         2217    .bss                security_dispatcher.o
    0x200028bc   0x00000014   Zero   RW         2455    .bss                nrf_drv_clock.o
    0x200028d0   0x00000048   Zero   RW         2668    .bss                nrf_drv_gpiote.o
    0x20002918   0x0000001c   Zero   RW         2877    .bss                nrf_drv_uart.o
    0x20002934   0x00000020   Zero   RW         3033    .bss                app_button.o
    0x20002954   0x0000011c   Zero   RW         3414    .bss                fds.o
    0x20002a70   0x00000068   Zero   RW         3679    .bss                fstorage.o
    0x20002ad8   0x00000100   Zero   RW         3917    .bss                nrf_log_backend_serial.o
    0x20002bd8   0x00000418   Zero   RW         4021    .bss                nrf_log_frontend.o
    0x20002ff0   0x00000800   Zero   RW         4419    STACK               arm_startup_nrf51.o


==============================================================================

Image component sizes


      Code (inc. data)   RO Data    RW Data    ZI Data      Debug   Object Name

       328         34          8         20         32       8982   app_button.o
        24          4          0          0          0       2209   app_error.o
        72         34          0          0          0       7114   app_error_weak.o
      1608        158          0         32          0      43155   app_timer.o
       104         20          0         12          0       6398   app_util_platform.o
        56         18        192          0       2048        712   arm_startup_nrf51.o
      1368          6          0          0          0      30656   ble_advdata.o
      1108         78          0         48        427      10657   ble_advertising.o
       460         60          4         20         60       5536   ble_conn_params.o
       532         52          0          0         52       9509   ble_conn_state.o
        14          0          0          0          0       1410   ble_srv_common.o
       324         58          8          0          0      12428   boards.o
       888         86         44         20        108      14111   bsp.o
       278         12          0          8          0       4789   bsp_btn_ble.o
      3622        376         20         40        284      44842   fds.o
       980         82          0          2        104      12611   fstorage.o
      1044         80          0         12          0      15688   gatt_cache_manager.o
       532         66         24         12          0       9159   gatts_cache_manager.o
      1174         92          8         10        112      20145   id_manager.o
      1422        340         76          6        192     131014   main.o
       276         38          0          0         20      11908   nrf_drv_clock.o
        96         18          0          0          0       7316   nrf_drv_common.o
      1154        100          4          0         72      27996   nrf_drv_gpiote.o
      1178         50          0          0         28      34813   nrf_drv_uart.o
       848         64         32         12        256      16479   nrf_log_backend_serial.o
       842         68         48          4       1048      12069   nrf_log_frontend.o
      1202         64          4         12          0      18484   peer_data_storage.o
      1358         72         20          8        816      23259   peer_database.o
       370         60          0          0         64       8779   peer_id.o
      1228        112          0         16         12      13060   peer_manager.o
       248          0          0          0          0       4303   pm_buffer.o
       224          0          0          0          0       5173   pm_mutex.o
       248          6          0          0          0       6096   sdk_mapped_flags.o
      1836        104         68          4         64      20160   security_dispatcher.o
      1086         82          4         21          0      16368   security_manager.o
       688        166         66         20          0      22776   softdevice_handler.o
       232         36          0          4          0       2351   system_nrf51.o

    ----------------------------------------------------------------------
     29116       2696        664        352       5800     642515   Object Totals
         0          0         32          0          0          0   (incl. Generated)
        64          0          2          9          1          0   (incl. Padding)

    ----------------------------------------------------------------------

      Code (inc. data)   RO Data    RW Data    ZI Data      Debug   Library Member Name

        86          0          0          0          0          0   __dczerorl2.o
         8          4        133          0          0         60   ctype_o.o
         0          0          0          0          0          0   entry.o
         0          0          0          0          0          0   entry10a.o
         0          0          0          0          0          0   entry11a.o
         8          4          0          0          0          0   entry2.o
         4          0          0          0          0          0   entry5.o
         0          0          0          0          0          0   entry7b.o
         0          0          0          0          0          0   entry8b.o
         8          4          0          0          0          0   entry9a.o
        30          0          0          0          0          0   handlers.o
        36          8          0          0          0         68   init.o
        32          0          0          0          0         68   llshl.o
        34          0          0          0          0         68   llushr.o
        26          0          0          0          0         72   memcmp.o
        36          0          0          0          0         60   memcpya.o
        36          0          0          0          0        100   memseta.o
      1214         50          0          0          0        384   printf8.o
        14          0          0          0          0         60   strlen.o
        44          0          0          0          0         72   uidiv.o
        96          0          0          0          0         84   uldiv.o

    ----------------------------------------------------------------------
      1712         70        136          0          0       1096   Library Totals
         0          0          3          0          0          0   (incl. Padding)

    ----------------------------------------------------------------------

      Code (inc. data)   RO Data    RW Data    ZI Data      Debug   Library Name

      1712         70        133          0          0       1096   mc_p.l

    ----------------------------------------------------------------------
      1712         70        136          0          0       1096   Library Totals

    ----------------------------------------------------------------------

==============================================================================


      Code (inc. data)   RO Data    RW Data    ZI Data      Debug   

     30828       2766        800        352       5800     626147   Grand Totals
     30828       2766        800         56       5800     626147   ELF Image Totals (compressed)
     30828       2766        800         56          0          0   ROM Totals

==============================================================================

    Total RO  Size (Code + RO Data)                31628 (  30.89kB)
    Total RW  Size (RW Data + ZI Data)              6152 (   6.01kB)
    Total ROM Size (Code + RO Data + RW Data)      31684 (  30.94kB)

==============================================================================

