<html>
<body>
<pre>
<h1>µVision Build Log</h1>
<h2>Tool Versions:</h2>
IDE-Version: ¦ÌVision V5.22.0.0
Copyright (C) 2016 ARM Ltd and ARM Germany GmbH. All rights reserved.
License Information: hq huang, qiang, LIC=1WS63-A9L40-ILACB-2GQ62-VRY78-2RXFF
 
Tool Versions:
Toolchain:       MDK-ARM Professional  Version: 5.22
Toolchain Path:  D:\Keil_v5\ARM\ARMCC\Bin
C Compiler:      Armcc.exe V5.06 update 4 (build 422)
Assembler:       Armasm.exe V5.06 update 4 (build 422)
Linker/Locator:  ArmLink.exe V5.06 update 4 (build 422)
Library Manager: ArmAr.exe V5.06 update 4 (build 422)
Hex Converter:   FromElf.exe V5.06 update 4 (build 422)
CPU DLL:         
Dialog DLL:      
Target DLL:      Segger\JL2CM3.dll V2.99.23.0
Dialog DLL:      TARMCM1.DLL V1.11.0.0
 
<h2>Project:</h2>
D:\workspace\hq_projs\nRF5_SDK_12.2.0_f012efa\examples\ble_peripheral\ble_app_hids_mouse_composite\pca10028\s130\arm5_no_packs\ble_app_hids_mouse_pca10028_s130.uvprojx
Project File Date:  08/03/2018

<h2>Output:</h2>
*** Using Compiler 'V5.06 update 4 (build 422)', folder: 'D:\Keil_v5\ARM\ARMCC\Bin'
Rebuild target 'nrf51422_xxac'
compiling boards.c...
compiling bsp.c...
compiling main.c...
..\..\..\main.c(2113): warning:  #177-D: variable "btn_press"  was declared but never referenced
  	static bool btn_press = 1, left_move_flag = 0;
..\..\..\main.c(2113): warning:  #177-D: variable "left_move_flag"  was declared but never referenced
  	static bool btn_press = 1, left_move_flag = 0;
..\..\..\main.c(2114): warning:  #177-D: variable "cnt"  was declared but never referenced
  	static uint8_t cnt = 0;
..\..\..\main.c(1637): warning:  #177-D: function "mouse_button_send"  was declared but never referenced
  static void mouse_button_send(bool btn_press)
..\..\..\main.c(1663): warning:  #177-D: function "mouse_button_send2"  was declared but never referenced
  static void mouse_button_send2(bool btn_press)
..\..\..\main.c(1694): warning:  #177-D: function "mouse_movement_send"  was declared but never referenced
  static void mouse_movement_send(int16_t x_delta, int16_t y_delta)
..\..\..\main.c(1739): warning:  #177-D: function "mouse_movement_send2"  was declared but never referenced
  static void mouse_movement_send2(int16_t x_delta, int16_t y_delta, int8_t wheel)
..\..\..\main.c(2022): warning:  #177-D: function "buffer_dequeue"  was declared but never referenced
  static uint32_t buffer_dequeue(bool tx_flag)
..\..\..\main.c: 8 warnings, 0 errors
compiling bsp_nfc.c...
compiling bsp_btn_ble.c...
compiling ble_advdata.c...
compiling ble_advertising.c...
compiling ble_conn_params.c...
compiling ble_conn_state.c...
compiling ble_srv_common.c...
compiling gatt_cache_manager.c...
compiling peer_data.c...
compiling gatts_cache_manager.c...
compiling id_manager.c...
compiling peer_id.c...
compiling peer_data_storage.c...
compiling peer_database.c...
compiling pm_buffer.c...
compiling pm_mutex.c...
compiling peer_manager.c...
compiling security_dispatcher.c...
compiling security_manager.c...
compiling ble_bas.c...
compiling ble_dis.c...
compiling ble_hids.c...
compiling nrf_drv_clock.c...
compiling nrf_drv_common.c...
compiling nrf_drv_uart.c...
compiling nrf_drv_gpiote.c...
compiling app_button.c...
compiling app_error_weak.c...
compiling app_error.c...
compiling app_timer_appsh.c...
compiling app_timer.c...
compiling app_scheduler.c...
compiling app_util_platform.c...
compiling crc16.c...
compiling fds.c...
compiling hardfault_implementation.c...
compiling fstorage.c...
compiling sdk_errors.c...
compiling nrf_assert.c...
compiling sdk_mapped_flags.c...
compiling sensorsim.c...
compiling RTT_Syscalls_KEIL.c...
compiling nrf_log_backend_serial.c...
compiling nrf_log_frontend.c...
compiling SEGGER_RTT_printf.c...
compiling SEGGER_RTT.c...
assembling arm_startup_nrf51.s...
compiling softdevice_handler.c...
compiling softdevice_handler_appsh.c...
compiling system_nrf51.c...
linking...
Program Size: Code=33380 RO-data=448 RW-data=648 ZI-data=5200  
FromELF: creating hex file...
".\_build\nrf51422_xxac.axf" - 0 Error(s), 8 Warning(s).

<h2>Software Packages used:</h2>

Package Vendor: ARM
                http://www.keil.com/pack/ARM.CMSIS.4.5.0.pack
                ARM::CMSIS:CORE:4.3.0
                CMSIS (Cortex Microcontroller Software Interface Standard)
   * Component: CORE Version: 4.3.0

Package Vendor: NordicSemiconductor
                http://developer.nordicsemi.com/nRF5_SDK/pieces/nRF_DeviceFamilyPack/NordicSemiconductor.nRF_DeviceFamilyPack.8.11.1.pack
                NordicSemiconductor::Device:Startup:8.11.1
                Nordic Semiconductor nRF ARM devices Device Family Pack.
   * Component: Startup Version: 8.11.1

<h2>Collection of Component include folders:</h2>
  D:\workspace\hq_projs\nRF5_SDK_12.2.0_f012efa\examples\ble_peripheral\ble_app_hids_mouse_composite\pca10028\s130\arm5_no_packs\RTE\_nrf51422_xxac
  D:\Keil_v5\ARM\PACK\ARM\CMSIS\4.5.0\CMSIS\Include
  D:\Keil_v5\ARM\PACK\NordicSemiconductor\nRF_DeviceFamilyPack\8.11.1\Device\Include
  D:\Keil_v5\ARM\PACK\NordicSemiconductor\nRF_DeviceFamilyPack\8.16.0\Device\Include

<h2>Collection of Component Files used:</h2>

   * Component: ARM::CMSIS:CORE:4.3.0

   * Component: NordicSemiconductor::Device:Startup:8.11.1
      Source file:   Device\Source\arm\arm_startup_nrf51.s
      Source file:   Device\Source\system_nrf51.c
      Include file:  Device\Include\system_nrf51.h
Build Time Elapsed:  00:00:12
</pre>
</body>
</html>
