Component: ARM Compiler 5.06 update 4 (build 422) Tool: armlink [4d35d2]

==============================================================================

Section Cross References

    main.o(i.advertising_init) refers to memseta.o(.text) for __aeabi_memclr4
    main.o(i.advertising_init) refers to ble_advertising.o(i.ble_advertising_init) for ble_advertising_init
    main.o(i.advertising_init) refers to app_error.o(i.app_error_handler_bare) for app_error_handler_bare
    main.o(i.advertising_init) refers to main.o(.data) for .data
    main.o(i.advertising_init) refers to main.o(i.ble_advertising_error_handler) for ble_advertising_error_handler
    main.o(i.advertising_init) refers to main.o(i.on_adv_evt) for on_adv_evt
    main.o(i.advertising_start) refers to memseta.o(.text) for __aeabi_memset
    main.o(i.advertising_start) refers to peer_manager.o(i.pm_next_peer_id_get) for pm_next_peer_id_get
    main.o(i.advertising_start) refers to peer_manager.o(i.pm_whitelist_set) for pm_whitelist_set
    main.o(i.advertising_start) refers to app_error.o(i.app_error_handler_bare) for app_error_handler_bare
    main.o(i.advertising_start) refers to peer_manager.o(i.pm_device_identities_list_set) for pm_device_identities_list_set
    main.o(i.advertising_start) refers to ble_advertising.o(i.ble_advertising_start) for ble_advertising_start
    main.o(i.advertising_start) refers to main.o(.bss) for .bss
    main.o(i.advertising_start) refers to main.o(.data) for .data
    main.o(i.assert_nrf_callback) refers to app_error.o(i.app_error_handler) for app_error_handler
    main.o(i.bas_init) refers to memseta.o(.text) for __aeabi_memclr4
    main.o(i.bas_init) refers to ble_bas.o(i.ble_bas_init) for ble_bas_init
    main.o(i.bas_init) refers to app_error.o(i.app_error_handler_bare) for app_error_handler_bare
    main.o(i.bas_init) refers to main.o(.bss) for .bss
    main.o(i.battery_level_meas_timeout_handler) refers to sensorsim.o(i.sensorsim_measure) for sensorsim_measure
    main.o(i.battery_level_meas_timeout_handler) refers to ble_bas.o(i.ble_bas_battery_level_update) for ble_bas_battery_level_update
    main.o(i.battery_level_meas_timeout_handler) refers to app_error.o(i.app_error_handler_bare) for app_error_handler_bare
    main.o(i.battery_level_meas_timeout_handler) refers to main.o(.bss) for .bss
    main.o(i.battery_level_meas_timeout_handler) refers to main.o(.data) for .data
    main.o(i.ble_advertising_error_handler) refers to app_error.o(i.app_error_handler_bare) for app_error_handler_bare
    main.o(i.ble_evt_dispatch) refers to ble_conn_state.o(i.ble_conn_state_on_ble_evt) for ble_conn_state_on_ble_evt
    main.o(i.ble_evt_dispatch) refers to peer_manager.o(i.pm_on_ble_evt) for pm_on_ble_evt
    main.o(i.ble_evt_dispatch) refers to bsp_btn_ble.o(i.bsp_btn_ble_on_ble_evt) for bsp_btn_ble_on_ble_evt
    main.o(i.ble_evt_dispatch) refers to main.o(i.on_ble_evt) for on_ble_evt
    main.o(i.ble_evt_dispatch) refers to ble_advertising.o(i.ble_advertising_on_ble_evt) for ble_advertising_on_ble_evt
    main.o(i.ble_evt_dispatch) refers to ble_conn_params.o(i.ble_conn_params_on_ble_evt) for ble_conn_params_on_ble_evt
    main.o(i.ble_evt_dispatch) refers to ble_hids.o(i.ble_hids_on_ble_evt) for ble_hids_on_ble_evt
    main.o(i.ble_evt_dispatch) refers to ble_bas.o(i.ble_bas_on_ble_evt) for ble_bas_on_ble_evt
    main.o(i.ble_evt_dispatch) refers to main.o(.bss) for .bss
    main.o(i.ble_stack_init) refers to softdevice_handler.o(i.softdevice_handler_init) for softdevice_handler_init
    main.o(i.ble_stack_init) refers to app_error.o(i.app_error_handler_bare) for app_error_handler_bare
    main.o(i.ble_stack_init) refers to softdevice_handler.o(i.softdevice_enable_get_default_config) for softdevice_enable_get_default_config
    main.o(i.ble_stack_init) refers to softdevice_handler.o(i.softdevice_enable) for softdevice_enable
    main.o(i.ble_stack_init) refers to softdevice_handler.o(i.softdevice_ble_evt_handler_set) for softdevice_ble_evt_handler_set
    main.o(i.ble_stack_init) refers to softdevice_handler.o(i.softdevice_sys_evt_handler_set) for softdevice_sys_evt_handler_set
    main.o(i.ble_stack_init) refers to main.o(.constdata) for .constdata
    main.o(i.ble_stack_init) refers to softdevice_handler_appsh.o(i.softdevice_evt_schedule) for softdevice_evt_schedule
    main.o(i.ble_stack_init) refers to main.o(.bss) for .bss
    main.o(i.ble_stack_init) refers to main.o(i.ble_evt_dispatch) for ble_evt_dispatch
    main.o(i.ble_stack_init) refers to main.o(i.sys_evt_dispatch) for sys_evt_dispatch
    main.o(i.bsp_event_handler) refers to main.o(i.__ARM_common_switch8) for __ARM_common_switch8
    main.o(i.bsp_event_handler) refers to main.o(i.sleep_mode_enter) for sleep_mode_enter
    main.o(i.bsp_event_handler) refers to app_error.o(i.app_error_handler_bare) for app_error_handler_bare
[...]
    m_p_whitelist_addrs                      0x200027c8   Data          32  ble_advertising.o(.bss)
    .bss                                     0x200027e8   Section       32  ble_advertising.o(.bss)
    m_p_whitelist_irks                       0x200027e8   Data          32  ble_advertising.o(.bss)
    .bss                                     0x20002808   Section       32  ble_conn_params.o(.bss)
    m_conn_params_timer_id_data              0x20002808   Data          32  ble_conn_params.o(.bss)
    .bss                                     0x20002828   Section       28  ble_conn_params.o(.bss)
    m_conn_params_config                     0x20002828   Data          28  ble_conn_params.o(.bss)
    .bss                                     0x20002844   Section       52  ble_conn_state.o(.bss)
    m_bcs                                    0x20002844   Data          52  ble_conn_state.o(.bss)
    .bss                                     0x20002878   Section      112  id_manager.o(.bss)
    m_connections                            0x20002878   Data          96  id_manager.o(.bss)
    m_wlisted_peers                          0x200028d8   Data          16  id_manager.o(.bss)
    .bss                                     0x200028e8   Section      816  peer_database.o(.bss)
    buffer_memory                            0x200028e8   Data         640  peer_database.o(.bss)
    m_write_buffer                           0x20002b68   Data          16  peer_database.o(.bss)
    m_write_buffer_records                   0x20002b78   Data         160  peer_database.o(.bss)
    .bss                                     0x20002c18   Section       64  peer_id.o(.bss)
    m_pi                                     0x20002c18   Data          64  peer_id.o(.bss)
    .bss                                     0x20002c58   Section       12  peer_manager.o(.bss)
    m_evt_handlers                           0x20002c58   Data          12  peer_manager.o(.bss)
    .bss                                     0x20002c64   Section       64  security_dispatcher.o(.bss)
    m_peer_pk                                0x20002c64   Data          64  security_dispatcher.o(.bss)
    .bss                                     0x20002ca4   Section       20  nrf_drv_clock.o(.bss)
    m_clock_cb                               0x20002ca4   Data          20  nrf_drv_clock.o(.bss)
    .bss                                     0x20002cb8   Section       72  nrf_drv_gpiote.o(.bss)
    m_cb                                     0x20002cb8   Data          72  nrf_drv_gpiote.o(.bss)
    .bss                                     0x20002d00   Section       28  nrf_drv_uart.o(.bss)
    m_cb                                     0x20002d00   Data          28  nrf_drv_uart.o(.bss)
    .bss                                     0x20002d1c   Section       32  app_button.o(.bss)
    m_detection_delay_timer_id_data          0x20002d1c   Data          32  app_button.o(.bss)
    .bss                                     0x20002d3c   Section      284  fds.o(.bss)
    desc                                     0x20002d3c   Data          12  fds.o(.bss)
    m_cb_table                               0x20002d48   Data          32  fds.o(.bss)
    m_op_queue                               0x20002d68   Data         120  fds.o(.bss)
    m_chunk_queue                            0x20002de0   Data          72  fds.o(.bss)
    m_pages                                  0x20002e28   Data          32  fds.o(.bss)
    m_gc                                     0x20002e48   Data          16  fds.o(.bss)
    .bss                                     0x20002e58   Section      104  fstorage.o(.bss)
    m_queue                                  0x20002e58   Data         104  fstorage.o(.bss)
    STACK                                    0x20002ec0   Section     2048  arm_startup_nrf51.o(STACK)

    Global Symbols

    Symbol Name                              Value     Ov Type        Size  Object(Section)

    BuildAttributes$$THM_ISAv3M$S$PE$A:L22$X:L11$S22$IEEE1$IW$USESV6$~STKCKD$USESV7$~SHL$OSPACE$EBA8$MICROLIB$REQ8$PRES8$EABIv2 0x00000000   Number         0  anon$$obj.o ABSOLUTE
    __ARM_use_no_argv                        0x00000000   Number         0  main.o ABSOLUTE
    __cpp_initialize__aeabi_                  - Undefined Weak Reference
    __cxa_finalize                            - Undefined Weak Reference
    _clock_init                               - Undefined Weak Reference
    _microlib_exit                            - Undefined Weak Reference
    __Vectors_Size                           0x000000c0   Number         0  arm_startup_nrf51.o ABSOLUTE
    __Vectors                                0x0001b000   Data           4  arm_startup_nrf51.o(RESET)
    __Vectors_End                            0x0001b0c0   Data           0  arm_startup_nrf51.o(RESET)
    __main                                   0x0001b0c1   Thumb Code     0  entry.o(.ARM.Collect$$$$00000000)
    _main_stk                                0x0001b0c1   Thumb Code     0  entry2.o(.ARM.Collect$$$$00000001)
    _main_scatterload                        0x0001b0c5   Thumb Code     0  entry5.o(.ARM.Collect$$$$00000004)
    __main_after_scatterload                 0x0001b0c9   Thumb Code     0  entry5.o(.ARM.Collect$$$$00000004)
    _main_clock                              0x0001b0c9   Thumb Code     0  entry7b.o(.ARM.Collect$$$$00000008)
    _main_cpp_init                           0x0001b0c9   Thumb Code     0  entry8b.o(.ARM.Collect$$$$0000000A)
    _main_init                               0x0001b0c9   Thumb Code     0  entry9a.o(.ARM.Collect$$$$0000000B)
    __rt_final_cpp                           0x0001b0d1   Thumb Code     0  entry10a.o(.ARM.Collect$$$$0000000D)
    __rt_final_exit                          0x0001b0d1   Thumb Code     0  entry11a.o(.ARM.Collect$$$$0000000F)
    Reset_Handler                            0x0001b0d5   Thumb Code    26  arm_startup_nrf51.o(.text)
    NMI_Handler                              0x0001b0ef   Thumb Code     2  arm_startup_nrf51.o(.text)
    HardFault_Handler                        0x0001b0f1   Thumb Code     2  arm_startup_nrf51.o(.text)
    SVC_Handler                              0x0001b0f3   Thumb Code     2  arm_startup_nrf51.o(.text)
    PendSV_Handler                           0x0001b0f5   Thumb Code     2  arm_startup_nrf51.o(.text)
    SysTick_Handler                          0x0001b0f7   Thumb Code     2  arm_startup_nrf51.o(.text)
    ADC_IRQHandler                           0x0001b0f9   Thumb Code     0  arm_startup_nrf51.o(.text)
    CCM_AAR_IRQHandler                       0x0001b0f9   Thumb Code     0  arm_startup_nrf51.o(.text)
    ECB_IRQHandler                           0x0001b0f9   Thumb Code     0  arm_startup_nrf51.o(.text)
    LPCOMP_IRQHandler                        0x0001b0f9   Thumb Code     0  arm_startup_nrf51.o(.text)
    QDEC_IRQHandler                          0x0001b0f9   Thumb Code     0  arm_startup_nrf51.o(.text)
    RADIO_IRQHandler                         0x0001b0f9   Thumb Code     0  arm_startup_nrf51.o(.text)
    RNG_IRQHandler                           0x0001b0f9   Thumb Code     0  arm_startup_nrf51.o(.text)
    RTC0_IRQHandler                          0x0001b0f9   Thumb Code     0  arm_startup_nrf51.o(.text)
    SPI0_TWI0_IRQHandler                     0x0001b0f9   Thumb Code     0  arm_startup_nrf51.o(.text)
    SPI1_TWI1_IRQHandler                     0x0001b0f9   Thumb Code     0  arm_startup_nrf51.o(.text)
    SWI1_IRQHandler                          0x0001b0f9   Thumb Code     0  arm_startup_nrf51.o(.text)
    SWI3_IRQHandler                          0x0001b0f9   Thumb Code     0  arm_startup_nrf51.o(.text)
    SWI4_IRQHandler                          0x0001b0f9   Thumb Code     0  arm_startup_nrf51.o(.text)
    SWI5_IRQHandler                          0x0001b0f9   Thumb Code     0  arm_startup_nrf51.o(.text)
    TEMP_IRQHandler                          0x0001b0f9   Thumb Code     0  arm_startup_nrf51.o(.text)
    TIMER0_IRQHandler                        0x0001b0f9   Thumb Code     0  arm_startup_nrf51.o(.text)
    TIMER1_IRQHandler                        0x0001b0f9   Thumb Code     0  arm_startup_nrf51.o(.text)
    TIMER2_IRQHandler                        0x0001b0f9   Thumb Code     0  arm_startup_nrf51.o(.text)
    WDT_IRQHandler                           0x0001b0f9   Thumb Code     0  arm_startup_nrf51.o(.text)
    __aeabi_uidiv                            0x0001b10d   Thumb Code     0  uidiv.o(.text)
    __aeabi_uidivmod                         0x0001b10d   Thumb Code    44  uidiv.o(.text)
    __aeabi_memcpy                           0x0001b139   Thumb Code    36  memcpya.o(.text)
    __aeabi_memcpy4                          0x0001b139   Thumb Code     0  memcpya.o(.text)
    __aeabi_memcpy8                          0x0001b139   Thumb Code     0  memcpya.o(.text)
    __aeabi_memset                           0x0001b15d   Thumb Code    14  memseta.o(.text)
    __aeabi_memset4                          0x0001b15d   Thumb Code     0  memseta.o(.text)
    __aeabi_memset8                          0x0001b15d   Thumb Code     0  memseta.o(.text)
    __aeabi_memclr                           0x0001b16b   Thumb Code     4  memseta.o(.text)
    __aeabi_memclr4                          0x0001b16b   Thumb Code     0  memseta.o(.text)
    __aeabi_memclr8                          0x0001b16b   Thumb Code     0  memseta.o(.text)
    _memset$wrapper                          0x0001b16f   Thumb Code    18  memseta.o(.text)
    strlen                                   0x0001b181   Thumb Code    14  strlen.o(.text)
    memcmp                                   0x0001b18f   Thumb Code    26  memcmp.o(.text)
    __scatterload                            0x0001b1a9   Thumb Code    28  init.o(.text)
    __scatterload_rt2                        0x0001b1a9   Thumb Code     0  init.o(.text)
    __decompress                             0x0001b1cd   Thumb Code     0  __dczerorl2.o(.text)
    __decompress1                            0x0001b1cd   Thumb Code    86  __dczerorl2.o(.text)
    GPIOTE_IRQHandler                        0x0001b225   Thumb Code   364  nrf_drv_gpiote.o(i.GPIOTE_IRQHandler)
    POWER_CLOCK_IRQHandler                   0x0001b3e1   Thumb Code    70  nrf_drv_clock.o(i.POWER_CLOCK_IRQHandler)
    RTC1_IRQHandler                          0x0001b435   Thumb Code    28  app_timer.o(i.RTC1_IRQHandler)
    SWI0_IRQHandler                          0x0001b455   Thumb Code     8  app_timer.o(i.SWI0_IRQHandler)
    SWI2_IRQHandler                          0x0001b45d   Thumb Code    28  softdevice_handler.o(i.SWI2_IRQHandler)
    SystemInit                               0x0001b47d   Thumb Code   130  system_nrf51.o(i.SystemInit)
    UART0_IRQHandler                         0x0001b51d   Thumb Code    12  nrf_drv_uart.o(i.UART0_IRQHandler)
    __ARM_common_switch8                     0x0001b531   Thumb Code    26  main.o(i.__ARM_common_switch8)
    __scatterload_copy                       0x0001b54b   Thumb Code    14  handlers.o(i.__scatterload_copy)
    __scatterload_null                       0x0001b559   Thumb Code     2  handlers.o(i.__scatterload_null)
    __scatterload_zeroinit                   0x0001b55b   Thumb Code    14  handlers.o(i.__scatterload_zeroinit)
    addr_compare                             0x0001b585   Thumb Code    40  id_manager.o(i.addr_compare)
    adv_data_encode                          0x0001b5ad   Thumb Code   398  ble_advdata.o(i.adv_data_encode)
    ah                                       0x0001b8dd   Thumb Code    78  id_manager.o(i.ah)
    app_button_enable                        0x0001b935   Thumb Code    32  app_button.o(i.app_button_enable)
    app_button_init                          0x0001b959   Thumb Code   100  app_button.o(i.app_button_init)
    app_error_fault_handler                  0x0001b9cd   Thumb Code    18  app_error_weak.o(i.app_error_fault_handler)
    app_error_handler_bare                   0x0001b9e9   Thumb Code    20  app_error.o(i.app_error_handler_bare)
    app_sched_event_put                      0x0001ba01   Thumb Code   146  app_scheduler.o(i.app_sched_event_put)
    app_sched_execute                        0x0001ba9d   Thumb Code    56  app_scheduler.o(i.app_sched_execute)
    app_sched_init                           0x0001bad9   Thumb Code    40  app_scheduler.o(i.app_sched_init)
    app_timer_create                         0x0001bb05   Thumb Code    40  app_timer.o(i.app_timer_create)
    app_timer_evt_schedule                   0x0001bb49   Thumb Code    18  app_timer_appsh.o(i.app_timer_evt_schedule)
    app_timer_init                           0x0001bb61   Thumb Code    98  app_timer.o(i.app_timer_init)
    app_timer_start                          0x0001bbd5   Thumb Code   128  app_timer.o(i.app_timer_start)
    app_timer_stop                           0x0001bc5d   Thumb Code    36  app_timer.o(i.app_timer_stop)
    app_util_critical_region_enter           0x0001bc85   Thumb Code    48  app_util_platform.o(i.app_util_critical_region_enter)
    app_util_critical_region_exit            0x0001bcc1   Thumb Code    36  app_util_platform.o(i.app_util_critical_region_exit)
    ble_advdata_set                          0x0001bf55   Thumb Code   104  ble_advdata.o(i.ble_advdata_set)
    ble_advertising_init                     0x0001bfc5   Thumb Code   340  ble_advertising.o(i.ble_advertising_init)
    ble_advertising_on_ble_evt               0x0001c121   Thumb Code    82  ble_advertising.o(i.ble_advertising_on_ble_evt)
    ble_advertising_on_sys_evt               0x0001c179   Thumb Code    42  ble_advertising.o(i.ble_advertising_on_sys_evt)
    ble_advertising_peer_addr_reply          0x0001c1a9   Thumb Code    34  ble_advertising.o(i.ble_advertising_peer_addr_reply)
    ble_advertising_restart_without_whitelist 0x0001c1d1   Thumb Code    50  ble_advertising.o(i.ble_advertising_restart_without_whitelist)
    ble_advertising_start                    0x0001c20d   Thumb Code   256  ble_advertising.o(i.ble_advertising_start)
    ble_advertising_whitelist_reply          0x0001c315   Thumb Code    96  ble_advertising.o(i.ble_advertising_whitelist_reply)
    ble_bas_battery_level_update             0x0001c379   Thumb Code   112  ble_bas.o(i.ble_bas_battery_level_update)
    ble_bas_init                             0x0001c3ed   Thumb Code    66  ble_bas.o(i.ble_bas_init)
    ble_bas_on_ble_evt                       0x0001c435   Thumb Code    96  ble_bas.o(i.ble_bas_on_ble_evt)
    ble_conn_params_init                     0x0001c495   Thumb Code    68  ble_conn_params.o(i.ble_conn_params_init)
    ble_conn_params_on_ble_evt               0x0001c4e9   Thumb Code   130  ble_conn_params.o(i.ble_conn_params_on_ble_evt)
    ble_conn_state_conn_handles              0x0001c579   Thumb Code    14  ble_conn_state.o(i.ble_conn_state_conn_handles)
    ble_conn_state_encrypted                 0x0001c58d   Thumb Code    16  ble_conn_state.o(i.ble_conn_state_encrypted)
    ble_conn_state_mitm_protected            0x0001c5a1   Thumb Code    16  ble_conn_state.o(i.ble_conn_state_mitm_protected)
    ble_conn_state_on_ble_evt                0x0001c5b5   Thumb Code   238  ble_conn_state.o(i.ble_conn_state_on_ble_evt)
    ble_conn_state_role                      0x0001c6ad   Thumb Code    46  ble_conn_state.o(i.ble_conn_state_role)
    ble_conn_state_user_flag_acquire         0x0001c6e1   Thumb Code    42  ble_conn_state.o(i.ble_conn_state_user_flag_acquire)
    ble_conn_state_user_flag_collection      0x0001c711   Thumb Code    20  ble_conn_state.o(i.ble_conn_state_user_flag_collection)
    ble_conn_state_user_flag_get             0x0001c729   Thumb Code    32  ble_conn_state.o(i.ble_conn_state_user_flag_get)
    ble_conn_state_user_flag_set             0x0001c74d   Thumb Code    36  ble_conn_state.o(i.ble_conn_state_user_flag_set)
    ble_dis_init                             0x0001c7d5   Thumb Code   308  ble_dis.o(i.ble_dis_init)
    ble_hids_boot_kb_inp_rep_send            0x0001c955   Thumb Code    74  ble_hids.o(i.ble_hids_boot_kb_inp_rep_send)
    ble_hids_init                            0x0001c9a5   Thumb Code   296  ble_hids.o(i.ble_hids_init)
    ble_hids_inp_rep_send                    0x0001cad5   Thumb Code    92  ble_hids.o(i.ble_hids_inp_rep_send)
    ble_hids_on_ble_evt                      0x0001cb35   Thumb Code   152  ble_hids.o(i.ble_hids_on_ble_evt)
    ble_srv_ascii_to_utf8                    0x0001cbcd   Thumb Code    18  ble_srv_common.o(i.ble_srv_ascii_to_utf8)
    ble_srv_is_notification_enabled          0x0001cbdf   Thumb Code    14  ble_srv_common.o(i.ble_srv_is_notification_enabled)
    ble_srv_report_ref_encode                0x0001cbed   Thumb Code    12  ble_srv_common.o(i.ble_srv_report_ref_encode)
    bsp_board_button_idx_to_pin              0x0001cda9   Thumb Code     6  boards.o(i.bsp_board_button_idx_to_pin)
    bsp_board_button_state_get               0x0001cdb5   Thumb Code    24  boards.o(i.bsp_board_button_state_get)
    bsp_board_led_invert                     0x0001cdd5   Thumb Code    24  boards.o(i.bsp_board_led_invert)
    bsp_board_led_off                        0x0001cdf5   Thumb Code    14  boards.o(i.bsp_board_led_off)
    bsp_board_led_on                         0x0001ce09   Thumb Code    14  boards.o(i.bsp_board_led_on)
    bsp_board_led_state_get                  0x0001ce1d   Thumb Code    24  boards.o(i.bsp_board_led_state_get)
    bsp_board_leds_init                      0x0001ce3d   Thumb Code    36  boards.o(i.bsp_board_leds_init)
    bsp_board_leds_off                       0x0001ce65   Thumb Code    18  boards.o(i.bsp_board_leds_off)
    bsp_board_leds_on                        0x0001ce77   Thumb Code    18  boards.o(i.bsp_board_leds_on)
    bsp_board_pin_to_button_idx              0x0001ce89   Thumb Code    30  boards.o(i.bsp_board_pin_to_button_idx)
    bsp_btn_ble_init                         0x0001cead   Thumb Code    58  bsp_btn_ble.o(i.bsp_btn_ble_init)
    bsp_btn_ble_on_ble_evt                   0x0001ceed   Thumb Code   114  bsp_btn_ble.o(i.bsp_btn_ble_on_ble_evt)
    bsp_btn_ble_sleep_mode_prepare           0x0001cf65   Thumb Code    34  bsp_btn_ble.o(i.bsp_btn_ble_sleep_mode_prepare)
    bsp_button_is_pressed                    0x0001d01d   Thumb Code     8  bsp.o(i.bsp_button_is_pressed)
    bsp_event_to_button_action_assign        0x0001d0ed   Thumb Code    66  bsp.o(i.bsp_event_to_button_action_assign)
    bsp_indication_set                       0x0001d135   Thumb Code    22  bsp.o(i.bsp_indication_set)
    bsp_init                                 0x0001d151   Thumb Code   132  bsp.o(i.bsp_init)
    bsp_wakeup_button_enable                 0x0001d369   Thumb Code    16  bsp.o(i.bsp_wakeup_button_enable)
    chunk_queue_next                         0x0001d4f5   Thumb Code    20  fds.o(i.chunk_queue_next)
    fds_file_delete                          0x0001db45   Thumb Code    66  fds.o(i.fds_file_delete)
    fds_gc                                   0x0001db91   Thumb Code    62  fds.o(i.fds_gc)
    fds_init                                 0x0001dbd9   Thumb Code   134  fds.o(i.fds_init)
    fds_record_close                         0x0001dc65   Thumb Code    60  fds.o(i.fds_record_close)
    fds_record_find                          0x0001dca5   Thumb Code    14  fds.o(i.fds_record_find)
    fds_record_find_by_key                   0x0001dcb3   Thumb Code    16  fds.o(i.fds_record_find_by_key)
    fds_record_find_in_file                  0x0001dcc3   Thumb Code    16  fds.o(i.fds_record_find_in_file)
    fds_record_id_from_desc                  0x0001dcd3   Thumb Code    20  fds.o(i.fds_record_id_from_desc)
    fds_record_open                          0x0001dce9   Thumb Code    64  fds.o(i.fds_record_open)
    fds_record_update                        0x0001dd2d   Thumb Code    20  fds.o(i.fds_record_update)
    fds_record_write                         0x0001dd41   Thumb Code    12  fds.o(i.fds_record_write)
    fds_record_write_reserved                0x0001dd4d   Thumb Code    18  fds.o(i.fds_record_write_reserved)
    fds_register                             0x0001dd61   Thumb Code    28  fds.o(i.fds_register)
    fds_reserve                              0x0001dd85   Thumb Code    48  fds.o(i.fds_reserve)
    fds_reserve_cancel                       0x0001ddb9   Thumb Code    62  fds.o(i.fds_reserve_cancel)
    feature_rep_characteristics_add          0x0001de01   Thumb Code    98  ble_hids.o(i.feature_rep_characteristics_add)
    fs_erase                                 0x0001df25   Thumb Code   118  fstorage.o(i.fs_erase)
    fs_init                                  0x0001dfad   Thumb Code   154  fstorage.o(i.fs_init)
    fs_queued_op_count_get                   0x0001e059   Thumb Code    18  fstorage.o(i.fs_queued_op_count_get)
    fs_store                                 0x0001e071   Thumb Code   128  fstorage.o(i.fs_store)
    fs_sys_event_handler                     0x0001e0f5   Thumb Code    94  fstorage.o(i.fs_sys_event_handler)
    gcm_ble_evt_handler                      0x0001e391   Thumb Code   232  gatt_cache_manager.o(i.gcm_ble_evt_handler)
    gcm_gscm_evt_handler                     0x0001e481   Thumb Code    96  gatt_cache_manager.o(i.gcm_gscm_evt_handler)
    gcm_im_evt_handler                       0x0001e4e9   Thumb Code    40  gatt_cache_manager.o(i.gcm_im_evt_handler)
    gcm_init                                 0x0001e515   Thumb Code    66  gatt_cache_manager.o(i.gcm_init)
    gcm_local_database_has_changed           0x0001e55d   Thumb Code    66  gatt_cache_manager.o(i.gcm_local_database_has_changed)
    gcm_smd_evt_handler                      0x0001e5a9   Thumb Code    16  gatt_cache_manager.o(i.gcm_smd_evt_handler)
    get_connection_by_conn_handle            0x0001e5b9   Thumb Code    48  id_manager.o(i.get_connection_by_conn_handle)
    get_free_connection                      0x0001e5f1   Thumb Code    40  id_manager.o(i.get_free_connection)
    gscm_db_change_notification_done         0x0001e671   Thumb Code    22  gatts_cache_manager.o(i.gscm_db_change_notification_done)
    gscm_init                                0x0001e68d   Thumb Code    16  gatts_cache_manager.o(i.gscm_init)
    gscm_local_database_has_changed          0x0001e6a1   Thumb Code    18  gatts_cache_manager.o(i.gscm_local_database_has_changed)
    gscm_local_db_cache_apply                0x0001e6bd   Thumb Code   104  gatts_cache_manager.o(i.gscm_local_db_cache_apply)
    gscm_local_db_cache_update               0x0001e729   Thumb Code   124  gatts_cache_manager.o(i.gscm_local_db_cache_update)
    gscm_pdb_evt_handler                     0x0001e7ad   Thumb Code    68  gatts_cache_manager.o(i.gscm_pdb_evt_handler)
    gscm_service_changed_ind_needed          0x0001e7f9   Thumb Code    28  gatts_cache_manager.o(i.gscm_service_changed_ind_needed)
    gscm_service_changed_ind_send            0x0001e815   Thumb Code    32  gatts_cache_manager.o(i.gscm_service_changed_ind_send)
    im_address_resolve                       0x0001eab5   Thumb Code    64  id_manager.o(i.im_address_resolve)
    im_ble_addr_get                          0x0001eaf5   Thumb Code    38  id_manager.o(i.im_ble_addr_get)
    im_ble_evt_handler                       0x0001eb21   Thumb Code   162  id_manager.o(i.im_ble_evt_handler)
    im_conn_handle_get                       0x0001ebc9   Thumb Code    34  id_manager.o(i.im_conn_handle_get)
    im_device_identities_list_set            0x0001ebf5   Thumb Code     4  id_manager.o(i.im_device_identities_list_set)
    im_init                                  0x0001ebf9   Thumb Code    60  id_manager.o(i.im_init)
    im_is_duplicate_bonding_data             0x0001ec41   Thumb Code    56  id_manager.o(i.im_is_duplicate_bonding_data)
    im_master_id_is_valid                    0x0001ec79   Thumb Code    28  id_manager.o(i.im_master_id_is_valid)
    im_master_ids_compare                    0x0001ec95   Thumb Code    44  id_manager.o(i.im_master_ids_compare)
    im_new_peer_id                           0x0001ecc1   Thumb Code     8  id_manager.o(i.im_new_peer_id)
    im_pdb_evt_handler                       0x0001ecc9   Thumb Code   110  id_manager.o(i.im_pdb_evt_handler)
    im_peer_free                             0x0001ed39   Thumb Code    38  id_manager.o(i.im_peer_free)
    im_peer_id_get_by_conn_handle            0x0001ed65   Thumb Code    24  id_manager.o(i.im_peer_id_get_by_conn_handle)
    im_peer_id_get_by_master_id              0x0001ed85   Thumb Code    62  id_manager.o(i.im_peer_id_get_by_master_id)
    im_whitelist_get                         0x0001edc9   Thumb Code    48  id_manager.o(i.im_whitelist_get)
    im_whitelist_set                         0x0001ee01   Thumb Code    46  id_manager.o(i.im_whitelist_set)
    inp_rep_characteristics_add              0x0001eef9   Thumb Code   122  ble_hids.o(i.inp_rep_characteristics_add)
    intern_softdevice_events_execute         0x0001ef75   Thumb Code   122  softdevice_handler.o(i.intern_softdevice_events_execute)
    is_valid_irk                             0x0001f059   Thumb Code    22  id_manager.o(i.is_valid_irk)
    main                                     0x0001f62d   Thumb Code   264  main.o(i.main)
    new_connection                           0x0001f8e9   Thumb Code    80  id_manager.o(i.new_connection)
    next_id_get                              0x0001f945   Thumb Code    48  peer_id.o(i.next_id_get)
    nrf_drv_clock_init                       0x0001f9c9   Thumb Code    60  nrf_drv_clock.o(i.nrf_drv_clock_init)
    nrf_drv_clock_on_sd_enable               0x0001fa11   Thumb Code    46  nrf_drv_clock.o(i.nrf_drv_clock_on_sd_enable)
    nrf_drv_clock_on_soc_event               0x0001fa45   Thumb Code    12  nrf_drv_clock.o(i.nrf_drv_clock_on_soc_event)
    nrf_drv_common_irq_enable                0x0001fa51   Thumb Code    78  nrf_drv_common.o(i.nrf_drv_common_irq_enable)
    nrf_drv_gpiote_in_event_enable           0x0001fab1   Thumb Code   136  nrf_drv_gpiote.o(i.nrf_drv_gpiote_in_event_enable)
    nrf_drv_gpiote_in_init                   0x0001fb49   Thumb Code   154  nrf_drv_gpiote.o(i.nrf_drv_gpiote_in_init)
    nrf_drv_gpiote_in_is_set                 0x0001fbf1   Thumb Code    16  nrf_drv_gpiote.o(i.nrf_drv_gpiote_in_is_set)
    nrf_drv_gpiote_init                      0x0001fc05   Thumb Code    84  nrf_drv_gpiote.o(i.nrf_drv_gpiote_init)
    nrf_drv_gpiote_is_init                   0x0001fc61   Thumb Code    12  nrf_drv_gpiote.o(i.nrf_drv_gpiote_is_init)
    outp_rep_characteristics_add             0x00020181   Thumb Code    98  ble_hids.o(i.outp_rep_characteristics_add)
    pdb_init                                 0x00020441   Thumb Code    62  peer_database.o(i.pdb_init)
    pdb_next_deleted_peer_id_get             0x0002048d   Thumb Code     8  peer_database.o(i.pdb_next_deleted_peer_id_get)
    pdb_next_peer_id_get                     0x00020495   Thumb Code     8  peer_database.o(i.pdb_next_peer_id_get)
    pdb_pds_evt_handler                      0x0002049d   Thumb Code   300  peer_database.o(i.pdb_pds_evt_handler)
    pdb_peer_allocate                        0x000205d1   Thumb Code     8  peer_database.o(i.pdb_peer_allocate)
    pdb_peer_data_load                       0x000205d9   Thumb Code    16  peer_database.o(i.pdb_peer_data_load)
    pdb_peer_data_ptr_get                    0x000205e9   Thumb Code    10  peer_database.o(i.pdb_peer_data_ptr_get)
    pdb_peer_free                            0x000205f3   Thumb Code    74  peer_database.o(i.pdb_peer_free)
    pdb_raw_store                            0x0002063d   Thumb Code    12  peer_database.o(i.pdb_raw_store)
    pdb_write_buf_get                        0x00020649   Thumb Code   256  peer_database.o(i.pdb_write_buf_get)
    pdb_write_buf_release                    0x00020751   Thumb Code    42  peer_database.o(i.pdb_write_buf_release)
    pdb_write_buf_store                      0x0002077d   Thumb Code   190  peer_database.o(i.pdb_write_buf_store)
    pdb_write_buf_store_prepare              0x00020845   Thumb Code    98  peer_database.o(i.pdb_write_buf_store_prepare)
    pds_init                                 0x000208b9   Thumb Code   100  peer_data_storage.o(i.pds_init)
    pds_next_deleted_peer_id_get             0x00020929   Thumb Code     8  peer_data_storage.o(i.pds_next_deleted_peer_id_get)
    pds_next_peer_id_get                     0x00020931   Thumb Code     8  peer_data_storage.o(i.pds_next_peer_id_get)
    pds_peer_data_iterate                    0x00020939   Thumb Code    80  peer_data_storage.o(i.pds_peer_data_iterate)
    pds_peer_data_iterate_prepare            0x0002098d   Thumb Code    10  peer_data_storage.o(i.pds_peer_data_iterate_prepare)
    pds_peer_data_read                       0x0002099d   Thumb Code   112  peer_data_storage.o(i.pds_peer_data_read)
    pds_peer_data_store                      0x00020a0d   Thumb Code   170  peer_data_storage.o(i.pds_peer_data_store)
    pds_peer_id_allocate                     0x00020ab9   Thumb Code    10  peer_data_storage.o(i.pds_peer_id_allocate)
    pds_peer_id_free                         0x00020ac9   Thumb Code    22  peer_data_storage.o(i.pds_peer_id_free)
    pds_peer_id_is_allocated                 0x00020adf   Thumb Code     8  peer_data_storage.o(i.pds_peer_id_is_allocated)
    pds_space_reserve                        0x00020ae7   Thumb Code    48  peer_data_storage.o(i.pds_space_reserve)
    pds_space_reserve_cancel                 0x00020b17   Thumb Code    16  peer_data_storage.o(i.pds_space_reserve_cancel)
    peer_id_allocate                         0x00020c15   Thumb Code    10  peer_id.o(i.peer_id_allocate)
    peer_id_delete                           0x00020c25   Thumb Code    30  peer_id.o(i.peer_id_delete)
    peer_id_free                             0x00020c4d   Thumb Code    22  peer_id.o(i.peer_id_free)
    peer_id_get_next_deleted                 0x00020c69   Thumb Code    10  peer_id.o(i.peer_id_get_next_deleted)
    peer_id_get_next_used                    0x00020c79   Thumb Code    42  peer_id.o(i.peer_id_get_next_used)
    peer_id_init                             0x00020cad   Thumb Code    34  peer_id.o(i.peer_id_init)
    peer_id_is_allocated                     0x00020cd5   Thumb Code    20  peer_id.o(i.peer_id_is_allocated)
    peer_id_is_deleted                       0x00020ced   Thumb Code    20  peer_id.o(i.peer_id_is_deleted)
    pm_buffer_block_acquire                  0x00020e8d   Thumb Code    94  pm_buffer.o(i.pm_buffer_block_acquire)
    pm_buffer_init                           0x00020eeb   Thumb Code    66  pm_buffer.o(i.pm_buffer_init)
    pm_buffer_ptr_get                        0x00020f2d   Thumb Code    46  pm_buffer.o(i.pm_buffer_ptr_get)
    pm_buffer_release                        0x00020f5b   Thumb Code    42  pm_buffer.o(i.pm_buffer_release)
    pm_conn_sec_config_reply                 0x00020f85   Thumb Code     8  peer_manager.o(i.pm_conn_sec_config_reply)
    pm_device_identities_list_set            0x00020f8d   Thumb Code    20  peer_manager.o(i.pm_device_identities_list_set)
    pm_gcm_evt_handler                       0x00021025   Thumb Code   128  peer_manager.o(i.pm_gcm_evt_handler)
    pm_im_evt_handler                        0x000210a5   Thumb Code    74  peer_manager.o(i.pm_im_evt_handler)
    pm_init                                  0x000210f5   Thumb Code   108  peer_manager.o(i.pm_init)
    pm_local_database_has_changed            0x00021165   Thumb Code    16  peer_manager.o(i.pm_local_database_has_changed)
    pm_mutex_init                            0x00021179   Thumb Code    16  pm_mutex.o(i.pm_mutex_init)
    pm_mutex_lock                            0x00021189   Thumb Code    28  pm_mutex.o(i.pm_mutex_lock)
    pm_mutex_lock_first_available            0x000211a5   Thumb Code    52  pm_mutex.o(i.pm_mutex_lock_first_available)
    pm_mutex_lock_status_get                 0x000211d9   Thumb Code    24  pm_mutex.o(i.pm_mutex_lock_status_get)
    pm_mutex_unlock                          0x000211f1   Thumb Code    54  pm_mutex.o(i.pm_mutex_unlock)
    pm_next_peer_id_get                      0x00021229   Thumb Code    20  peer_manager.o(i.pm_next_peer_id_get)
    pm_on_ble_evt                            0x00021245   Thumb Code    32  peer_manager.o(i.pm_on_ble_evt)
    pm_pdb_evt_handler                       0x00021269   Thumb Code   306  peer_manager.o(i.pm_pdb_evt_handler)
    pm_peer_data_bonding_load                0x000213a5   Thumb Code    18  peer_manager.o(i.pm_peer_data_bonding_load)
    pm_peer_data_load                        0x000213b9   Thumb Code    92  peer_manager.o(i.pm_peer_data_load)
    pm_peer_delete                           0x00021419   Thumb Code    20  peer_manager.o(i.pm_peer_delete)
    pm_peers_delete                          0x00021431   Thumb Code    52  peer_manager.o(i.pm_peers_delete)
    pm_register                              0x0002146d   Thumb Code    38  peer_manager.o(i.pm_register)
    pm_sec_params_set                        0x0002149d   Thumb Code    20  peer_manager.o(i.pm_sec_params_set)
    pm_sm_evt_handler                        0x000214b5   Thumb Code   324  peer_manager.o(i.pm_sm_evt_handler)
    pm_whitelist_get                         0x00021601   Thumb Code    46  peer_manager.o(i.pm_whitelist_get)
    pm_whitelist_set                         0x00021635   Thumb Code    20  peer_manager.o(i.pm_whitelist_set)
    rep_map_char_add                         0x00021c15   Thumb Code   302  ble_hids.o(i.rep_map_char_add)
    sdk_mapped_flags_bulk_update_by_key      0x00021ed9   Thumb Code    70  sdk_mapped_flags.o(i.sdk_mapped_flags_bulk_update_by_key)
    sdk_mapped_flags_first_key_index_get     0x00021f21   Thumb Code    34  sdk_mapped_flags.o(i.sdk_mapped_flags_first_key_index_get)
    sdk_mapped_flags_get_by_key              0x00021f59   Thumb Code    38  sdk_mapped_flags.o(i.sdk_mapped_flags_get_by_key)
    sdk_mapped_flags_key_list_get            0x00021f7f   Thumb Code    70  sdk_mapped_flags.o(i.sdk_mapped_flags_key_list_get)
    sdk_mapped_flags_update_by_key           0x00021fc5   Thumb Code    14  sdk_mapped_flags.o(i.sdk_mapped_flags_update_by_key)
    sensorsim_decrement                      0x00022221   Thumb Code    28  sensorsim.o(i.sensorsim_decrement)
    sensorsim_increment                      0x0002223d   Thumb Code    28  sensorsim.o(i.sensorsim_increment)
    sensorsim_init                           0x00022259   Thumb Code    24  sensorsim.o(i.sensorsim_init)
    sensorsim_measure                        0x00022271   Thumb Code    26  sensorsim.o(i.sensorsim_measure)
    sm_ble_evt_handler                       0x0002252d   Thumb Code    16  security_manager.o(i.sm_ble_evt_handler)
    sm_conn_sec_config_reply                 0x00022541   Thumb Code    24  security_manager.o(i.sm_conn_sec_config_reply)
    sm_init                                  0x0002255d   Thumb Code    76  security_manager.o(i.sm_init)
    sm_pdb_evt_handler                       0x000225ad   Thumb Code    48  security_manager.o(i.sm_pdb_evt_handler)
    sm_sec_params_set                        0x000225e1   Thumb Code    44  security_manager.o(i.sm_sec_params_set)
    sm_smd_evt_handler                       0x00022611   Thumb Code   118  security_manager.o(i.sm_smd_evt_handler)
    smd_ble_evt_handler                      0x0002268d   Thumb Code   214  security_dispatcher.o(i.smd_ble_evt_handler)
    smd_init                                 0x00022771   Thumb Code    56  security_dispatcher.o(i.smd_init)
    smd_link_secure                          0x000227ad   Thumb Code    44  security_dispatcher.o(i.smd_link_secure)
    smd_params_reply                         0x000227dd   Thumb Code   260  security_dispatcher.o(i.smd_params_reply)
    smd_pdb_evt_handler                      0x00022975   Thumb Code    46  security_dispatcher.o(i.smd_pdb_evt_handler)
    softdevice_ble_evt_handler_set           0x000229a9   Thumb Code    16  softdevice_handler.o(i.softdevice_ble_evt_handler_set)
    softdevice_enable                        0x000229bd   Thumb Code    14  softdevice_handler.o(i.softdevice_enable)
    softdevice_enable_get_default_config     0x000229d1   Thumb Code    40  softdevice_handler.o(i.softdevice_enable_get_default_config)
    softdevice_evt_get                       0x000229f9   Thumb Code    18  softdevice_handler_appsh.o(i.softdevice_evt_get)
    softdevice_evt_schedule                  0x00022a0d   Thumb Code    14  softdevice_handler_appsh.o(i.softdevice_evt_schedule)
    softdevice_fault_handler                 0x00022a21   Thumb Code     8  softdevice_handler.o(i.softdevice_fault_handler)
    softdevice_handler_init                  0x00022a29   Thumb Code    74  softdevice_handler.o(i.softdevice_handler_init)
    softdevice_handler_is_enabled            0x00022a81   Thumb Code     6  softdevice_handler.o(i.softdevice_handler_is_enabled)
    softdevice_sys_evt_handler_set           0x00022a8d   Thumb Code    16  softdevice_handler.o(i.softdevice_sys_evt_handler_set)
    Region$$Table$$Base                      0x00023404   Number         0  anon$$obj.o(Region$$Table)
    Region$$Table$$Limit                     0x00023424   Number         0  anon$$obj.o(Region$$Table)
    Image$$RW_IRAM1$$Base                    0x20001fe8   Number         0  anon$$obj.o ABSOLUTE
    nrf_nvic_state                           0x20002224   Data           8  app_util_platform.o(.data)
    SystemCoreClock                          0x2000225c   Data           4  system_nrf51.o(.data)
    fs_data$$Base                            0x20002260   Number         0  fds.o(fs_data)
    fs_data$$Limit                           0x20002270   Number         0  fds.o(fs_data)
    __initial_sp                             0x200036c0   Data           0  arm_startup_nrf51.o(STACK)



==============================================================================

Memory Map of the image

  Image Entry point : 0x0001b0c1

  Load Region LR_IROM1 (Base: 0x0001b000, Size: 0x000086ac, Max: 0x00025000, ABSOLUTE, COMPRESSED[0x000084e4])

    Execution Region ER_IROM1 (Base: 0x0001b000, Size: 0x00008424, Max: 0x00025000, ABSOLUTE)

    Base Addr    Size         Type   Attr      Idx    E Section Name        Object

    0x0001b000   0x000000c0   Data   RO         4588    RESET               arm_startup_nrf51.o
    0x0001b0c0   0x00000000   Code   RO         4630  * .ARM.Collect$$$$00000000  mc_p.l(entry.o)
    0x0001b0c0   0x00000004   Code   RO         4647    .ARM.Collect$$$$00000001  mc_p.l(entry2.o)
    0x0001b0c4   0x00000004   Code   RO         4650    .ARM.Collect$$$$00000004  mc_p.l(entry5.o)
    0x0001b0c8   0x00000000   Code   RO         4652    .ARM.Collect$$$$00000008  mc_p.l(entry7b.o)
    0x0001b0c8   0x00000000   Code   RO         4654    .ARM.Collect$$$$0000000A  mc_p.l(entry8b.o)
    0x0001b0c8   0x00000008   Code   RO         4655    .ARM.Collect$$$$0000000B  mc_p.l(entry9a.o)
    0x0001b0d0   0x00000000   Code   RO         4657    .ARM.Collect$$$$0000000D  mc_p.l(entry10a.o)
    0x0001b0d0   0x00000000   Code   RO         4659    .ARM.Collect$$$$0000000F  mc_p.l(entry11a.o)
    0x0001b0d0   0x00000004   Code   RO         4648    .ARM.Collect$$$$00002712  mc_p.l(entry2.o)
    0x0001b0d4   0x00000038   Code   RO         4589    .text               arm_startup_nrf51.o
    0x0001b10c   0x0000002c   Code   RO         4633    .text               mc_p.l(uidiv.o)
    0x0001b138   0x00000024   Code   RO         4635    .text               mc_p.l(memcpya.o)
    0x0001b15c   0x00000024   Code   RO         4637    .text               mc_p.l(memseta.o)
    0x0001b180   0x0000000e   Code   RO         4639    .text               mc_p.l(strlen.o)
    0x0001b18e   0x0000001a   Code   RO         4641    .text               mc_p.l(memcmp.o)
    0x0001b1a8   0x00000024   Code   RO         4661    .text               mc_p.l(init.o)
    0x0001b1cc   0x00000056   Code   RO         4671    .text               mc_p.l(__dczerorl2.o)
    0x0001b222   0x00000002   PAD
    0x0001b224   0x00000178   Code   RO         2921    i.GPIOTE_IRQHandler  nrf_drv_gpiote.o
    0x0001b39c   0x00000044   Code   RO         3476    i.NVIC_SetPriority  app_timer.o
    0x0001b3e0   0x00000054   Code   RO         2718    i.POWER_CLOCK_IRQHandler  nrf_drv_clock.o
    0x0001b434   0x00000020   Code   RO         3477    i.RTC1_IRQHandler   app_timer.o
    0x0001b454   0x00000008   Code   RO         3478    i.SWI0_IRQHandler   app_timer.o
    0x0001b45c   0x00000020   Code   RO         4429    i.SWI2_IRQHandler   softdevice_handler.o
    0x0001b47c   0x000000a0   Code   RO         4596    i.SystemInit        system_nrf51.o
    0x0001b51c   0x00000014   Code   RO         3136    i.UART0_IRQHandler  nrf_drv_uart.o
    0x0001b530   0x0000001a   Code   RO          150    i.__ARM_common_switch8  main.o
    0x0001b54a   0x0000000e   Code   RO         4665    i.__scatterload_copy  mc_p.l(handlers.o)
    0x0001b558   0x00000002   Code   RO         4666    i.__scatterload_null  mc_p.l(handlers.o)
    0x0001b55a   0x0000000e   Code   RO         4667    i.__scatterload_zeroinit  mc_p.l(handlers.o)
    0x0001b568   0x0000001c   Code   RO         4430    i.__sd_nvic_app_accessible_irq  softdevice_handler.o
    0x0001b584   0x00000028   Code   RO         1309    i.addr_compare      id_manager.o
    0x0001b5ac   0x0000018e   Code   RO          706    i.adv_data_encode   ble_advdata.o
    0x0001b73a   0x00000002   PAD
    0x0001b73c   0x00000068   Code   RO          782    i.adv_mode_next_avail_get  ble_advertising.o
    0x0001b7a4   0x0000003c   Code   RO          632    i.advertising_buttons_configure  bsp_btn_ble.o
    0x0001b7e0   0x00000074   Code   RO            3    i.advertising_init  main.o
    0x0001b854   0x00000088   Code   RO            4    i.advertising_start  main.o
    0x0001b8dc   0x0000004e   Code   RO         1311    i.ah                id_manager.o
    0x0001b92a   0x0000000a   Code   RO          521    i.alert_timer_handler  bsp.o
    0x0001b934   0x00000024   Code   RO         3313    i.app_button_enable  app_button.o
    0x0001b958   0x00000074   Code   RO         3314    i.app_button_init   app_button.o
    0x0001b9cc   0x0000001c   Code   RO         3409    i.app_error_fault_handler  app_error_weak.o
    0x0001b9e8   0x00000018   Code   RO         3371    i.app_error_handler_bare  app_error.o
    0x0001ba00   0x0000009c   Code   RO         3432    i.app_sched_event_put  app_scheduler.o
    0x0001ba9c   0x0000003c   Code   RO         3433    i.app_sched_execute  app_scheduler.o
    0x0001bad8   0x0000002c   Code   RO         3434    i.app_sched_init    app_scheduler.o
    0x0001bb04   0x0000002c   Code   RO         3481    i.app_timer_create  app_timer.o
    0x0001bb30   0x00000016   Code   RO         3617    i.app_timer_evt_get  app_timer_appsh.o
    0x0001bb46   0x00000002   PAD
    0x0001bb48   0x00000018   Code   RO         3618    i.app_timer_evt_schedule  app_timer_appsh.o
    0x0001bb60   0x00000074   Code   RO         3482    i.app_timer_init    app_timer.o
    0x0001bbd4   0x00000088   Code   RO         3483    i.app_timer_start   app_timer.o
    0x0001bc5c   0x00000028   Code   RO         3484    i.app_timer_stop    app_timer.o
    0x0001bc84   0x0000003c   Code   RO         3642    i.app_util_critical_region_enter  app_util_platform.o
    0x0001bcc0   0x0000002c   Code   RO         3643    i.app_util_critical_region_exit  app_util_platform.o
    0x0001bcec   0x000000a0   Code   RO         2282    i.auth_status_success_process  security_dispatcher.o
    0x0001bd8c   0x00000050   Code   RO            6    i.bas_init          main.o
    0x0001bddc   0x00000138   Code   RO         2515    i.battery_level_char_add  ble_bas.o
    0x0001bf14   0x00000040   Code   RO            7    i.battery_level_meas_timeout_handler  main.o
    0x0001bf54   0x00000068   Code   RO          707    i.ble_advdata_set   ble_advdata.o
    0x0001bfbc   0x00000008   Code   RO            8    i.ble_advertising_error_handler  main.o
    0x0001bfc4   0x0000015c   Code   RO          783    i.ble_advertising_init  ble_advertising.o
    0x0001c120   0x00000058   Code   RO          784    i.ble_advertising_on_ble_evt  ble_advertising.o
    0x0001c178   0x00000030   Code   RO          785    i.ble_advertising_on_sys_evt  ble_advertising.o
    0x0001c1a8   0x00000028   Code   RO          786    i.ble_advertising_peer_addr_reply  ble_advertising.o
    0x0001c1d0   0x0000003c   Code   RO          787    i.ble_advertising_restart_without_whitelist  ble_advertising.o
    0x0001c20c   0x00000108   Code   RO          790    i.ble_advertising_start  ble_advertising.o
    0x0001c314   0x00000064   Code   RO          791    i.ble_advertising_whitelist_reply  ble_advertising.o
    0x0001c378   0x00000074   Code   RO         2516    i.ble_bas_battery_level_update  ble_bas.o
    0x0001c3ec   0x00000048   Code   RO         2517    i.ble_bas_init      ble_bas.o
    0x0001c434   0x00000060   Code   RO         2518    i.ble_bas_on_ble_evt  ble_bas.o
    0x0001c494   0x00000054   Code   RO          879    i.ble_conn_params_init  ble_conn_params.o
    0x0001c4e8   0x00000090   Code   RO          880    i.ble_conn_params_on_ble_evt  ble_conn_params.o
    0x0001c578   0x00000014   Code   RO          945    i.ble_conn_state_conn_handles  ble_conn_state.o
    0x0001c58c   0x00000014   Code   RO          946    i.ble_conn_state_encrypted  ble_conn_state.o
    0x0001c5a0   0x00000014   Code   RO          948    i.ble_conn_state_mitm_protected  ble_conn_state.o
    0x0001c5b4   0x000000f8   Code   RO          952    i.ble_conn_state_on_ble_evt  ble_conn_state.o
    0x0001c6ac   0x00000034   Code   RO          954    i.ble_conn_state_role  ble_conn_state.o
    0x0001c6e0   0x00000030   Code   RO          956    i.ble_conn_state_user_flag_acquire  ble_conn_state.o
    0x0001c710   0x00000018   Code   RO          957    i.ble_conn_state_user_flag_collection  ble_conn_state.o
    0x0001c728   0x00000024   Code   RO          958    i.ble_conn_state_user_flag_get  ble_conn_state.o
    0x0001c74c   0x00000028   Code   RO          959    i.ble_conn_state_user_flag_set  ble_conn_state.o
    0x0001c774   0x0000005e   Code   RO          708    i.ble_device_addr_encode  ble_advdata.o
    0x0001c7d2   0x00000002   PAD
    0x0001c7d4   0x00000140   Code   RO         2552    i.ble_dis_init      ble_dis.o
    0x0001c914   0x00000040   Code   RO            9    i.ble_evt_dispatch  main.o
    0x0001c954   0x00000050   Code   RO         2589    i.ble_hids_boot_kb_inp_rep_send  ble_hids.o
    0x0001c9a4   0x00000130   Code   RO         2591    i.ble_hids_init     ble_hids.o
    0x0001cad4   0x00000060   Code   RO         2592    i.ble_hids_inp_rep_send  ble_hids.o
    0x0001cb34   0x00000098   Code   RO         2593    i.ble_hids_on_ble_evt  ble_hids.o
    0x0001cbcc   0x00000012   Code   RO         1072    i.ble_srv_ascii_to_utf8  ble_srv_common.o
    0x0001cbde   0x0000000e   Code   RO         1074    i.ble_srv_is_notification_enabled  ble_srv_common.o
    0x0001cbec   0x0000000c   Code   RO         1075    i.ble_srv_report_ref_encode  ble_srv_common.o
    0x0001cbf8   0x00000074   Code   RO           10    i.ble_stack_init    main.o
    0x0001cc6c   0x000000ae   Code   RO         2595    i.boot_inp_rep_char_add  ble_hids.o
    0x0001cd1a   0x00000002   PAD
    0x0001cd1c   0x0000008c   Code   RO         2596    i.boot_kb_outp_rep_char_add  ble_hids.o
    0x0001cda8   0x0000000c   Code   RO          409    i.bsp_board_button_idx_to_pin  boards.o
    0x0001cdb4   0x00000020   Code   RO          410    i.bsp_board_button_state_get  boards.o
    0x0001cdd4   0x00000020   Code   RO          413    i.bsp_board_led_invert  boards.o
    0x0001cdf4   0x00000014   Code   RO          414    i.bsp_board_led_off  boards.o
    0x0001ce08   0x00000014   Code   RO          415    i.bsp_board_led_on  boards.o
    0x0001ce1c   0x00000020   Code   RO          416    i.bsp_board_led_state_get  boards.o
    0x0001ce3c   0x00000028   Code   RO          417    i.bsp_board_leds_init  boards.o
    0x0001ce64   0x00000012   Code   RO          418    i.bsp_board_leds_off  boards.o
    0x0001ce76   0x00000012   Code   RO          419    i.bsp_board_leds_on  boards.o
    0x0001ce88   0x00000024   Code   RO          420    i.bsp_board_pin_to_button_idx  boards.o
    0x0001ceac   0x00000040   Code   RO          633    i.bsp_btn_ble_init  bsp_btn_ble.o
    0x0001ceec   0x00000078   Code   RO          634    i.bsp_btn_ble_on_ble_evt  bsp_btn_ble.o
    0x0001cf64   0x00000022   Code   RO          635    i.bsp_btn_ble_sleep_mode_prepare  bsp_btn_ble.o
    0x0001cf86   0x00000002   PAD
    0x0001cf88   0x00000094   Code   RO          522    i.bsp_button_event_handler  bsp.o
    0x0001d01c   0x00000008   Code   RO          523    i.bsp_button_is_pressed  bsp.o
    0x0001d024   0x000000c8   Code   RO           11    i.bsp_event_handler  main.o
    0x0001d0ec   0x00000048   Code   RO          526    i.bsp_event_to_button_action_assign  bsp.o
    0x0001d134   0x0000001c   Code   RO          527    i.bsp_indication_set  bsp.o
    0x0001d150   0x00000098   Code   RO          528    i.bsp_init          bsp.o
    0x0001d1e8   0x00000180   Code   RO          529    i.bsp_led_indication  bsp.o
    0x0001d368   0x00000010   Code   RO          531    i.bsp_wakeup_button_enable  bsp.o
    0x0001d378   0x00000044   Code   RO           12    i.buffer_enqueue    main.o
    0x0001d3bc   0x0000000c   Code   RO          532    i.button_timer_handler  bsp.o
    0x0001d3c8   0x0000001c   Code   RO         2922    i.channel_free      nrf_drv_gpiote.o
    0x0001d3e4   0x00000048   Code   RO         2923    i.channel_port_alloc  nrf_drv_gpiote.o
    0x0001d42c   0x00000010   Code   RO         2924    i.channel_port_get  nrf_drv_gpiote.o
    0x0001d43c   0x00000098   Code   RO         2553    i.char_add          ble_dis.o
    0x0001d4d4   0x00000020   Code   RO         4014    i.check_config      fstorage.o
    0x0001d4f4   0x00000018   Code   RO         3712    i.chunk_queue_next  fds.o
    0x0001d50c   0x0000003c   Code   RO         1846    i.claim             peer_id.o
    0x0001d548   0x00000028   Code   RO         2719    i.clock_clk_started_notify  nrf_drv_clock.o
    0x0001d570   0x000000a8   Code   RO         3486    i.compare_reg_update  app_timer.o
    0x0001d618   0x00000088   Code   RO          709    i.conn_int_encode   ble_advdata.o
    0x0001d6a0   0x00000008   Code   RO           13    i.conn_params_error_handler  main.o
    0x0001d6a8   0x00000068   Code   RO          882    i.conn_params_negotiation  ble_conn_params.o
    0x0001d710   0x000000a4   Code   RO         3713    i.delete_execute    fds.o
    0x0001d7b4   0x00000060   Code   RO         3316    i.detection_delay_timeout_handler  app_button.o
    0x0001d814   0x0000006c   Code   RO           14    i.dis_init          main.o
    0x0001d880   0x00000040   Code   RO         3487    i.elapsed_ticks_acquire  app_timer.o
    0x0001d8c0   0x00000030   Code   RO         2283    i.encryption_failure  security_dispatcher.o
    0x0001d8f0   0x0000006a   Code   RO         3714    i.event_prepare     fds.o
    0x0001d95a   0x00000002   PAD
    0x0001d95c   0x00000020   Code   RO         3715    i.event_send        fds.o
    0x0001d97c   0x00000032   Code   RO         2393    i.events_send_from_err_code  security_manager.o
    0x0001d9ae   0x00000002   PAD
    0x0001d9b0   0x0000000c   Code   RO         1127    i.evt_send          gatt_cache_manager.o
    0x0001d9bc   0x0000001c   Code   RO         1312    i.evt_send          id_manager.o
    0x0001d9d8   0x00000028   Code   RO         1932    i.evt_send          peer_manager.o
    0x0001da00   0x0000001c   Code   RO         2284    i.evt_send          security_dispatcher.o
    0x0001da1c   0x0000000c   Code   RO         2394    i.evt_send          security_manager.o
    0x0001da28   0x0000011c   Code   RO         1532    i.fds_evt_handler   peer_data_storage.o
    0x0001db44   0x0000004c   Code   RO         3717    i.fds_file_delete   fds.o
    0x0001db90   0x00000048   Code   RO         3718    i.fds_gc            fds.o
    0x0001dbd8   0x0000008c   Code   RO         3719    i.fds_init          fds.o
    0x0001dc64   0x00000040   Code   RO         3720    i.fds_record_close  fds.o
    0x0001dca4   0x0000000e   Code   RO         3722    i.fds_record_find   fds.o
    0x0001dcb2   0x00000010   Code   RO         3723    i.fds_record_find_by_key  fds.o
    0x0001dcc2   0x00000010   Code   RO         3724    i.fds_record_find_in_file  fds.o
    0x0001dcd2   0x00000014   Code   RO         3725    i.fds_record_id_from_desc  fds.o
    0x0001dce6   0x00000002   PAD
    0x0001dce8   0x00000044   Code   RO         3727    i.fds_record_open   fds.o
    0x0001dd2c   0x00000014   Code   RO         3728    i.fds_record_update  fds.o
    0x0001dd40   0x0000000c   Code   RO         3729    i.fds_record_write  fds.o
    0x0001dd4c   0x00000012   Code   RO         3730    i.fds_record_write_reserved  fds.o
    0x0001dd5e   0x00000002   PAD
    0x0001dd60   0x00000024   Code   RO         3731    i.fds_register      fds.o
    0x0001dd84   0x00000034   Code   RO         3732    i.fds_reserve       fds.o
    0x0001ddb8   0x00000048   Code   RO         3733    i.fds_reserve_cancel  fds.o
    0x0001de00   0x00000062   Code   RO         2597    i.feature_rep_characteristics_add  ble_hids.o
    0x0001de62   0x0000000a   Code   RO         1533    i.file_id_to_peer_id  peer_data_storage.o
    0x0001de6c   0x00000018   Code   RO         1534    i.file_id_within_pm_range  peer_data_storage.o
    0x0001de84   0x00000010   Code   RO         3735    i.flag_clear        fds.o
    0x0001de94   0x00000012   Code   RO         2285    i.flag_id_init      security_dispatcher.o
    0x0001dea6   0x00000012   Code   RO         2395    i.flag_id_init      security_manager.o
    0x0001deb8   0x00000010   Code   RO         3736    i.flag_set          fds.o
    0x0001dec8   0x0000005c   Code   RO         2396    i.flags_set_from_err_code  security_manager.o
    0x0001df24   0x0000007c   Code   RO         4015    i.fs_erase          fstorage.o
    0x0001dfa0   0x0000000a   Code   RO         3737    i.fs_event_handler  fds.o
    0x0001dfaa   0x00000002   PAD
    0x0001dfac   0x000000ac   Code   RO         4017    i.fs_init           fstorage.o
    0x0001e058   0x00000018   Code   RO         4020    i.fs_queued_op_count_get  fstorage.o
    0x0001e070   0x00000084   Code   RO         4021    i.fs_store          fstorage.o
    0x0001e0f4   0x00000068   Code   RO         4022    i.fs_sys_event_handler  fstorage.o
    0x0001e15c   0x00000060   Code   RO           15    i.gap_params_init   main.o
    0x0001e1bc   0x00000068   Code   RO         3738    i.gc_execute        fds.o
    0x0001e224   0x0000004c   Code   RO         3739    i.gc_next_page      fds.o
    0x0001e270   0x0000004c   Code   RO         3740    i.gc_page_erase     fds.o
    0x0001e2bc   0x00000034   Code   RO         3741    i.gc_record_copy    fds.o
    0x0001e2f0   0x00000020   Code   RO         3742    i.gc_record_find_next  fds.o
    0x0001e310   0x00000080   Code   RO         3743    i.gc_state_advance  fds.o
    0x0001e390   0x000000f0   Code   RO         1128    i.gcm_ble_evt_handler  gatt_cache_manager.o
    0x0001e480   0x00000068   Code   RO         1129    i.gcm_gscm_evt_handler  gatt_cache_manager.o
    0x0001e4e8   0x0000002c   Code   RO         1130    i.gcm_im_evt_handler  gatt_cache_manager.o
    0x0001e514   0x00000048   Code   RO         1131    i.gcm_init          gatt_cache_manager.o
    0x0001e55c   0x0000004c   Code   RO         1132    i.gcm_local_database_has_changed  gatt_cache_manager.o
    0x0001e5a8   0x00000010   Code   RO         1135    i.gcm_smd_evt_handler  gatt_cache_manager.o
    0x0001e5b8   0x00000038   Code   RO         1313    i.get_connection_by_conn_handle  id_manager.o
    0x0001e5f0   0x00000030   Code   RO         1314    i.get_free_connection  id_manager.o
    0x0001e620   0x00000050   Code   RO         3317    i.gpiote_event_handler  app_button.o
    0x0001e670   0x0000001c   Code   RO         1231    i.gscm_db_change_notification_done  gatts_cache_manager.o
    0x0001e68c   0x00000014   Code   RO         1232    i.gscm_init         gatts_cache_manager.o
    0x0001e6a0   0x0000001c   Code   RO         1233    i.gscm_local_database_has_changed  gatts_cache_manager.o
    0x0001e6bc   0x0000006c   Code   RO         1234    i.gscm_local_db_cache_apply  gatts_cache_manager.o
    0x0001e728   0x00000084   Code   RO         1236    i.gscm_local_db_cache_update  gatts_cache_manager.o
    0x0001e7ac   0x0000004c   Code   RO         1237    i.gscm_pdb_evt_handler  gatts_cache_manager.o
    0x0001e7f8   0x0000001c   Code   RO         1238    i.gscm_service_changed_ind_needed  gatts_cache_manager.o
    0x0001e814   0x0000002c   Code   RO         1239    i.gscm_service_changed_ind_send  gatts_cache_manager.o
    0x0001e840   0x0000001c   Code   RO         3744    i.header_is_valid   fds.o
    0x0001e85c   0x0000008c   Code   RO         2598    i.hid_control_point_char_add  ble_hids.o
    0x0001e8e8   0x000000a0   Code   RO         2599    i.hid_information_char_add  ble_hids.o
    0x0001e988   0x0000012c   Code   RO           16    i.hids_init         main.o
    0x0001eab4   0x00000040   Code   RO         1315    i.im_address_resolve  id_manager.o
    0x0001eaf4   0x0000002c   Code   RO         1316    i.im_ble_addr_get   id_manager.o
    0x0001eb20   0x000000a8   Code   RO         1317    i.im_ble_evt_handler  id_manager.o
    0x0001ebc8   0x0000002c   Code   RO         1318    i.im_conn_handle_get  id_manager.o
    0x0001ebf4   0x00000004   Code   RO         1319    i.im_device_identities_list_set  id_manager.o
    0x0001ebf8   0x00000048   Code   RO         1322    i.im_init           id_manager.o
    0x0001ec40   0x00000038   Code   RO         1323    i.im_is_duplicate_bonding_data  id_manager.o
    0x0001ec78   0x0000001c   Code   RO         1324    i.im_master_id_is_valid  id_manager.o
    0x0001ec94   0x0000002c   Code   RO         1325    i.im_master_ids_compare  id_manager.o
    0x0001ecc0   0x00000008   Code   RO         1326    i.im_new_peer_id    id_manager.o
    0x0001ecc8   0x0000006e   Code   RO         1327    i.im_pdb_evt_handler  id_manager.o
    0x0001ed36   0x00000002   PAD
    0x0001ed38   0x0000002c   Code   RO         1328    i.im_peer_free      id_manager.o
    0x0001ed64   0x00000020   Code   RO         1329    i.im_peer_id_get_by_conn_handle  id_manager.o
    0x0001ed84   0x00000044   Code   RO         1330    i.im_peer_id_get_by_master_id  id_manager.o
    0x0001edc8   0x00000038   Code   RO         1333    i.im_whitelist_get  id_manager.o
    0x0001ee00   0x00000038   Code   RO         1334    i.im_whitelist_set  id_manager.o
    0x0001ee38   0x000000c0   Code   RO         3745    i.init_execute      fds.o
    0x0001eef8   0x0000007a   Code   RO         2600    i.inp_rep_characteristics_add  ble_hids.o
    0x0001ef72   0x00000002   PAD
    0x0001ef74   0x00000080   Code   RO         4431    i.intern_softdevice_events_execute  softdevice_handler.o
    0x0001eff4   0x0000001c   Code   RO          883    i.is_conn_params_ok  ble_conn_params.o
    0x0001f010   0x00000048   Code   RO         4597    i.is_manual_peripheral_setup_needed  system_nrf51.o
    0x0001f058   0x00000016   Code   RO         1335    i.is_valid_irk      id_manager.o
    0x0001f06e   0x0000000c   Code   RO         3746    i.is_word_aligned   fds.o
    0x0001f07a   0x00000002   PAD
    0x0001f07c   0x00000018   Code   RO          533    i.leds_timer_handler  bsp.o
    0x0001f094   0x0000009c   Code   RO         2397    i.link_secure       security_manager.o
    0x0001f130   0x00000088   Code   RO         2286    i.link_secure_central  security_dispatcher.o
    0x0001f1b8   0x000000c6   Code   RO         2287    i.link_secure_central_existing_peer  security_dispatcher.o
    0x0001f27e   0x00000002   PAD
    0x0001f280   0x00000074   Code   RO         2288    i.link_secure_central_new_peer  security_dispatcher.o
    0x0001f2f4   0x00000050   Code   RO         2289    i.link_secure_failure  security_dispatcher.o
    0x0001f344   0x0000005c   Code   RO         2398    i.link_secure_pending_process  security_manager.o
    0x0001f3a0   0x000000ac   Code   RO         3488    i.list_deletions_handler  app_timer.o
    0x0001f44c   0x000000bc   Code   RO         3489    i.list_insertions_handler  app_timer.o
    0x0001f508   0x00000078   Code   RO         1136    i.local_db_apply_in_evt  gatt_cache_manager.o
    0x0001f580   0x00000078   Code   RO         1137    i.local_db_update_in_evt  gatt_cache_manager.o
    0x0001f5f8   0x00000032   Code   RO         2233    i.lock_by_mask      pm_mutex.o
    0x0001f62a   0x00000002   PAD
    0x0001f62c   0x0000012c   Code   RO           17    i.main              main.o
    0x0001f758   0x00000012   Code   RO         2601    i.make_char_id      ble_hids.o
    0x0001f76a   0x00000068   Code   RO          710    i.manuf_specific_data_encode  ble_advdata.o
    0x0001f7d2   0x00000002   PAD
    0x0001f7d4   0x00000074   Code   RO           18    i.mouse_moveto_2xy  main.o
    0x0001f848   0x0000009e   Code   RO          711    i.name_encode       ble_advdata.o
    0x0001f8e6   0x00000002   PAD
    0x0001f8e8   0x0000005c   Code   RO         1336    i.new_connection    id_manager.o
    0x0001f944   0x00000034   Code   RO         1847    i.next_id_get       peer_id.o
    0x0001f978   0x00000010   Code   RO         2925    i.nrf_bitmask_bit_is_set  nrf_drv_gpiote.o
    0x0001f988   0x00000010   Code   RO         2723    i.nrf_clock_event_check  nrf_drv_clock.o
    0x0001f998   0x00000030   Code   RO         3490    i.nrf_delay_us      app_timer.o
    0x0001f9c8   0x00000048   Code   RO         2730    i.nrf_drv_clock_init  nrf_drv_clock.o
    0x0001fa10   0x00000034   Code   RO         2737    i.nrf_drv_clock_on_sd_enable  nrf_drv_clock.o
    0x0001fa44   0x0000000c   Code   RO         2738    i.nrf_drv_clock_on_soc_event  nrf_drv_clock.o
    0x0001fa50   0x00000060   Code   RO         2880    i.nrf_drv_common_irq_enable  nrf_drv_common.o
    0x0001fab0   0x00000098   Code   RO         2928    i.nrf_drv_gpiote_in_event_enable  nrf_drv_gpiote.o
    0x0001fb48   0x000000a8   Code   RO         2929    i.nrf_drv_gpiote_in_init  nrf_drv_gpiote.o
    0x0001fbf0   0x00000014   Code   RO         2930    i.nrf_drv_gpiote_in_is_set  nrf_drv_gpiote.o
    0x0001fc04   0x0000005c   Code   RO         2932    i.nrf_drv_gpiote_init  nrf_drv_gpiote.o
    0x0001fc60   0x00000010   Code   RO         2933    i.nrf_drv_gpiote_is_init  nrf_drv_gpiote.o
    0x0001fc70   0x00000028   Code   RO          422    i.nrf_gpio_cfg      boards.o
    0x0001fc98   0x00000028   Code   RO         2945    i.nrf_gpio_cfg      nrf_drv_gpiote.o
    0x0001fcc0   0x00000022   Code   RO          534    i.nrf_gpio_cfg_sense_set  bsp.o
    0x0001fce2   0x00000022   Code   RO         2947    i.nrf_gpio_cfg_sense_set  nrf_drv_gpiote.o
    0x0001fd04   0x00000018   Code   RO          423    i.nrf_gpio_pin_write  boards.o
    0x0001fd1c   0x00000028   Code   RO         2948    i.nrf_gpio_ports_read  nrf_drv_gpiote.o
    0x0001fd44   0x00000010   Code   RO         2949    i.nrf_gpiote_event_clear  nrf_drv_gpiote.o
    0x0001fd54   0x00000014   Code   RO         2950    i.nrf_gpiote_event_is_set  nrf_drv_gpiote.o
    0x0001fd68   0x0000000a   Code   RO         3154    i.nrf_uart_event_check  nrf_drv_uart.o
    0x0001fd72   0x00000010   Code   RO         3155    i.nrf_uart_int_enable_check  nrf_drv_uart.o
    0x0001fd82   0x00000002   PAD
    0x0001fd84   0x000000b4   Code   RO           19    i.on_adv_evt        main.o
    0x0001fe38   0x000000e0   Code   RO           20    i.on_ble_evt        main.o
    0x0001ff18   0x00000020   Code   RO           21    i.on_hids_evt       main.o
    0x0001ff38   0x00000054   Code   RO         4023    i.on_operation_success  fstorage.o
    0x0001ff8c   0x00000040   Code   RO         2602    i.on_report_cccd_write  ble_hids.o
    0x0001ffcc   0x0000002e   Code   RO         2603    i.on_report_value_write  ble_hids.o
    0x0001fffa   0x00000002   PAD
    0x0001fffc   0x0000010c   Code   RO         2604    i.on_write          ble_hids.o
    0x00020108   0x00000078   Code   RO         3747    i.op_enqueue        fds.o
    0x00020180   0x00000062   Code   RO         2605    i.outp_rep_characteristics_add  ble_hids.o
    0x000201e2   0x00000012   Code   RO         3748    i.page_offsets_update  fds.o
    0x000201f4   0x00000058   Code   RO         3749    i.page_scan         fds.o
    0x0002024c   0x0000001c   Code   RO         3750    i.page_tag_write_data  fds.o
    0x00020268   0x00000024   Code   RO         3751    i.page_tag_write_swap  fds.o
    0x0002028c   0x000000f0   Code   RO         3752    i.pages_init        fds.o
    0x0002037c   0x0000006c   Code   RO         2290    i.pairing_failure   security_dispatcher.o
    0x000203e8   0x0000003c   Code   RO         2399    i.params_reply_pending_process  security_manager.o
    0x00020424   0x0000001c   Code   RO         1687    i.pdb_evt_send      peer_database.o
    0x00020440   0x0000004c   Code   RO         1688    i.pdb_init          peer_database.o
    0x0002048c   0x00000008   Code   RO         1690    i.pdb_next_deleted_peer_id_get  peer_database.o
    0x00020494   0x00000008   Code   RO         1691    i.pdb_next_peer_id_get  peer_database.o
    0x0002049c   0x00000134   Code   RO         1692    i.pdb_pds_evt_handler  peer_database.o
    0x000205d0   0x00000008   Code   RO         1693    i.pdb_peer_allocate  peer_database.o
    0x000205d8   0x00000010   Code   RO         1694    i.pdb_peer_data_load  peer_database.o
    0x000205e8   0x0000000a   Code   RO         1695    i.pdb_peer_data_ptr_get  peer_database.o
    0x000205f2   0x0000004a   Code   RO         1696    i.pdb_peer_free     peer_database.o
    0x0002063c   0x0000000c   Code   RO         1697    i.pdb_raw_store     peer_database.o
    0x00020648   0x00000108   Code   RO         1698    i.pdb_write_buf_get  peer_database.o
    0x00020750   0x0000002a   Code   RO         1699    i.pdb_write_buf_release  peer_database.o
    0x0002077a   0x00000002   PAD
    0x0002077c   0x000000c8   Code   RO         1700    i.pdb_write_buf_store  peer_database.o
    0x00020844   0x00000068   Code   RO         1701    i.pdb_write_buf_store_prepare  peer_database.o
    0x000208ac   0x0000000c   Code   RO         1535    i.pds_evt_send      peer_data_storage.o
    0x000208b8   0x00000070   Code   RO         1536    i.pds_init          peer_data_storage.o
    0x00020928   0x00000008   Code   RO         1537    i.pds_next_deleted_peer_id_get  peer_data_storage.o
    0x00020930   0x00000008   Code   RO         1538    i.pds_next_peer_id_get  peer_data_storage.o
    0x00020938   0x00000054   Code   RO         1541    i.pds_peer_data_iterate  peer_data_storage.o
    0x0002098c   0x00000010   Code   RO         1542    i.pds_peer_data_iterate_prepare  peer_data_storage.o
    0x0002099c   0x00000070   Code   RO         1543    i.pds_peer_data_read  peer_data_storage.o
    0x00020a0c   0x000000aa   Code   RO         1544    i.pds_peer_data_store  peer_data_storage.o
    0x00020ab6   0x00000002   PAD
    0x00020ab8   0x00000010   Code   RO         1545    i.pds_peer_id_allocate  peer_data_storage.o
    0x00020ac8   0x00000016   Code   RO         1546    i.pds_peer_id_free  peer_data_storage.o
    0x00020ade   0x00000008   Code   RO         1547    i.pds_peer_id_is_allocated  peer_data_storage.o
    0x00020ae6   0x00000030   Code   RO         1548    i.pds_space_reserve  peer_data_storage.o
    0x00020b16   0x00000010   Code   RO         1549    i.pds_space_reserve_cancel  peer_data_storage.o
    0x00020b26   0x0000000a   Code   RO         1702    i.peer_data_const_point_to_buffer  peer_database.o
    0x00020b30   0x00000080   Code   RO         1550    i.peer_data_delete  peer_data_storage.o
    0x00020bb0   0x00000030   Code   RO         1551    i.peer_data_find    peer_data_storage.o
    0x00020be0   0x00000020   Code   RO         1552    i.peer_data_id_is_valid  peer_data_storage.o
    0x00020c00   0x00000014   Code   RO         1703    i.peer_data_point_to_buffer  peer_database.o
    0x00020c14   0x00000010   Code   RO         1848    i.peer_id_allocate  peer_id.o
    0x00020c24   0x00000028   Code   RO         1849    i.peer_id_delete    peer_id.o
    0x00020c4c   0x0000001c   Code   RO         1850    i.peer_id_free      peer_id.o
    0x00020c68   0x00000010   Code   RO         1851    i.peer_id_get_next_deleted  peer_id.o
    0x00020c78   0x00000034   Code   RO         1852    i.peer_id_get_next_used  peer_id.o
    0x00020cac   0x00000028   Code   RO         1853    i.peer_id_init      peer_id.o
    0x00020cd4   0x00000018   Code   RO         1854    i.peer_id_is_allocated  peer_id.o
    0x00020cec   0x00000018   Code   RO         1855    i.peer_id_is_deleted  peer_id.o
    0x00020d04   0x0000001c   Code   RO         1337    i.peer_id_set       id_manager.o
    0x00020d20   0x0000000a   Code   RO         1553    i.peer_id_to_file_id  peer_data_storage.o
    0x00020d2a   0x00000002   PAD
    0x00020d2c   0x00000078   Code   RO           22    i.peer_manager_init  main.o
    0x00020da4   0x000000b8   Code   RO         1338    i.peers_id_keys_get  id_manager.o
    0x00020e5c   0x00000018   Code   RO         2951    i.pin_in_use_by_port  nrf_drv_gpiote.o
    0x00020e74   0x00000018   Code   RO         2952    i.pin_in_use_by_te  nrf_drv_gpiote.o
    0x00020e8c   0x0000005e   Code   RO         2195    i.pm_buffer_block_acquire  pm_buffer.o
    0x00020eea   0x00000042   Code   RO         2196    i.pm_buffer_init    pm_buffer.o
    0x00020f2c   0x0000002e   Code   RO         2197    i.pm_buffer_ptr_get  pm_buffer.o
    0x00020f5a   0x0000002a   Code   RO         2198    i.pm_buffer_release  pm_buffer.o
    0x00020f84   0x00000008   Code   RO         1934    i.pm_conn_sec_config_reply  peer_manager.o
    0x00020f8c   0x00000018   Code   RO         1937    i.pm_device_identities_list_set  peer_manager.o
    0x00020fa4   0x00000080   Code   RO           23    i.pm_evt_handler    main.o
    0x00021024   0x00000080   Code   RO         1938    i.pm_gcm_evt_handler  peer_manager.o
    0x000210a4   0x00000050   Code   RO         1941    i.pm_im_evt_handler  peer_manager.o
    0x000210f4   0x00000070   Code   RO         1942    i.pm_init           peer_manager.o
    0x00021164   0x00000014   Code   RO         1944    i.pm_local_database_has_changed  peer_manager.o
    0x00021178   0x00000010   Code   RO         2234    i.pm_mutex_init     pm_mutex.o
    0x00021188   0x0000001c   Code   RO         2235    i.pm_mutex_lock     pm_mutex.o
    0x000211a4   0x00000034   Code   RO         2236    i.pm_mutex_lock_first_available  pm_mutex.o
    0x000211d8   0x00000018   Code   RO         2237    i.pm_mutex_lock_status_get  pm_mutex.o
    0x000211f0   0x00000036   Code   RO         2238    i.pm_mutex_unlock   pm_mutex.o
    0x00021226   0x00000002   PAD
    0x00021228   0x0000001c   Code   RO         1945    i.pm_next_peer_id_get  peer_manager.o
    0x00021244   0x00000024   Code   RO         1946    i.pm_on_ble_evt     peer_manager.o
    0x00021268   0x0000013c   Code   RO         1947    i.pm_pdb_evt_handler  peer_manager.o
    0x000213a4   0x00000012   Code   RO         1951    i.pm_peer_data_bonding_load  peer_manager.o
    0x000213b6   0x00000002   PAD
    0x000213b8   0x00000060   Code   RO         1954    i.pm_peer_data_load  peer_manager.o
    0x00021418   0x00000018   Code   RO         1958    i.pm_peer_delete    peer_manager.o
    0x00021430   0x0000003c   Code   RO         1963    i.pm_peers_delete   peer_manager.o
    0x0002146c   0x00000030   Code   RO         1966    i.pm_register       peer_manager.o
    0x0002149c   0x00000018   Code   RO         1968    i.pm_sec_params_set  peer_manager.o
    0x000214b4   0x0000014c   Code   RO         1969    i.pm_sm_evt_handler  peer_manager.o
    0x00021600   0x00000034   Code   RO         1970    i.pm_whitelist_get  peer_manager.o
    0x00021634   0x00000018   Code   RO         1971    i.pm_whitelist_set  peer_manager.o
    0x0002164c   0x00000036   Code   RO         2554    i.pnp_id_encode     ble_dis.o
    0x00021682   0x00000002   PAD
    0x00021684   0x00000088   Code   RO         2606    i.protocol_mode_char_add  ble_hids.o
    0x0002170c   0x0000002c   Code   RO         4024    i.queue_advance     fstorage.o
    0x00021738   0x00000038   Code   RO         4025    i.queue_get_next_free  fstorage.o
    0x00021770   0x000000b8   Code   RO         3753    i.queue_process     fds.o
    0x00021828   0x0000006c   Code   RO         4026    i.queue_process     fstorage.o
    0x00021894   0x0000001c   Code   RO         3754    i.queue_start       fds.o
    0x000218b0   0x0000001c   Code   RO         4027    i.queue_start       fstorage.o
    0x000218cc   0x00000084   Code   RO         3755    i.record_find       fds.o
    0x00021950   0x000000a0   Code   RO         3756    i.record_find_by_desc  fds.o
    0x000219f0   0x00000054   Code   RO         3757    i.record_find_next  fds.o
    0x00021a44   0x00000024   Code   RO         3758    i.record_header_flag_dirty  fds.o
    0x00021a68   0x0000000a   Code   RO         1554    i.record_key_to_peer_data_id  peer_data_storage.o
    0x00021a72   0x00000002   PAD
    0x00021a74   0x00000018   Code   RO         1555    i.record_key_within_pm_range  peer_data_storage.o
    0x00021a8c   0x0000005c   Code   RO         3759    i.record_write_chunk  fds.o
    0x00021ae8   0x00000012   Code   RO         1857    i.release           peer_id.o
    0x00021afa   0x00000002   PAD
    0x00021afc   0x00000118   Code   RO         2607    i.rep_char_add      ble_hids.o
    0x00021c14   0x00000138   Code   RO         2608    i.rep_map_char_add  ble_hids.o
    0x00021d4c   0x00000088   Code   RO         2609    i.rep_value_identify  ble_hids.o
    0x00021dd4   0x00000044   Code   RO         3491    i.rtc1_stop         app_timer.o
    0x00021e18   0x00000026   Code   RO         3156    i.rx_byte           nrf_drv_uart.o
    0x00021e3e   0x00000014   Code   RO         3157    i.rx_done_event     nrf_drv_uart.o
    0x00021e52   0x00000002   PAD
    0x00021e54   0x00000084   Code   RO         4433    i.sd_nvic_EnableIRQ  softdevice_handler.o
    0x00021ed8   0x00000046   Code   RO         4161    i.sdk_mapped_flags_bulk_update_by_key  sdk_mapped_flags.o
    0x00021f1e   0x00000002   PAD
    0x00021f20   0x00000028   Code   RO         4162    i.sdk_mapped_flags_first_key_index_get  sdk_mapped_flags.o
    0x00021f48   0x00000010   Code   RO         4163    i.sdk_mapped_flags_get_by_index  sdk_mapped_flags.o
    0x00021f58   0x00000026   Code   RO         4164    i.sdk_mapped_flags_get_by_key  sdk_mapped_flags.o
    0x00021f7e   0x00000046   Code   RO         4165    i.sdk_mapped_flags_key_list_get  sdk_mapped_flags.o
    0x00021fc4   0x0000000e   Code   RO         4167    i.sdk_mapped_flags_update_by_key  sdk_mapped_flags.o
    0x00021fd2   0x00000002   PAD
    0x00021fd4   0x000000b4   Code   RO         2291    i.sec_info_request_process  security_dispatcher.o
    0x00022088   0x00000076   Code   RO         2400    i.sec_params_verify  security_manager.o
    0x000220fe   0x00000002   PAD
    0x00022100   0x0000004c   Code   RO         2292    i.sec_proc_start    security_dispatcher.o
    0x0002214c   0x0000001c   Code   RO         2293    i.sec_start_send    security_dispatcher.o
    0x00022168   0x00000048   Code   RO         4028    i.send_event        fstorage.o
    0x000221b0   0x00000070   Code   RO           24    i.send_key_scan_press_release  main.o
    0x00022220   0x0000001c   Code   RO         4214    i.sensorsim_decrement  sensorsim.o
    0x0002223c   0x0000001c   Code   RO         4215    i.sensorsim_increment  sensorsim.o
    0x00022258   0x00000018   Code   RO         4216    i.sensorsim_init    sensorsim.o
    0x00022270   0x0000001a   Code   RO         4217    i.sensorsim_measure  sensorsim.o
    0x0002228a   0x00000002   PAD
    0x0002228c   0x00000058   Code   RO         1138    i.service_changed_pending_flags_check  gatt_cache_manager.o
    0x000222e4   0x00000044   Code   RO         1240    i.service_changed_pending_set  gatts_cache_manager.o
    0x00022328   0x00000098   Code   RO         1139    i.service_changed_send_in_evt  gatt_cache_manager.o
    0x000223c0   0x0000008e   Code   RO          712    i.service_data_encode  ble_advdata.o
    0x0002244e   0x00000008   Code   RO           25    i.service_error_handler  main.o
    0x00022456   0x00000002   PAD
    0x00022458   0x00000058   Code   RO          792    i.set_adv_mode_fast  ble_advertising.o
    0x000224b0   0x00000054   Code   RO          793    i.set_adv_mode_slow  ble_advertising.o
    0x00022504   0x00000028   Code   RO           26    i.sleep_mode_enter  main.o
    0x0002252c   0x00000014   Code   RO         2401    i.sm_ble_evt_handler  security_manager.o
    0x00022540   0x0000001c   Code   RO         2402    i.sm_conn_sec_config_reply  security_manager.o
    0x0002255c   0x00000050   Code   RO         2403    i.sm_init           security_manager.o
    0x000225ac   0x00000034   Code   RO         2406    i.sm_pdb_evt_handler  security_manager.o
    0x000225e0   0x00000030   Code   RO         2408    i.sm_sec_params_set  security_manager.o
    0x00022610   0x0000007c   Code   RO         2409    i.sm_smd_evt_handler  security_manager.o
    0x0002268c   0x000000e4   Code   RO         2294    i.smd_ble_evt_handler  security_dispatcher.o
    0x00022770   0x0000003c   Code   RO         2295    i.smd_init          security_dispatcher.o
    0x000227ac   0x00000030   Code   RO         2296    i.smd_link_secure   security_dispatcher.o
    0x000227dc   0x00000110   Code   RO         2297    i.smd_params_reply  security_dispatcher.o
    0x000228ec   0x00000088   Code   RO         2410    i.smd_params_reply_perform  security_manager.o
    0x00022974   0x00000034   Code   RO         2298    i.smd_pdb_evt_handler  security_dispatcher.o
    0x000229a8   0x00000014   Code   RO         4434    i.softdevice_ble_evt_handler_set  softdevice_handler.o
    0x000229bc   0x00000014   Code   RO         4435    i.softdevice_enable  softdevice_handler.o
    0x000229d0   0x00000028   Code   RO         4436    i.softdevice_enable_get_default_config  softdevice_handler.o
    0x000229f8   0x00000012   Code   RO         4562    i.softdevice_evt_get  softdevice_handler_appsh.o
    0x00022a0a   0x00000002   PAD
    0x00022a0c   0x00000014   Code   RO         4563    i.softdevice_evt_schedule  softdevice_handler_appsh.o
    0x00022a20   0x00000008   Code   RO         4437    i.softdevice_fault_handler  softdevice_handler.o
    0x00022a28   0x00000058   Code   RO         4438    i.softdevice_handler_init  softdevice_handler.o
    0x00022a80   0x0000000c   Code   RO         4439    i.softdevice_handler_is_enabled  softdevice_handler.o
    0x00022a8c   0x00000014   Code   RO         4444    i.softdevice_sys_evt_handler_set  softdevice_handler.o
    0x00022aa0   0x00000010   Code   RO           27    i.sys_evt_dispatch  main.o
    0x00022ab0   0x0000004e   Code   RO         2555    i.sys_id_encode     ble_dis.o
    0x00022afe   0x00000002   PAD
    0x00022b00   0x00000084   Code   RO         3492    i.timer_list_handler  app_timer.o
    0x00022b84   0x00000010   Code   RO         3493    i.timer_list_handler_sched  app_timer.o
    0x00022b94   0x00000040   Code   RO         3494    i.timer_list_insert  app_timer.o
    0x00022bd4   0x00000048   Code   RO         3495    i.timer_stop_op_schedule  app_timer.o
    0x00022c1c   0x00000080   Code   RO         3496    i.timer_timeouts_check  app_timer.o
    0x00022c9c   0x00000060   Code   RO           28    i.touch_emulation   main.o
    0x00022cfc   0x0000001e   Code   RO         3159    i.tx_byte           nrf_drv_uart.o
    0x00022d1a   0x00000018   Code   RO         3160    i.tx_done_event     nrf_drv_uart.o
    0x00022d32   0x00000128   Code   RO         3161    i.uart_irq_handler  nrf_drv_uart.o
    0x00022e5a   0x0000000a   Code   RO          713    i.uint16_encode     ble_advdata.o
    0x00022e64   0x00000064   Code   RO          884    i.update_timeout_handler  ble_conn_params.o
    0x00022ec8   0x00000018   Code   RO          961    i.user_flag_is_acquired  ble_conn_state.o
    0x00022ee0   0x0000002c   Code   RO         3497    i.user_op_alloc     app_timer.o
    0x00022f0c   0x00000030   Code   RO          714    i.uuid_list_encode  ble_advdata.o
    0x00022f3c   0x000000ae   Code   RO          715    i.uuid_list_sized_encode  ble_advdata.o
    0x00022fea   0x00000002   PAD
    0x00022fec   0x00000018   Code   RO          794    i.whitelist_has_entries  ble_advertising.o
    0x00023004   0x00000024   Code   RO         1704    i.write_buf_length_words_set  peer_database.o
    0x00023028   0x00000024   Code   RO         1705    i.write_buffer_record_find  peer_database.o
    0x0002304c   0x00000028   Code   RO         1706    i.write_buffer_record_find_next  peer_database.o
    0x00023074   0x00000022   Code   RO         1707    i.write_buffer_record_invalidate  peer_database.o
    0x00023096   0x00000002   PAD
    0x00023098   0x00000028   Code   RO         1708    i.write_buffer_record_release  peer_database.o
    0x000230c0   0x00000118   Code   RO         3760    i.write_enqueue     fds.o
    0x000231d8   0x000000ec   Code   RO         3761    i.write_execute     fds.o
    0x000232c4   0x00000014   Code   RO         3762    i.write_space_free  fds.o
    0x000232d8   0x0000004c   Code   RO         3763    i.write_space_reserve  fds.o
    0x00023324   0x00000008   Data   RO           31    .constdata          main.o
    0x0002332c   0x00000008   Data   RO          424    .constdata          boards.o
    0x00023334   0x0000002c   Data   RO          539    .constdata          bsp.o
    0x00023360   0x00000004   Data   RO          887    .constdata          ble_conn_params.o
    0x00023364   0x00000004   Data   RO         1241    .constdata          gatts_cache_manager.o
    0x00023368   0x00000010   Data   RO         1242    .constdata          gatts_cache_manager.o
    0x00023378   0x00000004   Data   RO         1243    .constdata          gatts_cache_manager.o
    0x0002337c   0x00000008   Data   RO         1340    .constdata          id_manager.o
    0x00023384   0x00000004   Data   RO         1556    .constdata          peer_data_storage.o
    0x00023388   0x00000014   Data   RO         1710    .constdata          peer_database.o
    0x0002339c   0x00000044   Data   RO         2300    .constdata          security_dispatcher.o
    0x000233e0   0x00000004   Data   RO         2411    .constdata          security_manager.o
    0x000233e4   0x00000004   Data   RO         2954    .constdata          nrf_drv_gpiote.o
    0x000233e8   0x00000008   Data   RO         3319    .constdata          app_button.o
    0x000233f0   0x00000014   Data   RO         3765    .constdata          fds.o
    0x00023404   0x00000020   Data   RO         4663    Region$$Table       anon$$obj.o


    Execution Region RW_IRAM1 (Base: 0x20001fe8, Size: 0x000016d8, Max: 0x00006018, ABSOLUTE, COMPRESSED[0x000000c0])

    Base Addr    Size         Type   Attr      Idx    E Section Name        Object

    0x20001fe8   0x000000e8   Data   RW           32    .data               main.o
    0x200020d0   0x00000014   Data   RW          540    .data               bsp.o
    0x200020e4   0x00000008   Data   RW          636    .data               bsp_btn_ble.o
    0x200020ec   0x00000030   Data   RW          798    .data               ble_advertising.o
    0x2000211c   0x00000014   Data   RW          888    .data               ble_conn_params.o
    0x20002130   0x0000000c   Data   RW         1140    .data               gatt_cache_manager.o
    0x2000213c   0x0000000c   Data   RW         1244    .data               gatts_cache_manager.o
    0x20002148   0x0000000a   Data   RW         1341    .data               id_manager.o
    0x20002152   0x00000002   PAD
    0x20002154   0x0000000c   Data   RW         1557    .data               peer_data_storage.o
    0x20002160   0x00000008   Data   RW         1711    .data               peer_database.o
    0x20002168   0x00000010   Data   RW         1974    .data               peer_manager.o
    0x20002178   0x00000004   Data   RW         2301    .data               security_dispatcher.o
    0x2000217c   0x00000015   Data   RW         2412    .data               security_manager.o
    0x20002191   0x00000001   PAD
    0x20002192   0x0000004a   Data   RW         2556    .data               ble_dis.o
    0x200021dc   0x00000014   Data   RW         3320    .data               app_button.o
    0x200021f0   0x00000010   Data   RW         3436    .data               app_scheduler.o
    0x20002200   0x00000020   Data   RW         3498    .data               app_timer.o
    0x20002220   0x0000000c   Data   RW         3646    .data               app_util_platform.o
    0x2000222c   0x00000018   Data   RW         3766    .data               fds.o
    0x20002244   0x00000002   Data   RW         4030    .data               fstorage.o
    0x20002246   0x00000002   PAD
    0x20002248   0x00000014   Data   RW         4445    .data               softdevice_handler.o
    0x2000225c   0x00000004   Data   RW         4598    .data               system_nrf51.o
    0x20002260   0x00000010   Data   RW         3767    fs_data             fds.o
    0x20002270   0x00000020   Zero   RW           29    .bss                main.o
    0x20002290   0x00000360   Zero   RW           30    .bss                main.o
    0x200025f0   0x00000020   Zero   RW          535    .bss                bsp.o
    0x20002610   0x00000020   Zero   RW          536    .bss                bsp.o
    0x20002630   0x0000000c   Zero   RW          537    .bss                bsp.o
    0x2000263c   0x00000020   Zero   RW          538    .bss                bsp.o
    0x2000265c   0x0000016b   Zero   RW          795    .bss                ble_advertising.o
    0x200027c7   0x00000001   PAD
    0x200027c8   0x00000020   Zero   RW          796    .bss                ble_advertising.o
    0x200027e8   0x00000020   Zero   RW          797    .bss                ble_advertising.o
    0x20002808   0x00000020   Zero   RW          885    .bss                ble_conn_params.o
    0x20002828   0x0000001c   Zero   RW          886    .bss                ble_conn_params.o
    0x20002844   0x00000034   Zero   RW          962    .bss                ble_conn_state.o
    0x20002878   0x00000070   Zero   RW         1339    .bss                id_manager.o
    0x200028e8   0x00000330   Zero   RW         1709    .bss                peer_database.o
    0x20002c18   0x00000040   Zero   RW         1858    .bss                peer_id.o
    0x20002c58   0x0000000c   Zero   RW         1972    .bss                peer_manager.o
    0x20002c64   0x00000040   Zero   RW         2299    .bss                security_dispatcher.o
    0x20002ca4   0x00000014   Zero   RW         2740    .bss                nrf_drv_clock.o
    0x20002cb8   0x00000048   Zero   RW         2953    .bss                nrf_drv_gpiote.o
    0x20002d00   0x0000001c   Zero   RW         3162    .bss                nrf_drv_uart.o
    0x20002d1c   0x00000020   Zero   RW         3318    .bss                app_button.o
    0x20002d3c   0x0000011c   Zero   RW         3764    .bss                fds.o
    0x20002e58   0x00000068   Zero   RW         4029    .bss                fstorage.o
    0x20002ec0   0x00000800   Zero   RW         4586    STACK               arm_startup_nrf51.o


==============================================================================

Image component sizes


      Code (inc. data)   RO Data    RW Data    ZI Data      Debug   Object Name

       328         34          8         20         32       9034   app_button.o
        24          4          0          0          0       2225   app_error.o
        28         10          0          0          0       7102   app_error_weak.o
       260         18          0         16          0      20619   app_scheduler.o
      1608        158          0         32          0      27379   app_timer.o
        46          6          0          0          0       2049   app_timer_appsh.o
       104         20          0         12          0       6430   app_util_platform.o
        56         18        192          0       2048        716   arm_startup_nrf51.o
      1368          6          0          0          0      30756   ble_advdata.o
      1248         88          0         48        427      12677   ble_advertising.o
       596         20          0          0          0       4895   ble_bas.o
       460         60          4         20         60       5592   ble_conn_params.o
       532         52          0          0         52       9589   ble_conn_state.o
       604         16          0         74          0       5547   ble_dis.o
      2824         68          0          0          0      22096   ble_hids.o
        44          0          0          0          0       2858   ble_srv_common.o
       324         58          8          0          0      12528   boards.o
       888         86         44         20        108      14223   bsp.o
       278         12          0          8          0       4829   bsp_btn_ble.o
      3622        376         20         40        284      45186   fds.o
       980         82          0          2        104      12731   fstorage.o
      1044         80          0         12          0      15796   gatt_cache_manager.o
       532         66         24         12          0       9235   gatts_cache_manager.o
      1474        114          8         10        112      24115   id_manager.o
      2762        326          8        232        896     151815   main.o
       276         38          0          0         20      11984   nrf_drv_clock.o
        96         18          0          0          0       7324   nrf_drv_common.o
      1154        100          4          0         72      28148   nrf_drv_gpiote.o
       454          8          0          0         28      16141   nrf_drv_uart.o
      1202         64          4         12          0      18668   peer_data_storage.o
      1374         72         20          8        816      24212   peer_database.o
       370         60          0          0         64       8859   peer_id.o
      1470        138          0         16         12      19908   peer_manager.o
       248          0          0          0          0       4339   pm_buffer.o
       224          0          0          0          0       5221   pm_mutex.o
       248          6          0          0          0       6140   sdk_mapped_flags.o
      1836        104         68          4         64      20308   security_dispatcher.o
      1086         82          4         21          0      16512   security_manager.o
       106          0          0          0          0       3267   sensorsim.o
       528         70          0         20          0      22212   softdevice_handler.o
        38          6          0          0          0       2159   softdevice_handler_appsh.o
       232         36          0          4          0       2383   system_nrf51.o

    ----------------------------------------------------------------------
     33050       2580        448        648       5200     677807   Object Totals
         0          0         32          0          0          0   (incl. Generated)
        74          0          0          5          1          0   (incl. Padding)

    ----------------------------------------------------------------------

      Code (inc. data)   RO Data    RW Data    ZI Data      Debug   Library Member Name

        86          0          0          0          0          0   __dczerorl2.o
         0          0          0          0          0          0   entry.o
         0          0          0          0          0          0   entry10a.o
         0          0          0          0          0          0   entry11a.o
         8          4          0          0          0          0   entry2.o
         4          0          0          0          0          0   entry5.o
         0          0          0          0          0          0   entry7b.o
         0          0          0          0          0          0   entry8b.o
         8          4          0          0          0          0   entry9a.o
        30          0          0          0          0          0   handlers.o
        36          8          0          0          0         68   init.o
        26          0          0          0          0         72   memcmp.o
        36          0          0          0          0         60   memcpya.o
        36          0          0          0          0        100   memseta.o
        14          0          0          0          0         60   strlen.o
        44          0          0          0          0         72   uidiv.o

    ----------------------------------------------------------------------
       330         16          0          0          0        432   Library Totals
         2          0          0          0          0          0   (incl. Padding)

    ----------------------------------------------------------------------

      Code (inc. data)   RO Data    RW Data    ZI Data      Debug   Library Name

       328         16          0          0          0        432   mc_p.l

    ----------------------------------------------------------------------
       330         16          0          0          0        432   Library Totals

    ----------------------------------------------------------------------

==============================================================================


      Code (inc. data)   RO Data    RW Data    ZI Data      Debug   

     33380       2596        448        648       5200     659631   Grand Totals
     33380       2596        448        192       5200     659631   ELF Image Totals (compressed)
     33380       2596        448        192          0          0   ROM Totals

==============================================================================

    Total RO  Size (Code + RO Data)                33828 (  33.04kB)
    Total RW  Size (RW Data + ZI Data)              5848 (   5.71kB)
    Total ROM Size (Code + RO Data + RW Data)      34020 (  33.22kB)

==============================================================================

