Component: ARM Compiler 5.05 update 1 (build 106) Tool: armlink [4d0efa]

==============================================================================

Section Cross References

    main.o(i.FT5206_init) refers to nrf_log_frontend.o(i.nrf_log_frontend_std_0) for nrf_log_frontend_std_0
    main.o(i.FT5206_init) refers to nrf_drv_gpiote.o(i.nrf_drv_gpiote_in_init) for nrf_drv_gpiote_in_init
    main.o(i.FT5206_init) refers to nrf_drv_gpiote.o(i.nrf_drv_gpiote_in_event_enable) for nrf_drv_gpiote_in_event_enable
    main.o(i.FT5206_init) refers to nrf_drv_twi.o(i.nrf_drv_twi_init) for nrf_drv_twi_init
    main.o(i.FT5206_init) refers to app_error.o(i.app_error_handler_bare) for app_error_handler_bare
    main.o(i.FT5206_init) refers to nrf_drv_twi.o(i.nrf_drv_twi_enable) for nrf_drv_twi_enable
    main.o(i.FT5206_init) refers to main.o(i.nrf_gpio_pin_write) for nrf_gpio_pin_write
    main.o(i.FT5206_init) refers to main.o(i.nrf_delay_ms) for nrf_delay_ms
    main.o(i.FT5206_init) refers to main.o(i.ft_twi_tx) for ft_twi_tx
    main.o(i.FT5206_init) refers to main.o(i.ft_twi_rx) for ft_twi_rx
    main.o(i.FT5206_init) refers to nrf_log_frontend.o(i.nrf_log_frontend_std_2) for nrf_log_frontend_std_2
    main.o(i.FT5206_init) refers to nrf_log_frontend.o(i.nrf_log_frontend_std_1) for nrf_log_frontend_std_1
    main.o(i.FT5206_init) refers to main.o(.constdata) for .constdata
    main.o(i.FT5206_init) refers to main.o(i.ft5206_int_gpio_handler) for ft5206_int_gpio_handler
    main.o(i.FT5206_init) refers to main.o(i.ft5206_twi_cb_handler) for ft5206_twi_cb_handler
    main.o(i.FT5206_init) refers to main.o(.data) for .data
    main.o(i.advertising_init) refers to memseta.o(.text) for __aeabi_memclr4
    main.o(i.advertising_init) refers to ble_advertising.o(i.ble_advertising_init) for ble_advertising_init
    main.o(i.advertising_init) refers to app_error.o(i.app_error_handler_bare) for app_error_handler_bare
    main.o(i.advertising_init) refers to main.o(.data) for .data
    main.o(i.advertising_init) refers to main.o(i.ble_advertising_error_handler) for ble_advertising_error_handler
    main.o(i.advertising_init) refers to main.o(i.on_adv_evt) for on_adv_evt
    main.o(i.advertising_start) refers to memseta.o(.text) for __aeabi_memset
    main.o(i.advertising_start) refers to peer_manager.o(i.pm_next_peer_id_get) for pm_next_peer_id_get
    main.o(i.advertising_start) refers to peer_manager.o(i.pm_whitelist_set) for pm_whitelist_set
    main.o(i.advertising_start) refers to app_error.o(i.app_error_handler_bare) for app_error_handler_bare
    main.o(i.advertising_start) refers to peer_manager.o(i.pm_device_identities_list_set) for pm_device_identities_list_set
    main.o(i.advertising_start) refers to ble_advertising.o(i.ble_advertising_start) for ble_advertising_start
    main.o(i.advertising_start) refers to main.o(.bss) for .bss
    main.o(i.advertising_start) refers to main.o(.data) for .data
    main.o(i.assert_nrf_callback) refers to app_error.o(i.app_error_handler) for app_error_handler
    main.o(i.bas_init) refers to memseta.o(.text) for __aeabi_memclr4
    main.o(i.bas_init) refers to ble_bas.o(i.ble_bas_init) for ble_bas_init
    main.o(i.bas_init) refers to app_error.o(i.app_error_handler_bare) for app_error_handler_bare
    main.o(i.bas_init) refers to main.o(.bss) for .bss
    main.o(i.battery_level_meas_timeout_handler) refers to sensorsim.o(i.sensorsim_measure) for sensorsim_measure
    main.o(i.battery_level_meas_timeout_handler) refers to ble_bas.o(i.ble_bas_battery_level_update) for ble_bas_battery_level_update
    main.o(i.battery_level_meas_timeout_handler) refers to app_error.o(i.app_error_handler_bare) for app_error_handler_bare
    main.o(i.battery_level_meas_timeout_handler) refers to main.o(.bss) for .bss
    main.o(i.battery_level_meas_timeout_handler) refers to main.o(.data) for .data
    main.o(i.ble_advertising_error_handler) refers to app_error.o(i.app_error_handler_bare) for app_error_handler_bare
    main.o(i.ble_evt_dispatch) refers to ble_conn_state.o(i.ble_conn_state_on_ble_evt) for ble_conn_state_on_ble_evt
    main.o(i.ble_evt_dispatch) refers to peer_manager.o(i.pm_on_ble_evt) for pm_on_ble_evt
    main.o(i.ble_evt_dispatch) refers to bsp_btn_ble.o(i.bsp_btn_ble_on_ble_evt) for bsp_btn_ble_on_ble_evt
    main.o(i.ble_evt_dispatch) refers to main.o(i.on_ble_evt) for on_ble_evt
    main.o(i.ble_evt_dispatch) refers to ble_advertising.o(i.ble_advertising_on_ble_evt) for ble_advertising_on_ble_evt
    main.o(i.ble_evt_dispatch) refers to ble_conn_params.o(i.ble_conn_params_on_ble_evt) for ble_conn_params_on_ble_evt
    main.o(i.ble_evt_dispatch) refers to ble_hids.o(i.ble_hids_on_ble_evt) for ble_hids_on_ble_evt
    main.o(i.ble_evt_dispatch) refers to ble_bas.o(i.ble_bas_on_ble_evt) for ble_bas_on_ble_evt
    main.o(i.ble_evt_dispatch) refers to main.o(.bss) for .bss
[...]
    ble_conn_params_init                     0x0001cc39   Thumb Code    68  ble_conn_params.o(i.ble_conn_params_init)
    ble_conn_params_on_ble_evt               0x0001cc8d   Thumb Code   130  ble_conn_params.o(i.ble_conn_params_on_ble_evt)
    ble_conn_state_conn_handles              0x0001cd1d   Thumb Code    14  ble_conn_state.o(i.ble_conn_state_conn_handles)
    ble_conn_state_encrypted                 0x0001cd31   Thumb Code    16  ble_conn_state.o(i.ble_conn_state_encrypted)
    ble_conn_state_mitm_protected            0x0001cd45   Thumb Code    16  ble_conn_state.o(i.ble_conn_state_mitm_protected)
    ble_conn_state_on_ble_evt                0x0001cd59   Thumb Code   238  ble_conn_state.o(i.ble_conn_state_on_ble_evt)
    ble_conn_state_role                      0x0001ce51   Thumb Code    46  ble_conn_state.o(i.ble_conn_state_role)
    ble_conn_state_user_flag_acquire         0x0001ce85   Thumb Code    42  ble_conn_state.o(i.ble_conn_state_user_flag_acquire)
    ble_conn_state_user_flag_collection      0x0001ceb5   Thumb Code    20  ble_conn_state.o(i.ble_conn_state_user_flag_collection)
    ble_conn_state_user_flag_get             0x0001cecd   Thumb Code    32  ble_conn_state.o(i.ble_conn_state_user_flag_get)
    ble_conn_state_user_flag_set             0x0001cef1   Thumb Code    36  ble_conn_state.o(i.ble_conn_state_user_flag_set)
    ble_dis_init                             0x0001cf79   Thumb Code   308  ble_dis.o(i.ble_dis_init)
    ble_hids_boot_kb_inp_rep_send            0x0001d0f9   Thumb Code    74  ble_hids.o(i.ble_hids_boot_kb_inp_rep_send)
    ble_hids_boot_mouse_inp_rep_send         0x0001d149   Thumb Code   108  ble_hids.o(i.ble_hids_boot_mouse_inp_rep_send)
    ble_hids_init                            0x0001d1b9   Thumb Code   296  ble_hids.o(i.ble_hids_init)
    ble_hids_inp_rep_send                    0x0001d2e9   Thumb Code    92  ble_hids.o(i.ble_hids_inp_rep_send)
    ble_hids_on_ble_evt                      0x0001d349   Thumb Code   152  ble_hids.o(i.ble_hids_on_ble_evt)
    ble_hids_outp_rep_get                    0x0001d3e1   Thumb Code    38  ble_hids.o(i.ble_hids_outp_rep_get)
    ble_srv_ascii_to_utf8                    0x0001d407   Thumb Code    18  ble_srv_common.o(i.ble_srv_ascii_to_utf8)
    ble_srv_is_notification_enabled          0x0001d419   Thumb Code    14  ble_srv_common.o(i.ble_srv_is_notification_enabled)
    ble_srv_report_ref_encode                0x0001d427   Thumb Code    12  ble_srv_common.o(i.ble_srv_report_ref_encode)
    bsp_board_button_idx_to_pin              0x0001d5e5   Thumb Code     6  boards.o(i.bsp_board_button_idx_to_pin)
    bsp_board_button_state_get               0x0001d5f1   Thumb Code    24  boards.o(i.bsp_board_button_state_get)
    bsp_board_led_invert                     0x0001d611   Thumb Code    24  boards.o(i.bsp_board_led_invert)
    bsp_board_led_off                        0x0001d631   Thumb Code    14  boards.o(i.bsp_board_led_off)
    bsp_board_led_on                         0x0001d645   Thumb Code    14  boards.o(i.bsp_board_led_on)
    bsp_board_led_state_get                  0x0001d659   Thumb Code    24  boards.o(i.bsp_board_led_state_get)
    bsp_board_leds_init                      0x0001d679   Thumb Code    36  boards.o(i.bsp_board_leds_init)
    bsp_board_leds_off                       0x0001d6a1   Thumb Code    18  boards.o(i.bsp_board_leds_off)
    bsp_board_leds_on                        0x0001d6b3   Thumb Code    18  boards.o(i.bsp_board_leds_on)
    bsp_board_pin_to_button_idx              0x0001d6c5   Thumb Code    30  boards.o(i.bsp_board_pin_to_button_idx)
    bsp_btn_ble_init                         0x0001d6e9   Thumb Code    58  bsp_btn_ble.o(i.bsp_btn_ble_init)
    bsp_btn_ble_on_ble_evt                   0x0001d729   Thumb Code   114  bsp_btn_ble.o(i.bsp_btn_ble_on_ble_evt)
    bsp_btn_ble_sleep_mode_prepare           0x0001d7a1   Thumb Code    34  bsp_btn_ble.o(i.bsp_btn_ble_sleep_mode_prepare)
    bsp_button_is_pressed                    0x0001d859   Thumb Code     8  bsp.o(i.bsp_button_is_pressed)
    bsp_event_to_button_action_assign        0x0001d965   Thumb Code    66  bsp.o(i.bsp_event_to_button_action_assign)
    bsp_indication_set                       0x0001d9ad   Thumb Code    22  bsp.o(i.bsp_indication_set)
    bsp_init                                 0x0001d9c9   Thumb Code   132  bsp.o(i.bsp_init)
    bsp_wakeup_button_enable                 0x0001dbe1   Thumb Code    16  bsp.o(i.bsp_wakeup_button_enable)
    buffer_is_empty                          0x0001dd29   Thumb Code    16  nrf_log_frontend.o(i.buffer_is_empty)
    chunk_queue_next                         0x0001de75   Thumb Code    20  fds.o(i.chunk_queue_next)
    fds_file_delete                          0x0001e459   Thumb Code    66  fds.o(i.fds_file_delete)
    fds_gc                                   0x0001e4a5   Thumb Code    62  fds.o(i.fds_gc)
    fds_init                                 0x0001e4ed   Thumb Code   134  fds.o(i.fds_init)
    fds_record_close                         0x0001e579   Thumb Code    60  fds.o(i.fds_record_close)
    fds_record_find                          0x0001e5b9   Thumb Code    14  fds.o(i.fds_record_find)
    fds_record_find_by_key                   0x0001e5c7   Thumb Code    16  fds.o(i.fds_record_find_by_key)
    fds_record_find_in_file                  0x0001e5d7   Thumb Code    16  fds.o(i.fds_record_find_in_file)
    fds_record_id_from_desc                  0x0001e5e7   Thumb Code    20  fds.o(i.fds_record_id_from_desc)
    fds_record_open                          0x0001e5fd   Thumb Code    64  fds.o(i.fds_record_open)
    fds_record_update                        0x0001e641   Thumb Code    20  fds.o(i.fds_record_update)
    fds_record_write                         0x0001e655   Thumb Code    12  fds.o(i.fds_record_write)
    fds_record_write_reserved                0x0001e661   Thumb Code    18  fds.o(i.fds_record_write_reserved)
    fds_register                             0x0001e675   Thumb Code    28  fds.o(i.fds_register)
    fds_reserve                              0x0001e699   Thumb Code    48  fds.o(i.fds_reserve)
    fds_reserve_cancel                       0x0001e6cd   Thumb Code    62  fds.o(i.fds_reserve_cancel)
    feature_rep_characteristics_add          0x0001e715   Thumb Code    98  ble_hids.o(i.feature_rep_characteristics_add)
    fs_erase                                 0x0001e839   Thumb Code   118  fstorage.o(i.fs_erase)
    fs_init                                  0x0001e8c1   Thumb Code   154  fstorage.o(i.fs_init)
    fs_queued_op_count_get                   0x0001e96d   Thumb Code    18  fstorage.o(i.fs_queued_op_count_get)
    fs_store                                 0x0001e985   Thumb Code   128  fstorage.o(i.fs_store)
    fs_sys_event_handler                     0x0001ea09   Thumb Code    94  fstorage.o(i.fs_sys_event_handler)
    gcm_ble_evt_handler                      0x0001f51d   Thumb Code   232  gatt_cache_manager.o(i.gcm_ble_evt_handler)
    gcm_gscm_evt_handler                     0x0001f60d   Thumb Code    96  gatt_cache_manager.o(i.gcm_gscm_evt_handler)
    gcm_im_evt_handler                       0x0001f675   Thumb Code    40  gatt_cache_manager.o(i.gcm_im_evt_handler)
    gcm_init                                 0x0001f6a1   Thumb Code    66  gatt_cache_manager.o(i.gcm_init)
    gcm_local_database_has_changed           0x0001f6e9   Thumb Code    66  gatt_cache_manager.o(i.gcm_local_database_has_changed)
    gcm_smd_evt_handler                      0x0001f735   Thumb Code    16  gatt_cache_manager.o(i.gcm_smd_evt_handler)
    get_connection_by_conn_handle            0x0001f745   Thumb Code    48  id_manager.o(i.get_connection_by_conn_handle)
    get_free_connection                      0x0001f77d   Thumb Code    40  id_manager.o(i.get_free_connection)
    gscm_db_change_notification_done         0x0001f8a5   Thumb Code    22  gatts_cache_manager.o(i.gscm_db_change_notification_done)
    gscm_init                                0x0001f8c1   Thumb Code    16  gatts_cache_manager.o(i.gscm_init)
    gscm_local_database_has_changed          0x0001f8d5   Thumb Code    18  gatts_cache_manager.o(i.gscm_local_database_has_changed)
    gscm_local_db_cache_apply                0x0001f8f1   Thumb Code   104  gatts_cache_manager.o(i.gscm_local_db_cache_apply)
    gscm_local_db_cache_update               0x0001f95d   Thumb Code   124  gatts_cache_manager.o(i.gscm_local_db_cache_update)
    gscm_pdb_evt_handler                     0x0001f9e1   Thumb Code    68  gatts_cache_manager.o(i.gscm_pdb_evt_handler)
    gscm_service_changed_ind_needed          0x0001fa2d   Thumb Code    28  gatts_cache_manager.o(i.gscm_service_changed_ind_needed)
    gscm_service_changed_ind_send            0x0001fa49   Thumb Code    32  gatts_cache_manager.o(i.gscm_service_changed_ind_send)
    im_address_resolve                       0x0001fdad   Thumb Code    64  id_manager.o(i.im_address_resolve)
    im_ble_addr_get                          0x0001fded   Thumb Code    38  id_manager.o(i.im_ble_addr_get)
    im_ble_evt_handler                       0x0001fe19   Thumb Code   162  id_manager.o(i.im_ble_evt_handler)
    im_conn_handle_get                       0x0001fec1   Thumb Code    34  id_manager.o(i.im_conn_handle_get)
    im_device_identities_list_set            0x0001feed   Thumb Code     4  id_manager.o(i.im_device_identities_list_set)
    im_init                                  0x0001fef1   Thumb Code    60  id_manager.o(i.im_init)
    im_is_duplicate_bonding_data             0x0001ff39   Thumb Code    56  id_manager.o(i.im_is_duplicate_bonding_data)
    im_master_id_is_valid                    0x0001ff71   Thumb Code    28  id_manager.o(i.im_master_id_is_valid)
    im_master_ids_compare                    0x0001ff8d   Thumb Code    44  id_manager.o(i.im_master_ids_compare)
    im_new_peer_id                           0x0001ffb9   Thumb Code     8  id_manager.o(i.im_new_peer_id)
    im_pdb_evt_handler                       0x0001ffc1   Thumb Code   110  id_manager.o(i.im_pdb_evt_handler)
    im_peer_free                             0x00020031   Thumb Code    38  id_manager.o(i.im_peer_free)
    im_peer_id_get_by_conn_handle            0x0002005d   Thumb Code    24  id_manager.o(i.im_peer_id_get_by_conn_handle)
    im_peer_id_get_by_master_id              0x0002007d   Thumb Code    62  id_manager.o(i.im_peer_id_get_by_master_id)
    im_whitelist_get                         0x000200c1   Thumb Code    48  id_manager.o(i.im_whitelist_get)
    im_whitelist_set                         0x000200f9   Thumb Code    46  id_manager.o(i.im_whitelist_set)
    inp_rep_characteristics_add              0x000201f1   Thumb Code   122  ble_hids.o(i.inp_rep_characteristics_add)
    intern_softdevice_events_execute         0x0002026d   Thumb Code   122  softdevice_handler.o(i.intern_softdevice_events_execute)
    is_valid_irk                             0x000203fd   Thumb Code    22  id_manager.o(i.is_valid_irk)
    main                                     0x00020b1d   Thumb Code   308  main.o(i.main)
    new_connection                           0x000211e1   Thumb Code    80  id_manager.o(i.new_connection)
    next_id_get                              0x0002123d   Thumb Code    48  peer_id.o(i.next_id_get)
    nrf_drv_clock_init                       0x00021325   Thumb Code    60  nrf_drv_clock.o(i.nrf_drv_clock_init)
    nrf_drv_clock_on_sd_enable               0x0002136d   Thumb Code    46  nrf_drv_clock.o(i.nrf_drv_clock_on_sd_enable)
    nrf_drv_clock_on_soc_event               0x000213a1   Thumb Code    12  nrf_drv_clock.o(i.nrf_drv_clock_on_soc_event)
    nrf_drv_common_irq_enable                0x000213ad   Thumb Code    78  nrf_drv_common.o(i.nrf_drv_common_irq_enable)
    nrf_drv_gpiote_in_event_enable           0x0002140d   Thumb Code   136  nrf_drv_gpiote.o(i.nrf_drv_gpiote_in_event_enable)
    nrf_drv_gpiote_in_init                   0x000214a5   Thumb Code   154  nrf_drv_gpiote.o(i.nrf_drv_gpiote_in_init)
    nrf_drv_gpiote_in_is_set                 0x0002154d   Thumb Code    16  nrf_drv_gpiote.o(i.nrf_drv_gpiote_in_is_set)
    nrf_drv_gpiote_init                      0x00021561   Thumb Code    84  nrf_drv_gpiote.o(i.nrf_drv_gpiote_init)
    nrf_drv_gpiote_is_init                   0x000215bd   Thumb Code    12  nrf_drv_gpiote.o(i.nrf_drv_gpiote_is_init)
    nrf_drv_twi_enable                       0x000215cd   Thumb Code    28  nrf_drv_twi.o(i.nrf_drv_twi_enable)
    nrf_drv_twi_init                         0x000215ed   Thumb Code   124  nrf_drv_twi.o(i.nrf_drv_twi_init)
    nrf_drv_twi_rx                           0x00021675   Thumb Code    30  nrf_drv_twi.o(i.nrf_drv_twi_rx)
    nrf_drv_twi_tx                           0x00021699   Thumb Code    36  nrf_drv_twi.o(i.nrf_drv_twi_tx)
    nrf_drv_twi_xfer                         0x000216bd   Thumb Code    36  nrf_drv_twi.o(i.nrf_drv_twi_xfer)
    nrf_drv_uart_init                        0x000216e5   Thumb Code   148  nrf_drv_uart.o(i.nrf_drv_uart_init)
    nrf_drv_uart_tx                          0x000217b9   Thumb Code    62  nrf_drv_uart.o(i.nrf_drv_uart_tx)
    nrf_drv_uart_tx_in_progress              0x000218c1   Thumb Code    20  nrf_drv_uart.o(i.nrf_drv_uart_tx_in_progress)
    nrf_drv_uart_uninit                      0x000218d9   Thumb Code   148  nrf_drv_uart.o(i.nrf_drv_uart_uninit)
    nrf_log_backend_hexdump_handler_get      0x00021b21   Thumb Code     4  nrf_log_backend_serial.o(i.nrf_log_backend_hexdump_handler_get)
    nrf_log_backend_init                     0x00021b29   Thumb Code   102  nrf_log_backend_serial.o(i.nrf_log_backend_init)
    nrf_log_backend_std_handler_get          0x00021dd9   Thumb Code     4  nrf_log_backend_serial.o(i.nrf_log_backend_std_handler_get)
    nrf_log_blocking_backend_set             0x00021de1   Thumb Code    10  nrf_log_frontend.o(i.nrf_log_blocking_backend_set)
    nrf_log_frontend_dequeue                 0x00021ded   Thumb Code   318  nrf_log_frontend.o(i.nrf_log_frontend_dequeue)
    nrf_log_frontend_init                    0x00021f39   Thumb Code    20  nrf_log_frontend.o(i.nrf_log_frontend_init)
    nrf_log_frontend_std_0                   0x00021f51   Thumb Code    68  nrf_log_frontend.o(i.nrf_log_frontend_std_0)
    nrf_log_frontend_std_1                   0x00021f9d   Thumb Code    86  nrf_log_frontend.o(i.nrf_log_frontend_std_1)
    nrf_log_frontend_std_2                   0x00021ffd   Thumb Code   100  nrf_log_frontend.o(i.nrf_log_frontend_std_2)
    nrf_log_frontend_std_3                   0x00022069   Thumb Code   114  nrf_log_frontend.o(i.nrf_log_frontend_std_3)
    nrf_log_frontend_std_4                   0x000220e5   Thumb Code   130  nrf_log_frontend.o(i.nrf_log_frontend_std_4)
    nrf_log_frontend_std_5                   0x00022171   Thumb Code   144  nrf_log_frontend.o(i.nrf_log_frontend_std_5)
    nrf_log_handlers_set                     0x00022209   Thumb Code     8  nrf_log_frontend.o(i.nrf_log_handlers_set)
    nrf_log_init                             0x00022215   Thumb Code    36  nrf_log_frontend.o(i.nrf_log_init)
    outp_rep_characteristics_add             0x00022839   Thumb Code    98  ble_hids.o(i.outp_rep_characteristics_add)
    pdb_init                                 0x00022f81   Thumb Code    62  peer_database.o(i.pdb_init)
    pdb_next_deleted_peer_id_get             0x00022fcd   Thumb Code     8  peer_database.o(i.pdb_next_deleted_peer_id_get)
    pdb_next_peer_id_get                     0x00022fd5   Thumb Code     8  peer_database.o(i.pdb_next_peer_id_get)
    pdb_pds_evt_handler                      0x00022fdd   Thumb Code   300  peer_database.o(i.pdb_pds_evt_handler)
    pdb_peer_allocate                        0x00023111   Thumb Code     8  peer_database.o(i.pdb_peer_allocate)
    pdb_peer_data_load                       0x00023119   Thumb Code    16  peer_database.o(i.pdb_peer_data_load)
    pdb_peer_data_ptr_get                    0x00023129   Thumb Code    10  peer_database.o(i.pdb_peer_data_ptr_get)
    pdb_peer_free                            0x00023133   Thumb Code    74  peer_database.o(i.pdb_peer_free)
    pdb_raw_store                            0x0002317d   Thumb Code    12  peer_database.o(i.pdb_raw_store)
    pdb_write_buf_get                        0x00023189   Thumb Code   256  peer_database.o(i.pdb_write_buf_get)
    pdb_write_buf_release                    0x00023291   Thumb Code    42  peer_database.o(i.pdb_write_buf_release)
    pdb_write_buf_store                      0x000232bd   Thumb Code   190  peer_database.o(i.pdb_write_buf_store)
    pdb_write_buf_store_prepare              0x00023385   Thumb Code    98  peer_database.o(i.pdb_write_buf_store_prepare)
    pds_init                                 0x000233f9   Thumb Code   100  peer_data_storage.o(i.pds_init)
    pds_next_deleted_peer_id_get             0x00023469   Thumb Code     8  peer_data_storage.o(i.pds_next_deleted_peer_id_get)
    pds_next_peer_id_get                     0x00023471   Thumb Code     8  peer_data_storage.o(i.pds_next_peer_id_get)
    pds_peer_data_iterate                    0x00023479   Thumb Code    80  peer_data_storage.o(i.pds_peer_data_iterate)
    pds_peer_data_iterate_prepare            0x000234cd   Thumb Code    10  peer_data_storage.o(i.pds_peer_data_iterate_prepare)
    pds_peer_data_read                       0x000234dd   Thumb Code   112  peer_data_storage.o(i.pds_peer_data_read)
    pds_peer_data_store                      0x0002354d   Thumb Code   170  peer_data_storage.o(i.pds_peer_data_store)
    pds_peer_id_allocate                     0x000235f9   Thumb Code    10  peer_data_storage.o(i.pds_peer_id_allocate)
    pds_peer_id_free                         0x00023609   Thumb Code    22  peer_data_storage.o(i.pds_peer_id_free)
    pds_peer_id_is_allocated                 0x0002361f   Thumb Code     8  peer_data_storage.o(i.pds_peer_id_is_allocated)
    pds_space_reserve                        0x00023627   Thumb Code    48  peer_data_storage.o(i.pds_space_reserve)
    pds_space_reserve_cancel                 0x00023657   Thumb Code    16  peer_data_storage.o(i.pds_space_reserve_cancel)
    peer_id_allocate                         0x00023755   Thumb Code    10  peer_id.o(i.peer_id_allocate)
    peer_id_delete                           0x00023765   Thumb Code    30  peer_id.o(i.peer_id_delete)
    peer_id_free                             0x0002378d   Thumb Code    22  peer_id.o(i.peer_id_free)
    peer_id_get_next_deleted                 0x000237a9   Thumb Code    10  peer_id.o(i.peer_id_get_next_deleted)
    peer_id_get_next_used                    0x000237b9   Thumb Code    42  peer_id.o(i.peer_id_get_next_used)
    peer_id_init                             0x000237ed   Thumb Code    34  peer_id.o(i.peer_id_init)
    peer_id_is_allocated                     0x00023815   Thumb Code    20  peer_id.o(i.peer_id_is_allocated)
    peer_id_is_deleted                       0x0002382d   Thumb Code    20  peer_id.o(i.peer_id_is_deleted)
    pm_buffer_block_acquire                  0x000239cd   Thumb Code    94  pm_buffer.o(i.pm_buffer_block_acquire)
    pm_buffer_init                           0x00023a2b   Thumb Code    66  pm_buffer.o(i.pm_buffer_init)
    pm_buffer_ptr_get                        0x00023a6d   Thumb Code    46  pm_buffer.o(i.pm_buffer_ptr_get)
    pm_buffer_release                        0x00023a9b   Thumb Code    42  pm_buffer.o(i.pm_buffer_release)
    pm_conn_sec_config_reply                 0x00023ac5   Thumb Code     8  peer_manager.o(i.pm_conn_sec_config_reply)
    pm_device_identities_list_set            0x00023acd   Thumb Code    20  peer_manager.o(i.pm_device_identities_list_set)
    pm_gcm_evt_handler                       0x00023c4d   Thumb Code   128  peer_manager.o(i.pm_gcm_evt_handler)
    pm_im_evt_handler                        0x00023ccd   Thumb Code    74  peer_manager.o(i.pm_im_evt_handler)
    pm_init                                  0x00023d1d   Thumb Code   108  peer_manager.o(i.pm_init)
    pm_local_database_has_changed            0x00023d8d   Thumb Code    16  peer_manager.o(i.pm_local_database_has_changed)
    pm_mutex_init                            0x00023da1   Thumb Code    16  pm_mutex.o(i.pm_mutex_init)
    pm_mutex_lock                            0x00023db1   Thumb Code    28  pm_mutex.o(i.pm_mutex_lock)
    pm_mutex_lock_first_available            0x00023dcd   Thumb Code    52  pm_mutex.o(i.pm_mutex_lock_first_available)
    pm_mutex_lock_status_get                 0x00023e01   Thumb Code    24  pm_mutex.o(i.pm_mutex_lock_status_get)
    pm_mutex_unlock                          0x00023e19   Thumb Code    54  pm_mutex.o(i.pm_mutex_unlock)
    pm_next_peer_id_get                      0x00023e51   Thumb Code    20  peer_manager.o(i.pm_next_peer_id_get)
    pm_on_ble_evt                            0x00023e6d   Thumb Code    32  peer_manager.o(i.pm_on_ble_evt)
    pm_pdb_evt_handler                       0x00023e91   Thumb Code   306  peer_manager.o(i.pm_pdb_evt_handler)
    pm_peer_data_bonding_load                0x00023fcd   Thumb Code    18  peer_manager.o(i.pm_peer_data_bonding_load)
    pm_peer_data_load                        0x00023fe1   Thumb Code    92  peer_manager.o(i.pm_peer_data_load)
    pm_peer_delete                           0x00024041   Thumb Code    20  peer_manager.o(i.pm_peer_delete)
    pm_peers_delete                          0x00024059   Thumb Code    52  peer_manager.o(i.pm_peers_delete)
    pm_register                              0x00024095   Thumb Code    38  peer_manager.o(i.pm_register)
    pm_sec_params_set                        0x000240c5   Thumb Code    20  peer_manager.o(i.pm_sec_params_set)
    pm_sm_evt_handler                        0x000240dd   Thumb Code   324  peer_manager.o(i.pm_sm_evt_handler)
    pm_whitelist_get                         0x00024229   Thumb Code    46  peer_manager.o(i.pm_whitelist_get)
    pm_whitelist_set                         0x0002425d   Thumb Code    20  peer_manager.o(i.pm_whitelist_set)
    rep_map_char_add                         0x0002484d   Thumb Code   302  ble_hids.o(i.rep_map_char_add)
    sdk_mapped_flags_bulk_update_by_key      0x00024b11   Thumb Code    70  sdk_mapped_flags.o(i.sdk_mapped_flags_bulk_update_by_key)
    sdk_mapped_flags_first_key_index_get     0x00024b59   Thumb Code    34  sdk_mapped_flags.o(i.sdk_mapped_flags_first_key_index_get)
    sdk_mapped_flags_get_by_key              0x00024b91   Thumb Code    38  sdk_mapped_flags.o(i.sdk_mapped_flags_get_by_key)
    sdk_mapped_flags_key_list_get            0x00024bb7   Thumb Code    70  sdk_mapped_flags.o(i.sdk_mapped_flags_key_list_get)
    sdk_mapped_flags_update_by_key           0x00024bfd   Thumb Code    14  sdk_mapped_flags.o(i.sdk_mapped_flags_update_by_key)
    sensorsim_decrement                      0x00024ea1   Thumb Code    28  sensorsim.o(i.sensorsim_decrement)
    sensorsim_increment                      0x00024ebd   Thumb Code    28  sensorsim.o(i.sensorsim_increment)
    sensorsim_init                           0x00024ed9   Thumb Code    24  sensorsim.o(i.sensorsim_init)
    sensorsim_measure                        0x00024ef1   Thumb Code    26  sensorsim.o(i.sensorsim_measure)
    sm_ble_evt_handler                       0x00025255   Thumb Code    16  security_manager.o(i.sm_ble_evt_handler)
    sm_conn_sec_config_reply                 0x00025269   Thumb Code    24  security_manager.o(i.sm_conn_sec_config_reply)
    sm_init                                  0x00025285   Thumb Code    76  security_manager.o(i.sm_init)
    sm_pdb_evt_handler                       0x000252d5   Thumb Code    48  security_manager.o(i.sm_pdb_evt_handler)
    sm_sec_params_set                        0x00025309   Thumb Code    44  security_manager.o(i.sm_sec_params_set)
    sm_smd_evt_handler                       0x00025339   Thumb Code   118  security_manager.o(i.sm_smd_evt_handler)
    smd_ble_evt_handler                      0x000253b5   Thumb Code   214  security_dispatcher.o(i.smd_ble_evt_handler)
    smd_init                                 0x00025499   Thumb Code    56  security_dispatcher.o(i.smd_init)
    smd_link_secure                          0x000254d5   Thumb Code    44  security_dispatcher.o(i.smd_link_secure)
    smd_params_reply                         0x00025505   Thumb Code   260  security_dispatcher.o(i.smd_params_reply)
    smd_pdb_evt_handler                      0x0002569d   Thumb Code    46  security_dispatcher.o(i.smd_pdb_evt_handler)
    softdevice_ble_evt_handler_set           0x000256d1   Thumb Code    16  softdevice_handler.o(i.softdevice_ble_evt_handler_set)
    softdevice_enable                        0x000256e5   Thumb Code    62  softdevice_handler.o(i.softdevice_enable)
    softdevice_enable_get_default_config     0x00025789   Thumb Code    40  softdevice_handler.o(i.softdevice_enable_get_default_config)
    softdevice_evt_get                       0x000257b1   Thumb Code    18  softdevice_handler_appsh.o(i.softdevice_evt_get)
    softdevice_evt_schedule                  0x000257c5   Thumb Code    14  softdevice_handler_appsh.o(i.softdevice_evt_schedule)
    softdevice_fault_handler                 0x000257d9   Thumb Code     8  softdevice_handler.o(i.softdevice_fault_handler)
    softdevice_handler_init                  0x000257e1   Thumb Code    74  softdevice_handler.o(i.softdevice_handler_init)
    softdevice_handler_is_enabled            0x00025839   Thumb Code     6  softdevice_handler.o(i.softdevice_handler_is_enabled)
    softdevice_sys_evt_handler_set           0x00025845   Thumb Code    16  softdevice_handler.o(i.softdevice_sys_evt_handler_set)
    __ctype_table                            0x00026700   Data         129  ctype_o.o(.constdata)
    Region$$Table$$Base                      0x000269f8   Number         0  anon$$obj.o(Region$$Table)
    Region$$Table$$Limit                     0x00026a18   Number         0  anon$$obj.o(Region$$Table)
    Image$$RW_IRAM1$$Base                    0x20001fe8   Number         0  anon$$obj.o ABSOLUTE
    ft_info                                  0x20002042   Data           9  main.o(.data)
    nrf_nvic_state                           0x2000226c   Data           8  app_util_platform.o(.data)
    m_sdk_errors_name                        0x20002290   Data          72  sdk_errors.o(.data)
    SystemCoreClock                          0x200022fc   Data           4  system_nrf51.o(.data)
    fs_data$$Base                            0x20002300   Number         0  fds.o(fs_data)
    fs_data$$Limit                           0x20002310   Number         0  fds.o(fs_data)
    __initial_sp                             0x20003f08   Data           0  arm_startup_nrf51.o(STACK)



==============================================================================

Memory Map of the image

  Image Entry point : 0x0001b0c1

  Load Region LR_IROM1 (Base: 0x0001b000, Size: 0x0000bd40, Max: 0x00025000, ABSOLUTE, COMPRESSED[0x0000bb5c])

    Execution Region ER_IROM1 (Base: 0x0001b000, Size: 0x0000ba18, Max: 0x00025000, ABSOLUTE)

    Base Addr    Size         Type   Attr      Idx    E Section Name        Object

    0x0001b000   0x000000c0   Data   RO         5111    RESET               arm_startup_nrf51.o
    0x0001b0c0   0x00000000   Code   RO         5153  * .ARM.Collect$$$$00000000  mc_p.l(entry.o)
    0x0001b0c0   0x00000004   Code   RO         5459    .ARM.Collect$$$$00000001  mc_p.l(entry2.o)
    0x0001b0c4   0x00000004   Code   RO         5462    .ARM.Collect$$$$00000004  mc_p.l(entry5.o)
    0x0001b0c8   0x00000000   Code   RO         5464    .ARM.Collect$$$$00000008  mc_p.l(entry7b.o)
    0x0001b0c8   0x00000000   Code   RO         5466    .ARM.Collect$$$$0000000A  mc_p.l(entry8b.o)
    0x0001b0c8   0x00000008   Code   RO         5467    .ARM.Collect$$$$0000000B  mc_p.l(entry9a.o)
    0x0001b0d0   0x00000000   Code   RO         5469    .ARM.Collect$$$$0000000D  mc_p.l(entry10a.o)
    0x0001b0d0   0x00000000   Code   RO         5471    .ARM.Collect$$$$0000000F  mc_p.l(entry11a.o)
    0x0001b0d0   0x00000004   Code   RO         5460    .ARM.Collect$$$$00002712  mc_p.l(entry2.o)
    0x0001b0d4   0x00000038   Code   RO         5112    .text               arm_startup_nrf51.o
    0x0001b10c   0x0000002c   Code   RO         5156    .text               mc_p.l(uidiv.o)
    0x0001b138   0x00000008   Code   RO         5158    .text               mc_p.l(ctype_o.o)
    0x0001b140   0x00000024   Code   RO         5186    .text               mc_p.l(memcpya.o)
    0x0001b164   0x00000024   Code   RO         5188    .text               mc_p.l(memseta.o)
    0x0001b188   0x0000000e   Code   RO         5190    .text               mc_p.l(strlen.o)
    0x0001b196   0x0000001a   Code   RO         5192    .text               mc_p.l(memcmp.o)
    0x0001b1b0   0x00000060   Code   RO         5476    .text               mc_p.l(uldiv.o)
    0x0001b210   0x00000024   Code   RO         5489    .text               mc_p.l(init.o)
    0x0001b234   0x00000020   Code   RO         5492    .text               mc_p.l(llshl.o)
    0x0001b254   0x00000022   Code   RO         5494    .text               mc_p.l(llushr.o)
    0x0001b276   0x00000056   Code   RO         5511    .text               mc_p.l(__dczerorl2.o)
    0x0001b2cc   0x00000184   Code   RO            3    i.FT5206_init       main.o
    0x0001b450   0x00000178   Code   RO         3087    i.GPIOTE_IRQHandler  nrf_drv_gpiote.o
    0x0001b5c8   0x00000044   Code   RO         3793    i.NVIC_SetPriority  app_timer.o
    0x0001b60c   0x00000054   Code   RO         2884    i.POWER_CLOCK_IRQHandler  nrf_drv_clock.o
    0x0001b660   0x00000020   Code   RO         3794    i.RTC1_IRQHandler   app_timer.o
    0x0001b680   0x00000014   Code   RO         3478    i.SPI0_TWI0_IRQHandler  nrf_drv_twi.o
    0x0001b694   0x00000008   Code   RO         3795    i.SWI0_IRQHandler   app_timer.o
    0x0001b69c   0x00000020   Code   RO         4946    i.SWI2_IRQHandler   softdevice_handler.o
    0x0001b6bc   0x000000a0   Code   RO         5119    i.SystemInit        system_nrf51.o
    0x0001b75c   0x00000014   Code   RO         3302    i.UART0_IRQHandler  nrf_drv_uart.o
    0x0001b770   0x0000002c   Code   RO         5406    i.__0snprintf$8     mc_p.l(printf8.o)
    0x0001b79c   0x0000001a   Code   RO          288    i.__ARM_common_switch8  main.o
    0x0001b7b6   0x0000000e   Code   RO         5505    i.__scatterload_copy  mc_p.l(handlers.o)
    0x0001b7c4   0x00000002   Code   RO         5506    i.__scatterload_null  mc_p.l(handlers.o)
    0x0001b7c6   0x0000000e   Code   RO         5507    i.__scatterload_zeroinit  mc_p.l(handlers.o)
    0x0001b7d4   0x0000001c   Code   RO         4947    i.__sd_nvic_app_accessible_irq  softdevice_handler.o
    0x0001b7f0   0x00000428   Code   RO         5412    i._printf_core      mc_p.l(printf8.o)
    0x0001bc18   0x00000020   Code   RO         5413    i._printf_post_padding  mc_p.l(printf8.o)
    0x0001bc38   0x0000002c   Code   RO         5414    i._printf_pre_padding  mc_p.l(printf8.o)
    0x0001bc64   0x00000016   Code   RO         5415    i._snputc           mc_p.l(printf8.o)
    0x0001bc7a   0x00000028   Code   RO         1475    i.addr_compare      id_manager.o
    0x0001bca2   0x0000018e   Code   RO          872    i.adv_data_encode   ble_advdata.o
    0x0001be30   0x00000068   Code   RO          948    i.adv_mode_next_avail_get  ble_advertising.o
    0x0001be98   0x0000003c   Code   RO          792    i.advertising_buttons_configure  bsp_btn_ble.o
    0x0001bed4   0x00000074   Code   RO            4    i.advertising_init  main.o
    0x0001bf48   0x00000088   Code   RO            5    i.advertising_start  main.o
    0x0001bfd0   0x0000004e   Code   RO         1477    i.ah                id_manager.o
    0x0001c01e   0x0000000a   Code   RO          681    i.alert_timer_handler  bsp.o
    0x0001c028   0x00000024   Code   RO         3633    i.app_button_enable  app_button.o
    0x0001c04c   0x00000074   Code   RO         3634    i.app_button_init   app_button.o
    0x0001c0c0   0x00000048   Code   RO         3726    i.app_error_fault_handler  app_error_weak.o
    0x0001c108   0x00000018   Code   RO         3688    i.app_error_handler_bare  app_error.o
    0x0001c120   0x0000009c   Code   RO         3749    i.app_sched_event_put  app_scheduler.o
    0x0001c1bc   0x0000003c   Code   RO         3750    i.app_sched_execute  app_scheduler.o
    0x0001c1f8   0x0000002c   Code   RO         3751    i.app_sched_init    app_scheduler.o
    0x0001c224   0x0000002c   Code   RO         3798    i.app_timer_create  app_timer.o
    0x0001c250   0x00000016   Code   RO         3931    i.app_timer_evt_get  app_timer_appsh.o
    0x0001c266   0x00000002   PAD
    0x0001c268   0x00000018   Code   RO         3932    i.app_timer_evt_schedule  app_timer_appsh.o
    0x0001c280   0x00000074   Code   RO         3799    i.app_timer_init    app_timer.o
    0x0001c2f4   0x00000088   Code   RO         3800    i.app_timer_start   app_timer.o
    0x0001c37c   0x00000028   Code   RO         3801    i.app_timer_stop    app_timer.o
    0x0001c3a4   0x0000003c   Code   RO         3956    i.app_util_critical_region_enter  app_util_platform.o
    0x0001c3e0   0x0000002c   Code   RO         3957    i.app_util_critical_region_exit  app_util_platform.o
    0x0001c40c   0x00000084   Code   RO         3303    i.apply_config      nrf_drv_uart.o
    0x0001c490   0x000000a0   Code   RO         2448    i.auth_status_success_process  security_dispatcher.o
    0x0001c530   0x00000050   Code   RO            7    i.bas_init          main.o
    0x0001c580   0x00000138   Code   RO         2681    i.battery_level_char_add  ble_bas.o
    0x0001c6b8   0x00000040   Code   RO            8    i.battery_level_meas_timeout_handler  main.o
    0x0001c6f8   0x00000068   Code   RO          873    i.ble_advdata_set   ble_advdata.o
    0x0001c760   0x00000008   Code   RO            9    i.ble_advertising_error_handler  main.o
    0x0001c768   0x0000015c   Code   RO          949    i.ble_advertising_init  ble_advertising.o
    0x0001c8c4   0x00000058   Code   RO          950    i.ble_advertising_on_ble_evt  ble_advertising.o
    0x0001c91c   0x00000030   Code   RO          951    i.ble_advertising_on_sys_evt  ble_advertising.o
    0x0001c94c   0x00000028   Code   RO          952    i.ble_advertising_peer_addr_reply  ble_advertising.o
    0x0001c974   0x0000003c   Code   RO          953    i.ble_advertising_restart_without_whitelist  ble_advertising.o
    0x0001c9b0   0x00000108   Code   RO          956    i.ble_advertising_start  ble_advertising.o
    0x0001cab8   0x00000064   Code   RO          957    i.ble_advertising_whitelist_reply  ble_advertising.o
    0x0001cb1c   0x00000074   Code   RO         2682    i.ble_bas_battery_level_update  ble_bas.o
    0x0001cb90   0x00000048   Code   RO         2683    i.ble_bas_init      ble_bas.o
    0x0001cbd8   0x00000060   Code   RO         2684    i.ble_bas_on_ble_evt  ble_bas.o
    0x0001cc38   0x00000054   Code   RO         1045    i.ble_conn_params_init  ble_conn_params.o
    0x0001cc8c   0x00000090   Code   RO         1046    i.ble_conn_params_on_ble_evt  ble_conn_params.o
    0x0001cd1c   0x00000014   Code   RO         1111    i.ble_conn_state_conn_handles  ble_conn_state.o
    0x0001cd30   0x00000014   Code   RO         1112    i.ble_conn_state_encrypted  ble_conn_state.o
    0x0001cd44   0x00000014   Code   RO         1114    i.ble_conn_state_mitm_protected  ble_conn_state.o
    0x0001cd58   0x000000f8   Code   RO         1118    i.ble_conn_state_on_ble_evt  ble_conn_state.o
    0x0001ce50   0x00000034   Code   RO         1120    i.ble_conn_state_role  ble_conn_state.o
    0x0001ce84   0x00000030   Code   RO         1122    i.ble_conn_state_user_flag_acquire  ble_conn_state.o
    0x0001ceb4   0x00000018   Code   RO         1123    i.ble_conn_state_user_flag_collection  ble_conn_state.o
    0x0001cecc   0x00000024   Code   RO         1124    i.ble_conn_state_user_flag_get  ble_conn_state.o
    0x0001cef0   0x00000028   Code   RO         1125    i.ble_conn_state_user_flag_set  ble_conn_state.o
    0x0001cf18   0x0000005e   Code   RO          874    i.ble_device_addr_encode  ble_advdata.o
    0x0001cf76   0x00000002   PAD
    0x0001cf78   0x00000140   Code   RO         2718    i.ble_dis_init      ble_dis.o
    0x0001d0b8   0x00000040   Code   RO           10    i.ble_evt_dispatch  main.o
    0x0001d0f8   0x00000050   Code   RO         2755    i.ble_hids_boot_kb_inp_rep_send  ble_hids.o
    0x0001d148   0x00000070   Code   RO         2756    i.ble_hids_boot_mouse_inp_rep_send  ble_hids.o
    0x0001d1b8   0x00000130   Code   RO         2757    i.ble_hids_init     ble_hids.o
    0x0001d2e8   0x00000060   Code   RO         2758    i.ble_hids_inp_rep_send  ble_hids.o
    0x0001d348   0x00000098   Code   RO         2759    i.ble_hids_on_ble_evt  ble_hids.o
    0x0001d3e0   0x00000026   Code   RO         2760    i.ble_hids_outp_rep_get  ble_hids.o
    0x0001d406   0x00000012   Code   RO         1238    i.ble_srv_ascii_to_utf8  ble_srv_common.o
    0x0001d418   0x0000000e   Code   RO         1240    i.ble_srv_is_notification_enabled  ble_srv_common.o
    0x0001d426   0x0000000c   Code   RO         1241    i.ble_srv_report_ref_encode  ble_srv_common.o
    0x0001d432   0x00000002   PAD
    0x0001d434   0x00000074   Code   RO           11    i.ble_stack_init    main.o
    0x0001d4a8   0x000000ae   Code   RO         2761    i.boot_inp_rep_char_add  ble_hids.o
    0x0001d556   0x00000002   PAD
    0x0001d558   0x0000008c   Code   RO         2762    i.boot_kb_outp_rep_char_add  ble_hids.o
    0x0001d5e4   0x0000000c   Code   RO          566    i.bsp_board_button_idx_to_pin  boards.o
    0x0001d5f0   0x00000020   Code   RO          567    i.bsp_board_button_state_get  boards.o
    0x0001d610   0x00000020   Code   RO          570    i.bsp_board_led_invert  boards.o
    0x0001d630   0x00000014   Code   RO          571    i.bsp_board_led_off  boards.o
    0x0001d644   0x00000014   Code   RO          572    i.bsp_board_led_on  boards.o
    0x0001d658   0x00000020   Code   RO          573    i.bsp_board_led_state_get  boards.o
    0x0001d678   0x00000028   Code   RO          574    i.bsp_board_leds_init  boards.o
    0x0001d6a0   0x00000012   Code   RO          575    i.bsp_board_leds_off  boards.o
    0x0001d6b2   0x00000012   Code   RO          576    i.bsp_board_leds_on  boards.o
    0x0001d6c4   0x00000024   Code   RO          577    i.bsp_board_pin_to_button_idx  boards.o
    0x0001d6e8   0x00000040   Code   RO          793    i.bsp_btn_ble_init  bsp_btn_ble.o
    0x0001d728   0x00000078   Code   RO          794    i.bsp_btn_ble_on_ble_evt  bsp_btn_ble.o
    0x0001d7a0   0x00000022   Code   RO          795    i.bsp_btn_ble_sleep_mode_prepare  bsp_btn_ble.o
    0x0001d7c2   0x00000002   PAD
    0x0001d7c4   0x00000094   Code   RO          682    i.bsp_button_event_handler  bsp.o
    0x0001d858   0x00000008   Code   RO          683    i.bsp_button_is_pressed  bsp.o
    0x0001d860   0x00000104   Code   RO           12    i.bsp_event_handler  main.o
    0x0001d964   0x00000048   Code   RO          686    i.bsp_event_to_button_action_assign  bsp.o
    0x0001d9ac   0x0000001c   Code   RO          687    i.bsp_indication_set  bsp.o
    0x0001d9c8   0x00000098   Code   RO          688    i.bsp_init          bsp.o
    0x0001da60   0x00000180   Code   RO          689    i.bsp_led_indication  bsp.o
    0x0001dbe0   0x00000010   Code   RO          691    i.bsp_wakeup_button_enable  bsp.o
    0x0001dbf0   0x00000012   Code   RO         4570    i.buf_len_update    nrf_log_backend_serial.o
    0x0001dc02   0x00000002   PAD
    0x0001dc04   0x00000070   Code   RO         4667    i.buf_prealloc      nrf_log_frontend.o
    0x0001dc74   0x00000070   Code   RO           13    i.buffer_dequeue    main.o
    0x0001dce4   0x00000044   Code   RO           14    i.buffer_enqueue    main.o
    0x0001dd28   0x00000014   Code   RO         4668    i.buffer_is_empty   nrf_log_frontend.o
    0x0001dd3c   0x0000000c   Code   RO          692    i.button_timer_handler  bsp.o
    0x0001dd48   0x0000001c   Code   RO         3088    i.channel_free      nrf_drv_gpiote.o
    0x0001dd64   0x00000048   Code   RO         3089    i.channel_port_alloc  nrf_drv_gpiote.o
    0x0001ddac   0x00000010   Code   RO         3090    i.channel_port_get  nrf_drv_gpiote.o
    0x0001ddbc   0x00000098   Code   RO         2719    i.char_add          ble_dis.o
    0x0001de54   0x00000020   Code   RO         4328    i.check_config      fstorage.o
    0x0001de74   0x00000018   Code   RO         4026    i.chunk_queue_next  fds.o
    0x0001de8c   0x0000003c   Code   RO         2012    i.claim             peer_id.o
    0x0001dec8   0x00000028   Code   RO         2885    i.clock_clk_started_notify  nrf_drv_clock.o
    0x0001def0   0x000000a8   Code   RO         3803    i.compare_reg_update  app_timer.o
    0x0001df98   0x00000088   Code   RO          875    i.conn_int_encode   ble_advdata.o
    0x0001e020   0x00000008   Code   RO           15    i.conn_params_error_handler  main.o
    0x0001e028   0x00000068   Code   RO         1048    i.conn_params_negotiation  ble_conn_params.o
    0x0001e090   0x000000a4   Code   RO         4027    i.delete_execute    fds.o
    0x0001e134   0x00000060   Code   RO         3636    i.detection_delay_timeout_handler  app_button.o
    0x0001e194   0x00000040   Code   RO         3804    i.elapsed_ticks_acquire  app_timer.o
    0x0001e1d4   0x00000030   Code   RO         2449    i.encryption_failure  security_dispatcher.o
    0x0001e204   0x0000006a   Code   RO         4028    i.event_prepare     fds.o
    0x0001e26e   0x00000002   PAD
    0x0001e270   0x00000020   Code   RO         4029    i.event_send        fds.o
    0x0001e290   0x00000032   Code   RO         2559    i.events_send_from_err_code  security_manager.o
    0x0001e2c2   0x00000002   PAD
    0x0001e2c4   0x0000000c   Code   RO         1293    i.evt_send          gatt_cache_manager.o
    0x0001e2d0   0x0000001c   Code   RO         1478    i.evt_send          id_manager.o
    0x0001e2ec   0x00000028   Code   RO         2098    i.evt_send          peer_manager.o
    0x0001e314   0x0000001c   Code   RO         2450    i.evt_send          security_dispatcher.o
    0x0001e330   0x0000000c   Code   RO         2560    i.evt_send          security_manager.o
    0x0001e33c   0x0000011c   Code   RO         1698    i.fds_evt_handler   peer_data_storage.o
    0x0001e458   0x0000004c   Code   RO         4031    i.fds_file_delete   fds.o
    0x0001e4a4   0x00000048   Code   RO         4032    i.fds_gc            fds.o
    0x0001e4ec   0x0000008c   Code   RO         4033    i.fds_init          fds.o
    0x0001e578   0x00000040   Code   RO         4034    i.fds_record_close  fds.o
    0x0001e5b8   0x0000000e   Code   RO         4036    i.fds_record_find   fds.o
    0x0001e5c6   0x00000010   Code   RO         4037    i.fds_record_find_by_key  fds.o
    0x0001e5d6   0x00000010   Code   RO         4038    i.fds_record_find_in_file  fds.o
    0x0001e5e6   0x00000014   Code   RO         4039    i.fds_record_id_from_desc  fds.o
    0x0001e5fa   0x00000002   PAD
    0x0001e5fc   0x00000044   Code   RO         4041    i.fds_record_open   fds.o
    0x0001e640   0x00000014   Code   RO         4042    i.fds_record_update  fds.o
    0x0001e654   0x0000000c   Code   RO         4043    i.fds_record_write  fds.o
    0x0001e660   0x00000012   Code   RO         4044    i.fds_record_write_reserved  fds.o
    0x0001e672   0x00000002   PAD
    0x0001e674   0x00000024   Code   RO         4045    i.fds_register      fds.o
    0x0001e698   0x00000034   Code   RO         4046    i.fds_reserve       fds.o
    0x0001e6cc   0x00000048   Code   RO         4047    i.fds_reserve_cancel  fds.o
    0x0001e714   0x00000062   Code   RO         2763    i.feature_rep_characteristics_add  ble_hids.o
    0x0001e776   0x0000000a   Code   RO         1699    i.file_id_to_peer_id  peer_data_storage.o
    0x0001e780   0x00000018   Code   RO         1700    i.file_id_within_pm_range  peer_data_storage.o
    0x0001e798   0x00000010   Code   RO         4049    i.flag_clear        fds.o
    0x0001e7a8   0x00000012   Code   RO         2451    i.flag_id_init      security_dispatcher.o
    0x0001e7ba   0x00000012   Code   RO         2561    i.flag_id_init      security_manager.o
    0x0001e7cc   0x00000010   Code   RO         4050    i.flag_set          fds.o
    0x0001e7dc   0x0000005c   Code   RO         2562    i.flags_set_from_err_code  security_manager.o
    0x0001e838   0x0000007c   Code   RO         4329    i.fs_erase          fstorage.o
    0x0001e8b4   0x0000000a   Code   RO         4051    i.fs_event_handler  fds.o
    0x0001e8be   0x00000002   PAD
    0x0001e8c0   0x000000ac   Code   RO         4331    i.fs_init           fstorage.o
    0x0001e96c   0x00000018   Code   RO         4334    i.fs_queued_op_count_get  fstorage.o
    0x0001e984   0x00000084   Code   RO         4335    i.fs_store          fstorage.o
    0x0001ea08   0x00000068   Code   RO         4336    i.fs_sys_event_handler  fstorage.o
    0x0001ea70   0x00000164   Code   RO           16    i.ft5206_consume_key_queue  main.o
    0x0001ebd4   0x00000294   Code   RO           17    i.ft5206_consume_mouse_queue  main.o
    0x0001ee68   0x000001d4   Code   RO           18    i.ft5206_int_gpio_handler  main.o
    0x0001f03c   0x00000014   Code   RO           19    i.ft5206_twi_cb_handler  main.o
    0x0001f050   0x000001b8   Code   RO           20    i.ft_read_points    main.o
    0x0001f208   0x00000070   Code   RO           21    i.ft_twi_rx         main.o
    0x0001f278   0x00000074   Code   RO           22    i.ft_twi_tx         main.o
    0x0001f2ec   0x0000005c   Code   RO           23    i.gap_params_init   main.o
    0x0001f348   0x00000068   Code   RO         4052    i.gc_execute        fds.o
    0x0001f3b0   0x0000004c   Code   RO         4053    i.gc_next_page      fds.o
    0x0001f3fc   0x0000004c   Code   RO         4054    i.gc_page_erase     fds.o
    0x0001f448   0x00000034   Code   RO         4055    i.gc_record_copy    fds.o
    0x0001f47c   0x00000020   Code   RO         4056    i.gc_record_find_next  fds.o
    0x0001f49c   0x00000080   Code   RO         4057    i.gc_state_advance  fds.o
    0x0001f51c   0x000000f0   Code   RO         1294    i.gcm_ble_evt_handler  gatt_cache_manager.o
    0x0001f60c   0x00000068   Code   RO         1295    i.gcm_gscm_evt_handler  gatt_cache_manager.o
    0x0001f674   0x0000002c   Code   RO         1296    i.gcm_im_evt_handler  gatt_cache_manager.o
    0x0001f6a0   0x00000048   Code   RO         1297    i.gcm_init          gatt_cache_manager.o
    0x0001f6e8   0x0000004c   Code   RO         1298    i.gcm_local_database_has_changed  gatt_cache_manager.o
    0x0001f734   0x00000010   Code   RO         1301    i.gcm_smd_evt_handler  gatt_cache_manager.o
    0x0001f744   0x00000038   Code   RO         1479    i.get_connection_by_conn_handle  id_manager.o
    0x0001f77c   0x00000030   Code   RO         1480    i.get_free_connection  id_manager.o
    0x0001f7ac   0x000000a8   Code   RO           24    i.get_queue         main.o
    0x0001f854   0x00000050   Code   RO         3637    i.gpiote_event_handler  app_button.o
    0x0001f8a4   0x0000001c   Code   RO         1397    i.gscm_db_change_notification_done  gatts_cache_manager.o
    0x0001f8c0   0x00000014   Code   RO         1398    i.gscm_init         gatts_cache_manager.o
    0x0001f8d4   0x0000001c   Code   RO         1399    i.gscm_local_database_has_changed  gatts_cache_manager.o
    0x0001f8f0   0x0000006c   Code   RO         1400    i.gscm_local_db_cache_apply  gatts_cache_manager.o
    0x0001f95c   0x00000084   Code   RO         1402    i.gscm_local_db_cache_update  gatts_cache_manager.o
    0x0001f9e0   0x0000004c   Code   RO         1403    i.gscm_pdb_evt_handler  gatts_cache_manager.o
    0x0001fa2c   0x0000001c   Code   RO         1404    i.gscm_service_changed_ind_needed  gatts_cache_manager.o
    0x0001fa48   0x0000002c   Code   RO         1405    i.gscm_service_changed_ind_send  gatts_cache_manager.o
    0x0001fa74   0x0000001c   Code   RO         4058    i.header_is_valid   fds.o
    0x0001fa90   0x00000068   Code   RO           25    i.hid_button_timeout_handler  main.o
    0x0001faf8   0x0000008c   Code   RO         2764    i.hid_control_point_char_add  ble_hids.o
    0x0001fb84   0x000000a0   Code   RO         2765    i.hid_information_char_add  ble_hids.o
    0x0001fc24   0x00000188   Code   RO           26    i.hids_init         main.o
    0x0001fdac   0x00000040   Code   RO         1481    i.im_address_resolve  id_manager.o
    0x0001fdec   0x0000002c   Code   RO         1482    i.im_ble_addr_get   id_manager.o
    0x0001fe18   0x000000a8   Code   RO         1483    i.im_ble_evt_handler  id_manager.o
    0x0001fec0   0x0000002c   Code   RO         1484    i.im_conn_handle_get  id_manager.o
    0x0001feec   0x00000004   Code   RO         1485    i.im_device_identities_list_set  id_manager.o
    0x0001fef0   0x00000048   Code   RO         1488    i.im_init           id_manager.o
    0x0001ff38   0x00000038   Code   RO         1489    i.im_is_duplicate_bonding_data  id_manager.o
    0x0001ff70   0x0000001c   Code   RO         1490    i.im_master_id_is_valid  id_manager.o
    0x0001ff8c   0x0000002c   Code   RO         1491    i.im_master_ids_compare  id_manager.o
    0x0001ffb8   0x00000008   Code   RO         1492    i.im_new_peer_id    id_manager.o
    0x0001ffc0   0x0000006e   Code   RO         1493    i.im_pdb_evt_handler  id_manager.o
    0x0002002e   0x00000002   PAD
    0x00020030   0x0000002c   Code   RO         1494    i.im_peer_free      id_manager.o
    0x0002005c   0x00000020   Code   RO         1495    i.im_peer_id_get_by_conn_handle  id_manager.o
    0x0002007c   0x00000044   Code   RO         1496    i.im_peer_id_get_by_master_id  id_manager.o
    0x000200c0   0x00000038   Code   RO         1499    i.im_whitelist_get  id_manager.o
    0x000200f8   0x00000038   Code   RO         1500    i.im_whitelist_set  id_manager.o
    0x00020130   0x000000c0   Code   RO         4059    i.init_execute      fds.o
    0x000201f0   0x0000007a   Code   RO         2766    i.inp_rep_characteristics_add  ble_hids.o
    0x0002026a   0x00000002   PAD
    0x0002026c   0x00000080   Code   RO         4948    i.intern_softdevice_events_execute  softdevice_handler.o
    0x000202ec   0x000000ac   Code   RO         3479    i.irq_handler_twi   nrf_drv_twi.o
    0x00020398   0x0000001c   Code   RO         1049    i.is_conn_params_ok  ble_conn_params.o
    0x000203b4   0x00000048   Code   RO         5120    i.is_manual_peripheral_setup_needed  system_nrf51.o
    0x000203fc   0x00000016   Code   RO         1501    i.is_valid_irk      id_manager.o
    0x00020412   0x0000000c   Code   RO         4060    i.is_word_aligned   fds.o
    0x0002041e   0x00000002   PAD
    0x00020420   0x000000fc   Code   RO           27    i.key_longpress_timeout_handler  main.o
    0x0002051c   0x00000050   Code   RO           28    i.keys_send         main.o
    0x0002056c   0x00000018   Code   RO          693    i.leds_timer_handler  bsp.o
    0x00020584   0x0000009c   Code   RO         2563    i.link_secure       security_manager.o
    0x00020620   0x00000088   Code   RO         2452    i.link_secure_central  security_dispatcher.o
    0x000206a8   0x000000c6   Code   RO         2453    i.link_secure_central_existing_peer  security_dispatcher.o
    0x0002076e   0x00000002   PAD
    0x00020770   0x00000074   Code   RO         2454    i.link_secure_central_new_peer  security_dispatcher.o
    0x000207e4   0x00000050   Code   RO         2455    i.link_secure_failure  security_dispatcher.o
    0x00020834   0x0000005c   Code   RO         2564    i.link_secure_pending_process  security_manager.o
    0x00020890   0x000000ac   Code   RO         3805    i.list_deletions_handler  app_timer.o
    0x0002093c   0x000000bc   Code   RO         3806    i.list_insertions_handler  app_timer.o
    0x000209f8   0x00000078   Code   RO         1302    i.local_db_apply_in_evt  gatt_cache_manager.o
    0x00020a70   0x00000078   Code   RO         1303    i.local_db_update_in_evt  gatt_cache_manager.o
    0x00020ae8   0x00000032   Code   RO         2399    i.lock_by_mask      pm_mutex.o
    0x00020b1a   0x00000002   PAD
    0x00020b1c   0x0000018c   Code   RO           29    i.main              main.o
    0x00020ca8   0x00000012   Code   RO         2767    i.make_char_id      ble_hids.o
    0x00020cba   0x00000068   Code   RO          876    i.manuf_specific_data_encode  ble_advdata.o
    0x00020d22   0x00000002   PAD
    0x00020d24   0x000000a0   Code   RO           30    i.mouse_flip_timeout_handler  main.o
    0x00020dc4   0x0000007c   Code   RO           31    i.mouse_media_send  main.o
    0x00020e40   0x000000b8   Code   RO           32    i.mouse_movement_send2  main.o
    0x00020ef8   0x00000120   Code   RO           33    i.mouse_reread_timeout_handler  main.o
    0x00021018   0x00000128   Code   RO           34    i.mouse_send        main.o
    0x00021140   0x0000009e   Code   RO          877    i.name_encode       ble_advdata.o
    0x000211de   0x00000002   PAD
    0x000211e0   0x0000005c   Code   RO         1502    i.new_connection    id_manager.o
    0x0002123c   0x00000034   Code   RO         2013    i.next_id_get       peer_id.o
    0x00021270   0x00000010   Code   RO         3091    i.nrf_bitmask_bit_is_set  nrf_drv_gpiote.o
    0x00021280   0x00000010   Code   RO         2889    i.nrf_clock_event_check  nrf_drv_clock.o
    0x00021290   0x00000034   Code   RO           35    i.nrf_delay_ms      main.o
    0x000212c4   0x00000030   Code   RO         3480    i.nrf_delay_us      nrf_drv_twi.o
    0x000212f4   0x00000030   Code   RO         3807    i.nrf_delay_us      app_timer.o
    0x00021324   0x00000048   Code   RO         2896    i.nrf_drv_clock_init  nrf_drv_clock.o
    0x0002136c   0x00000034   Code   RO         2903    i.nrf_drv_clock_on_sd_enable  nrf_drv_clock.o
    0x000213a0   0x0000000c   Code   RO         2904    i.nrf_drv_clock_on_soc_event  nrf_drv_clock.o
    0x000213ac   0x00000060   Code   RO         3046    i.nrf_drv_common_irq_enable  nrf_drv_common.o
    0x0002140c   0x00000098   Code   RO         3094    i.nrf_drv_gpiote_in_event_enable  nrf_drv_gpiote.o
    0x000214a4   0x000000a8   Code   RO         3095    i.nrf_drv_gpiote_in_init  nrf_drv_gpiote.o
    0x0002154c   0x00000014   Code   RO         3096    i.nrf_drv_gpiote_in_is_set  nrf_drv_gpiote.o
    0x00021560   0x0000005c   Code   RO         3098    i.nrf_drv_gpiote_init  nrf_drv_gpiote.o
    0x000215bc   0x00000010   Code   RO         3099    i.nrf_drv_gpiote_is_init  nrf_drv_gpiote.o
    0x000215cc   0x00000020   Code   RO         3483    i.nrf_drv_twi_enable  nrf_drv_twi.o
    0x000215ec   0x00000088   Code   RO         3484    i.nrf_drv_twi_init  nrf_drv_twi.o
    0x00021674   0x00000024   Code   RO         3485    i.nrf_drv_twi_rx    nrf_drv_twi.o
    0x00021698   0x00000024   Code   RO         3488    i.nrf_drv_twi_tx    nrf_drv_twi.o
    0x000216bc   0x00000028   Code   RO         3490    i.nrf_drv_twi_xfer  nrf_drv_twi.o
    0x000216e4   0x000000d4   Code   RO         3305    i.nrf_drv_uart_init  nrf_drv_uart.o
    0x000217b8   0x0000007c   Code   RO         3311    i.nrf_drv_uart_tx   nrf_drv_uart.o
    0x00021834   0x0000008c   Code   RO         3313    i.nrf_drv_uart_tx_for_uart  nrf_drv_uart.o
    0x000218c0   0x00000018   Code   RO         3314    i.nrf_drv_uart_tx_in_progress  nrf_drv_uart.o
    0x000218d8   0x000000c8   Code   RO         3315    i.nrf_drv_uart_uninit  nrf_drv_uart.o
    0x000219a0   0x00000028   Code   RO          579    i.nrf_gpio_cfg      boards.o
    0x000219c8   0x00000028   Code   RO         3111    i.nrf_gpio_cfg      nrf_drv_gpiote.o
    0x000219f0   0x00000028   Code   RO         3316    i.nrf_gpio_cfg      nrf_drv_uart.o
    0x00021a18   0x00000012   Code   RO         3317    i.nrf_gpio_cfg_default  nrf_drv_uart.o
    0x00021a2a   0x00000012   Code   RO         3318    i.nrf_gpio_cfg_input  nrf_drv_uart.o
    0x00021a3c   0x00000014   Code   RO         3319    i.nrf_gpio_cfg_output  nrf_drv_uart.o
    0x00021a50   0x00000022   Code   RO          694    i.nrf_gpio_cfg_sense_set  bsp.o
    0x00021a72   0x00000022   Code   RO         3113    i.nrf_gpio_cfg_sense_set  nrf_drv_gpiote.o
    0x00021a94   0x00000010   Code   RO         3491    i.nrf_gpio_pin_set  nrf_drv_twi.o
    0x00021aa4   0x00000018   Code   RO           36    i.nrf_gpio_pin_write  main.o
    0x00021abc   0x00000018   Code   RO          580    i.nrf_gpio_pin_write  boards.o
    0x00021ad4   0x00000028   Code   RO         3114    i.nrf_gpio_ports_read  nrf_drv_gpiote.o
    0x00021afc   0x00000010   Code   RO         3115    i.nrf_gpiote_event_clear  nrf_drv_gpiote.o
    0x00021b0c   0x00000014   Code   RO         3116    i.nrf_gpiote_event_is_set  nrf_drv_gpiote.o
    0x00021b20   0x00000008   Code   RO         4572    i.nrf_log_backend_hexdump_handler_get  nrf_log_backend_serial.o
    0x00021b28   0x00000078   Code   RO         4573    i.nrf_log_backend_init  nrf_log_backend_serial.o
    0x00021ba0   0x00000132   Code   RO         4574    i.nrf_log_backend_serial_hexdump_handler  nrf_log_backend_serial.o
    0x00021cd2   0x00000104   Code   RO         4575    i.nrf_log_backend_serial_std_handler  nrf_log_backend_serial.o
    0x00021dd6   0x00000002   PAD
    0x00021dd8   0x00000008   Code   RO         4576    i.nrf_log_backend_std_handler_get  nrf_log_backend_serial.o
    0x00021de0   0x0000000a   Code   RO         4670    i.nrf_log_blocking_backend_set  nrf_log_frontend.o
    0x00021dea   0x00000002   PAD
    0x00021dec   0x0000014c   Code   RO         4671    i.nrf_log_frontend_dequeue  nrf_log_frontend.o
    0x00021f38   0x00000018   Code   RO         4673    i.nrf_log_frontend_init  nrf_log_frontend.o
    0x00021f50   0x0000004c   Code   RO         4674    i.nrf_log_frontend_std_0  nrf_log_frontend.o
    0x00021f9c   0x00000060   Code   RO         4675    i.nrf_log_frontend_std_1  nrf_log_frontend.o
    0x00021ffc   0x0000006c   Code   RO         4676    i.nrf_log_frontend_std_2  nrf_log_frontend.o
    0x00022068   0x0000007c   Code   RO         4677    i.nrf_log_frontend_std_3  nrf_log_frontend.o
    0x000220e4   0x0000008c   Code   RO         4678    i.nrf_log_frontend_std_4  nrf_log_frontend.o
    0x00022170   0x00000098   Code   RO         4679    i.nrf_log_frontend_std_5  nrf_log_frontend.o
    0x00022208   0x0000000c   Code   RO         4682    i.nrf_log_handlers_set  nrf_log_frontend.o
    0x00022214   0x00000024   Code   RO         4683    i.nrf_log_init      nrf_log_frontend.o
    0x00022238   0x0000000a   Code   RO         3492    i.nrf_twi_event_check  nrf_drv_twi.o
    0x00022242   0x0000000a   Code   RO         3320    i.nrf_uart_event_check  nrf_drv_uart.o
    0x0002224c   0x00000010   Code   RO         3321    i.nrf_uart_int_enable_check  nrf_drv_uart.o
    0x0002225c   0x00000160   Code   RO           37    i.on_adv_evt        main.o
    0x000223bc   0x00000134   Code   RO           38    i.on_ble_evt        main.o
    0x000224f0   0x000000d4   Code   RO           39    i.on_hid_rep_char_write  main.o
    0x000225c4   0x0000002c   Code   RO           40    i.on_hids_evt       main.o
    0x000225f0   0x00000054   Code   RO         4337    i.on_operation_success  fstorage.o
    0x00022644   0x00000040   Code   RO         2768    i.on_report_cccd_write  ble_hids.o
    0x00022684   0x0000002e   Code   RO         2769    i.on_report_value_write  ble_hids.o
    0x000226b2   0x00000002   PAD
    0x000226b4   0x0000010c   Code   RO         2770    i.on_write          ble_hids.o
    0x000227c0   0x00000078   Code   RO         4061    i.op_enqueue        fds.o
    0x00022838   0x00000062   Code   RO         2771    i.outp_rep_characteristics_add  ble_hids.o
    0x0002289a   0x00000012   Code   RO         4062    i.page_offsets_update  fds.o
    0x000228ac   0x00000058   Code   RO         4063    i.page_scan         fds.o
    0x00022904   0x0000001c   Code   RO         4064    i.page_tag_write_data  fds.o
    0x00022920   0x00000024   Code   RO         4065    i.page_tag_write_swap  fds.o
    0x00022944   0x000000f0   Code   RO         4066    i.pages_init        fds.o
    0x00022a34   0x0000006c   Code   RO         2456    i.pairing_failure   security_dispatcher.o
    0x00022aa0   0x0000003c   Code   RO         2565    i.params_reply_pending_process  security_manager.o
    0x00022adc   0x000000c0   Code   RO           41    i.parse_1st_line_keys  main.o
    0x00022b9c   0x000000cc   Code   RO           42    i.parse_2nd_line_keys  main.o
    0x00022c68   0x000000c0   Code   RO           43    i.parse_3rd_line_keys  main.o
    0x00022d28   0x000000c0   Code   RO           44    i.parse_4th_line_keys  main.o
    0x00022de8   0x000000cc   Code   RO           45    i.parse_5th_line_keys  main.o
    0x00022eb4   0x000000b0   Code   RO           46    i.parse_6th_line_keys  main.o
    0x00022f64   0x0000001c   Code   RO         1853    i.pdb_evt_send      peer_database.o
    0x00022f80   0x0000004c   Code   RO         1854    i.pdb_init          peer_database.o
    0x00022fcc   0x00000008   Code   RO         1856    i.pdb_next_deleted_peer_id_get  peer_database.o
    0x00022fd4   0x00000008   Code   RO         1857    i.pdb_next_peer_id_get  peer_database.o
    0x00022fdc   0x00000134   Code   RO         1858    i.pdb_pds_evt_handler  peer_database.o
    0x00023110   0x00000008   Code   RO         1859    i.pdb_peer_allocate  peer_database.o
    0x00023118   0x00000010   Code   RO         1860    i.pdb_peer_data_load  peer_database.o
    0x00023128   0x0000000a   Code   RO         1861    i.pdb_peer_data_ptr_get  peer_database.o
    0x00023132   0x0000004a   Code   RO         1862    i.pdb_peer_free     peer_database.o
    0x0002317c   0x0000000c   Code   RO         1863    i.pdb_raw_store     peer_database.o
    0x00023188   0x00000108   Code   RO         1864    i.pdb_write_buf_get  peer_database.o
    0x00023290   0x0000002a   Code   RO         1865    i.pdb_write_buf_release  peer_database.o
    0x000232ba   0x00000002   PAD
    0x000232bc   0x000000c8   Code   RO         1866    i.pdb_write_buf_store  peer_database.o
    0x00023384   0x00000068   Code   RO         1867    i.pdb_write_buf_store_prepare  peer_database.o
    0x000233ec   0x0000000c   Code   RO         1701    i.pds_evt_send      peer_data_storage.o
    0x000233f8   0x00000070   Code   RO         1702    i.pds_init          peer_data_storage.o
    0x00023468   0x00000008   Code   RO         1703    i.pds_next_deleted_peer_id_get  peer_data_storage.o
    0x00023470   0x00000008   Code   RO         1704    i.pds_next_peer_id_get  peer_data_storage.o
    0x00023478   0x00000054   Code   RO         1707    i.pds_peer_data_iterate  peer_data_storage.o
    0x000234cc   0x00000010   Code   RO         1708    i.pds_peer_data_iterate_prepare  peer_data_storage.o
    0x000234dc   0x00000070   Code   RO         1709    i.pds_peer_data_read  peer_data_storage.o
    0x0002354c   0x000000aa   Code   RO         1710    i.pds_peer_data_store  peer_data_storage.o
    0x000235f6   0x00000002   PAD
    0x000235f8   0x00000010   Code   RO         1711    i.pds_peer_id_allocate  peer_data_storage.o
    0x00023608   0x00000016   Code   RO         1712    i.pds_peer_id_free  peer_data_storage.o
    0x0002361e   0x00000008   Code   RO         1713    i.pds_peer_id_is_allocated  peer_data_storage.o
    0x00023626   0x00000030   Code   RO         1714    i.pds_space_reserve  peer_data_storage.o
    0x00023656   0x00000010   Code   RO         1715    i.pds_space_reserve_cancel  peer_data_storage.o
    0x00023666   0x0000000a   Code   RO         1868    i.peer_data_const_point_to_buffer  peer_database.o
    0x00023670   0x00000080   Code   RO         1716    i.peer_data_delete  peer_data_storage.o
    0x000236f0   0x00000030   Code   RO         1717    i.peer_data_find    peer_data_storage.o
    0x00023720   0x00000020   Code   RO         1718    i.peer_data_id_is_valid  peer_data_storage.o
    0x00023740   0x00000014   Code   RO         1869    i.peer_data_point_to_buffer  peer_database.o
    0x00023754   0x00000010   Code   RO         2014    i.peer_id_allocate  peer_id.o
    0x00023764   0x00000028   Code   RO         2015    i.peer_id_delete    peer_id.o
    0x0002378c   0x0000001c   Code   RO         2016    i.peer_id_free      peer_id.o
    0x000237a8   0x00000010   Code   RO         2017    i.peer_id_get_next_deleted  peer_id.o
    0x000237b8   0x00000034   Code   RO         2018    i.peer_id_get_next_used  peer_id.o
    0x000237ec   0x00000028   Code   RO         2019    i.peer_id_init      peer_id.o
    0x00023814   0x00000018   Code   RO         2020    i.peer_id_is_allocated  peer_id.o
    0x0002382c   0x00000018   Code   RO         2021    i.peer_id_is_deleted  peer_id.o
    0x00023844   0x0000001c   Code   RO         1503    i.peer_id_set       id_manager.o
    0x00023860   0x0000000a   Code   RO         1719    i.peer_id_to_file_id  peer_data_storage.o
    0x0002386a   0x00000002   PAD
    0x0002386c   0x00000078   Code   RO           47    i.peer_manager_init  main.o
    0x000238e4   0x000000b8   Code   RO         1504    i.peers_id_keys_get  id_manager.o
    0x0002399c   0x00000018   Code   RO         3117    i.pin_in_use_by_port  nrf_drv_gpiote.o
    0x000239b4   0x00000018   Code   RO         3118    i.pin_in_use_by_te  nrf_drv_gpiote.o
    0x000239cc   0x0000005e   Code   RO         2361    i.pm_buffer_block_acquire  pm_buffer.o
    0x00023a2a   0x00000042   Code   RO         2362    i.pm_buffer_init    pm_buffer.o
    0x00023a6c   0x0000002e   Code   RO         2363    i.pm_buffer_ptr_get  pm_buffer.o
    0x00023a9a   0x0000002a   Code   RO         2364    i.pm_buffer_release  pm_buffer.o
    0x00023ac4   0x00000008   Code   RO         2100    i.pm_conn_sec_config_reply  peer_manager.o
    0x00023acc   0x00000018   Code   RO         2103    i.pm_device_identities_list_set  peer_manager.o
    0x00023ae4   0x00000168   Code   RO           48    i.pm_evt_handler    main.o
    0x00023c4c   0x00000080   Code   RO         2104    i.pm_gcm_evt_handler  peer_manager.o
    0x00023ccc   0x00000050   Code   RO         2107    i.pm_im_evt_handler  peer_manager.o
    0x00023d1c   0x00000070   Code   RO         2108    i.pm_init           peer_manager.o
    0x00023d8c   0x00000014   Code   RO         2110    i.pm_local_database_has_changed  peer_manager.o
    0x00023da0   0x00000010   Code   RO         2400    i.pm_mutex_init     pm_mutex.o
    0x00023db0   0x0000001c   Code   RO         2401    i.pm_mutex_lock     pm_mutex.o
    0x00023dcc   0x00000034   Code   RO         2402    i.pm_mutex_lock_first_available  pm_mutex.o
    0x00023e00   0x00000018   Code   RO         2403    i.pm_mutex_lock_status_get  pm_mutex.o
    0x00023e18   0x00000036   Code   RO         2404    i.pm_mutex_unlock   pm_mutex.o
    0x00023e4e   0x00000002   PAD
    0x00023e50   0x0000001c   Code   RO         2111    i.pm_next_peer_id_get  peer_manager.o
    0x00023e6c   0x00000024   Code   RO         2112    i.pm_on_ble_evt     peer_manager.o
    0x00023e90   0x0000013c   Code   RO         2113    i.pm_pdb_evt_handler  peer_manager.o
    0x00023fcc   0x00000012   Code   RO         2117    i.pm_peer_data_bonding_load  peer_manager.o
    0x00023fde   0x00000002   PAD
    0x00023fe0   0x00000060   Code   RO         2120    i.pm_peer_data_load  peer_manager.o
    0x00024040   0x00000018   Code   RO         2124    i.pm_peer_delete    peer_manager.o
    0x00024058   0x0000003c   Code   RO         2129    i.pm_peers_delete   peer_manager.o
    0x00024094   0x00000030   Code   RO         2132    i.pm_register       peer_manager.o
    0x000240c4   0x00000018   Code   RO         2134    i.pm_sec_params_set  peer_manager.o
    0x000240dc   0x0000014c   Code   RO         2135    i.pm_sm_evt_handler  peer_manager.o
    0x00024228   0x00000034   Code   RO         2136    i.pm_whitelist_get  peer_manager.o
    0x0002425c   0x00000018   Code   RO         2137    i.pm_whitelist_set  peer_manager.o
    0x00024274   0x00000036   Code   RO         2720    i.pnp_id_encode     ble_dis.o
    0x000242aa   0x00000002   PAD
    0x000242ac   0x00000088   Code   RO         2772    i.protocol_mode_char_add  ble_hids.o
    0x00024334   0x0000002c   Code   RO         4338    i.queue_advance     fstorage.o
    0x00024360   0x00000038   Code   RO         4339    i.queue_get_next_free  fstorage.o
    0x00024398   0x000000b8   Code   RO         4067    i.queue_process     fds.o
    0x00024450   0x0000006c   Code   RO         4340    i.queue_process     fstorage.o
    0x000244bc   0x0000001c   Code   RO         4068    i.queue_start       fds.o
    0x000244d8   0x0000001c   Code   RO         4341    i.queue_start       fstorage.o
    0x000244f4   0x00000010   Code   RO         4949    i.ram_end_address_get  softdevice_handler.o
    0x00024504   0x00000084   Code   RO         4069    i.record_find       fds.o
    0x00024588   0x000000a0   Code   RO         4070    i.record_find_by_desc  fds.o
    0x00024628   0x00000054   Code   RO         4071    i.record_find_next  fds.o
    0x0002467c   0x00000024   Code   RO         4072    i.record_header_flag_dirty  fds.o
    0x000246a0   0x0000000a   Code   RO         1720    i.record_key_to_peer_data_id  peer_data_storage.o
    0x000246aa   0x00000002   PAD
    0x000246ac   0x00000018   Code   RO         1721    i.record_key_within_pm_range  peer_data_storage.o
    0x000246c4   0x0000005c   Code   RO         4073    i.record_write_chunk  fds.o
    0x00024720   0x00000012   Code   RO         2023    i.release           peer_id.o
    0x00024732   0x00000002   PAD
    0x00024734   0x00000118   Code   RO         2773    i.rep_char_add      ble_hids.o
    0x0002484c   0x00000138   Code   RO         2774    i.rep_map_char_add  ble_hids.o
    0x00024984   0x00000088   Code   RO         2775    i.rep_value_identify  ble_hids.o
    0x00024a0c   0x00000044   Code   RO         3808    i.rtc1_stop         app_timer.o
    0x00024a50   0x00000026   Code   RO         3322    i.rx_byte           nrf_drv_uart.o
    0x00024a76   0x00000014   Code   RO         3323    i.rx_done_event     nrf_drv_uart.o
    0x00024a8a   0x00000002   PAD
    0x00024a8c   0x00000084   Code   RO         4951    i.sd_nvic_EnableIRQ  softdevice_handler.o
    0x00024b10   0x00000046   Code   RO         4486    i.sdk_mapped_flags_bulk_update_by_key  sdk_mapped_flags.o
    0x00024b56   0x00000002   PAD
    0x00024b58   0x00000028   Code   RO         4487    i.sdk_mapped_flags_first_key_index_get  sdk_mapped_flags.o
    0x00024b80   0x00000010   Code   RO         4488    i.sdk_mapped_flags_get_by_index  sdk_mapped_flags.o
    0x00024b90   0x00000026   Code   RO         4489    i.sdk_mapped_flags_get_by_key  sdk_mapped_flags.o
    0x00024bb6   0x00000046   Code   RO         4490    i.sdk_mapped_flags_key_list_get  sdk_mapped_flags.o
    0x00024bfc   0x0000000e   Code   RO         4492    i.sdk_mapped_flags_update_by_key  sdk_mapped_flags.o
    0x00024c0a   0x00000002   PAD
    0x00024c0c   0x000000b4   Code   RO         2457    i.sec_info_request_process  security_dispatcher.o
    0x00024cc0   0x00000076   Code   RO         2566    i.sec_params_verify  security_manager.o
    0x00024d36   0x00000002   PAD
    0x00024d38   0x0000004c   Code   RO         2458    i.sec_proc_start    security_dispatcher.o
    0x00024d84   0x0000001c   Code   RO         2459    i.sec_start_send    security_dispatcher.o
    0x00024da0   0x00000048   Code   RO         4342    i.send_event        fstorage.o
    0x00024de8   0x000000b8   Code   RO           49    i.send_key_scan_press_release  main.o
    0x00024ea0   0x0000001c   Code   RO         4539    i.sensorsim_decrement  sensorsim.o
    0x00024ebc   0x0000001c   Code   RO         4540    i.sensorsim_increment  sensorsim.o
    0x00024ed8   0x00000018   Code   RO         4541    i.sensorsim_init    sensorsim.o
    0x00024ef0   0x0000001a   Code   RO         4542    i.sensorsim_measure  sensorsim.o
    0x00024f0a   0x00000002   PAD
    0x00024f0c   0x00000010   Code   RO         4577    i.serial_is_busy    nrf_log_backend_serial.o
    0x00024f1c   0x0000002c   Code   RO         4578    i.serial_tx         nrf_log_backend_serial.o
    0x00024f48   0x00000058   Code   RO         1304    i.service_changed_pending_flags_check  gatt_cache_manager.o
    0x00024fa0   0x00000044   Code   RO         1406    i.service_changed_pending_set  gatts_cache_manager.o
    0x00024fe4   0x00000098   Code   RO         1305    i.service_changed_send_in_evt  gatt_cache_manager.o
    0x0002507c   0x0000008e   Code   RO          878    i.service_data_encode  ble_advdata.o
    0x0002510a   0x00000008   Code   RO           50    i.service_error_handler  main.o
    0x00025112   0x00000002   PAD
    0x00025114   0x0000006c   Code   RO           51    i.services_init     main.o
    0x00025180   0x00000058   Code   RO          958    i.set_adv_mode_fast  ble_advertising.o
    0x000251d8   0x00000054   Code   RO          959    i.set_adv_mode_slow  ble_advertising.o
    0x0002522c   0x00000028   Code   RO           52    i.sleep_mode_enter  main.o
    0x00025254   0x00000014   Code   RO         2567    i.sm_ble_evt_handler  security_manager.o
    0x00025268   0x0000001c   Code   RO         2568    i.sm_conn_sec_config_reply  security_manager.o
    0x00025284   0x00000050   Code   RO         2569    i.sm_init           security_manager.o
    0x000252d4   0x00000034   Code   RO         2572    i.sm_pdb_evt_handler  security_manager.o
    0x00025308   0x00000030   Code   RO         2574    i.sm_sec_params_set  security_manager.o
    0x00025338   0x0000007c   Code   RO         2575    i.sm_smd_evt_handler  security_manager.o
    0x000253b4   0x000000e4   Code   RO         2460    i.smd_ble_evt_handler  security_dispatcher.o
    0x00025498   0x0000003c   Code   RO         2461    i.smd_init          security_dispatcher.o
    0x000254d4   0x00000030   Code   RO         2462    i.smd_link_secure   security_dispatcher.o
    0x00025504   0x00000110   Code   RO         2463    i.smd_params_reply  security_dispatcher.o
    0x00025614   0x00000088   Code   RO         2576    i.smd_params_reply_perform  security_manager.o
    0x0002569c   0x00000034   Code   RO         2464    i.smd_pdb_evt_handler  security_dispatcher.o
    0x000256d0   0x00000014   Code   RO         4952    i.softdevice_ble_evt_handler_set  softdevice_handler.o
    0x000256e4   0x000000a4   Code   RO         4953    i.softdevice_enable  softdevice_handler.o
    0x00025788   0x00000028   Code   RO         4954    i.softdevice_enable_get_default_config  softdevice_handler.o
    0x000257b0   0x00000012   Code   RO         5085    i.softdevice_evt_get  softdevice_handler_appsh.o
    0x000257c2   0x00000002   PAD
    0x000257c4   0x00000014   Code   RO         5086    i.softdevice_evt_schedule  softdevice_handler_appsh.o
    0x000257d8   0x00000008   Code   RO         4955    i.softdevice_fault_handler  softdevice_handler.o
    0x000257e0   0x00000058   Code   RO         4956    i.softdevice_handler_init  softdevice_handler.o
    0x00025838   0x0000000c   Code   RO         4957    i.softdevice_handler_is_enabled  softdevice_handler.o
    0x00025844   0x00000014   Code   RO         4962    i.softdevice_sys_evt_handler_set  softdevice_handler.o
    0x00025858   0x00000010   Code   RO           53    i.sys_evt_dispatch  main.o
    0x00025868   0x0000004e   Code   RO         2721    i.sys_id_encode     ble_dis.o
    0x000258b6   0x00000002   PAD
    0x000258b8   0x00000084   Code   RO         3809    i.timer_list_handler  app_timer.o
    0x0002593c   0x00000010   Code   RO         3810    i.timer_list_handler_sched  app_timer.o
    0x0002594c   0x00000040   Code   RO         3811    i.timer_list_insert  app_timer.o
    0x0002598c   0x00000048   Code   RO         3812    i.timer_stop_op_schedule  app_timer.o
    0x000259d4   0x00000080   Code   RO         3813    i.timer_timeouts_check  app_timer.o
    0x00025a54   0x000000b4   Code   RO           54    i.timers_init       main.o
    0x00025b08   0x00000034   Code   RO         4579    i.timestamp_process  nrf_log_backend_serial.o
    0x00025b3c   0x00000098   Code   RO         3493    i.twi_clear_bus     nrf_drv_twi.o
    0x00025bd4   0x00000020   Code   RO         3494    i.twi_process_error  nrf_drv_twi.o
    0x00025bf4   0x000000a0   Code   RO         3495    i.twi_rx_start_transfer  nrf_drv_twi.o
    0x00025c94   0x0000002e   Code   RO         3496    i.twi_send_byte     nrf_drv_twi.o
    0x00025cc2   0x00000108   Code   RO         3497    i.twi_transfer      nrf_drv_twi.o
    0x00025dca   0x00000002   PAD
    0x00025dcc   0x0000009c   Code   RO         3498    i.twi_tx_start_transfer  nrf_drv_twi.o
    0x00025e68   0x0000008c   Code   RO         3499    i.twi_xfer          nrf_drv_twi.o
    0x00025ef4   0x0000001e   Code   RO         3325    i.tx_byte           nrf_drv_uart.o
    0x00025f12   0x00000018   Code   RO         3326    i.tx_done_event     nrf_drv_uart.o
    0x00025f2a   0x00000002   PAD
    0x00025f2c   0x00000010   Code   RO         4580    i.uart_event_handler  nrf_log_backend_serial.o
    0x00025f3c   0x00000128   Code   RO         3327    i.uart_irq_handler  nrf_drv_uart.o
    0x00026064   0x0000000a   Code   RO          879    i.uint16_encode     ble_advdata.o
    0x0002606e   0x00000002   PAD
    0x00026070   0x00000064   Code   RO         1050    i.update_timeout_handler  ble_conn_params.o
    0x000260d4   0x00000018   Code   RO         1127    i.user_flag_is_acquired  ble_conn_state.o
    0x000260ec   0x0000002c   Code   RO         3814    i.user_op_alloc     app_timer.o
    0x00026118   0x00000030   Code   RO          880    i.uuid_list_encode  ble_advdata.o
    0x00026148   0x000000ae   Code   RO          881    i.uuid_list_sized_encode  ble_advdata.o
    0x000261f6   0x00000002   PAD
    0x000261f8   0x00000018   Code   RO          960    i.whitelist_has_entries  ble_advertising.o
    0x00026210   0x00000024   Code   RO         1870    i.write_buf_length_words_set  peer_database.o
    0x00026234   0x00000024   Code   RO         1871    i.write_buffer_record_find  peer_database.o
    0x00026258   0x00000028   Code   RO         1872    i.write_buffer_record_find_next  peer_database.o
    0x00026280   0x00000022   Code   RO         1873    i.write_buffer_record_invalidate  peer_database.o
    0x000262a2   0x00000002   PAD
    0x000262a4   0x00000028   Code   RO         1874    i.write_buffer_record_release  peer_database.o
    0x000262cc   0x00000118   Code   RO         4074    i.write_enqueue     fds.o
    0x000263e4   0x000000ec   Code   RO         4075    i.write_execute     fds.o
    0x000264d0   0x00000014   Code   RO         4076    i.write_space_free  fds.o
    0x000264e4   0x0000004c   Code   RO         4077    i.write_space_reserve  fds.o
    0x00026530   0x0000005c   Data   RO           62    .constdata          main.o
    0x0002658c   0x00000008   Data   RO          581    .constdata          boards.o
    0x00026594   0x0000002c   Data   RO          699    .constdata          bsp.o
    0x000265c0   0x00000004   Data   RO         1053    .constdata          ble_conn_params.o
    0x000265c4   0x00000004   Data   RO         1407    .constdata          gatts_cache_manager.o
    0x000265c8   0x00000010   Data   RO         1408    .constdata          gatts_cache_manager.o
    0x000265d8   0x00000004   Data   RO         1409    .constdata          gatts_cache_manager.o
    0x000265dc   0x00000008   Data   RO         1506    .constdata          id_manager.o
    0x000265e4   0x00000004   Data   RO         1722    .constdata          peer_data_storage.o
    0x000265e8   0x00000014   Data   RO         1876    .constdata          peer_database.o
    0x000265fc   0x00000044   Data   RO         2466    .constdata          security_dispatcher.o
    0x00026640   0x00000004   Data   RO         2577    .constdata          security_manager.o
    0x00026644   0x00000004   Data   RO         3120    .constdata          nrf_drv_gpiote.o
    0x00026648   0x0000004b   Data   RO         3329    .constdata          nrf_drv_uart.o
    0x00026693   0x00000001   PAD
    0x00026694   0x0000000c   Data   RO         3504    .constdata          nrf_drv_twi.o
    0x000266a0   0x00000008   Data   RO         3639    .constdata          app_button.o
    0x000266a8   0x00000014   Data   RO         4079    .constdata          fds.o
    0x000266bc   0x00000020   Data   RO         4583    .constdata          nrf_log_backend_serial.o
    0x000266dc   0x00000024   Data   RO         4686    .constdata          nrf_log_frontend.o
    0x00026700   0x00000081   Data   RO         5159    .constdata          mc_p.l(ctype_o.o)
    0x00026781   0x00000003   PAD
    0x00026784   0x00000004   Data   RO         5160    .constdata          mc_p.l(ctype_o.o)
    0x00026788   0x00000089   Data   RO           63    .conststring        main.o
    0x00026811   0x00000003   PAD
    0x00026814   0x00000193   Data   RO         4467    .conststring        sdk_errors.o
    0x000269a7   0x00000001   PAD
    0x000269a8   0x0000000c   Data   RO         4687    .conststring        nrf_log_frontend.o
    0x000269b4   0x00000042   Data   RO         4963    .conststring        softdevice_handler.o
    0x000269f6   0x00000002   PAD
    0x000269f8   0x00000020   Data   RO         5503    Region$$Table       anon$$obj.o


    Execution Region RW_IRAM1 (Base: 0x20001fe8, Size: 0x00001f20, Max: 0x00006018, ABSOLUTE, COMPRESSED[0x00000144])

    Base Addr    Size         Type   Attr      Idx    E Section Name        Object

    0x20001fe8   0x00000130   Data   RW           64    .data               main.o
    0x20002118   0x00000014   Data   RW          700    .data               bsp.o
    0x2000212c   0x00000008   Data   RW          796    .data               bsp_btn_ble.o
    0x20002134   0x00000030   Data   RW          964    .data               ble_advertising.o
    0x20002164   0x00000014   Data   RW         1054    .data               ble_conn_params.o
    0x20002178   0x0000000c   Data   RW         1306    .data               gatt_cache_manager.o
    0x20002184   0x0000000c   Data   RW         1410    .data               gatts_cache_manager.o
    0x20002190   0x0000000a   Data   RW         1507    .data               id_manager.o
    0x2000219a   0x00000002   PAD
    0x2000219c   0x0000000c   Data   RW         1723    .data               peer_data_storage.o
    0x200021a8   0x00000008   Data   RW         1877    .data               peer_database.o
    0x200021b0   0x00000010   Data   RW         2140    .data               peer_manager.o
    0x200021c0   0x00000004   Data   RW         2467    .data               security_dispatcher.o
    0x200021c4   0x00000015   Data   RW         2578    .data               security_manager.o
    0x200021d9   0x00000001   PAD
    0x200021da   0x0000004a   Data   RW         2722    .data               ble_dis.o
    0x20002224   0x00000014   Data   RW         3640    .data               app_button.o
    0x20002238   0x00000010   Data   RW         3753    .data               app_scheduler.o
    0x20002248   0x00000020   Data   RW         3815    .data               app_timer.o
    0x20002268   0x0000000c   Data   RW         3960    .data               app_util_platform.o
    0x20002274   0x00000018   Data   RW         4080    .data               fds.o
    0x2000228c   0x00000002   Data   RW         4344    .data               fstorage.o
    0x2000228e   0x00000002   PAD
    0x20002290   0x00000048   Data   RW         4470    .data               sdk_errors.o
    0x200022d8   0x0000000c   Data   RW         4584    .data               nrf_log_backend_serial.o
    0x200022e4   0x00000004   Data   RW         4688    .data               nrf_log_frontend.o
    0x200022e8   0x00000014   Data   RW         4964    .data               softdevice_handler.o
    0x200022fc   0x00000004   Data   RW         5121    .data               system_nrf51.o
    0x20002300   0x00000010   Data   RW         4081    fs_data             fds.o
    0x20002310   0x00000020   Zero   RW           55    .bss                main.o
    0x20002330   0x00000020   Zero   RW           56    .bss                main.o
    0x20002350   0x00000020   Zero   RW           57    .bss                main.o
    0x20002370   0x00000020   Zero   RW           58    .bss                main.o
    0x20002390   0x00000020   Zero   RW           59    .bss                main.o
    0x200023b0   0x00000020   Zero   RW           60    .bss                main.o
    0x200023d0   0x00000528   Zero   RW           61    .bss                main.o
    0x200028f8   0x00000020   Zero   RW          695    .bss                bsp.o
    0x20002918   0x00000020   Zero   RW          696    .bss                bsp.o
    0x20002938   0x0000000c   Zero   RW          697    .bss                bsp.o
    0x20002944   0x00000020   Zero   RW          698    .bss                bsp.o
    0x20002964   0x0000016b   Zero   RW          961    .bss                ble_advertising.o
    0x20002acf   0x00000001   PAD
    0x20002ad0   0x00000020   Zero   RW          962    .bss                ble_advertising.o
    0x20002af0   0x00000020   Zero   RW          963    .bss                ble_advertising.o
    0x20002b10   0x00000020   Zero   RW         1051    .bss                ble_conn_params.o
    0x20002b30   0x0000001c   Zero   RW         1052    .bss                ble_conn_params.o
    0x20002b4c   0x00000034   Zero   RW         1128    .bss                ble_conn_state.o
    0x20002b80   0x00000070   Zero   RW         1505    .bss                id_manager.o
    0x20002bf0   0x00000330   Zero   RW         1875    .bss                peer_database.o
    0x20002f20   0x00000040   Zero   RW         2024    .bss                peer_id.o
    0x20002f60   0x0000000c   Zero   RW         2138    .bss                peer_manager.o
    0x20002f6c   0x00000040   Zero   RW         2465    .bss                security_dispatcher.o
    0x20002fac   0x00000014   Zero   RW         2906    .bss                nrf_drv_clock.o
    0x20002fc0   0x00000048   Zero   RW         3119    .bss                nrf_drv_gpiote.o
    0x20003008   0x0000001c   Zero   RW         3328    .bss                nrf_drv_uart.o
    0x20003024   0x00000028   Zero   RW         3500    .bss                nrf_drv_twi.o
    0x2000304c   0x00000020   Zero   RW         3638    .bss                app_button.o
    0x2000306c   0x0000011c   Zero   RW         4078    .bss                fds.o
    0x20003188   0x00000068   Zero   RW         4343    .bss                fstorage.o
    0x200031f0   0x00000100   Zero   RW         4581    .bss                nrf_log_backend_serial.o
    0x200032f0   0x00000418   Zero   RW         4685    .bss                nrf_log_frontend.o
    0x20003708   0x00000800   Zero   RW         5109    STACK               arm_startup_nrf51.o


==============================================================================

Image component sizes


      Code (inc. data)   RO Data    RW Data    ZI Data      Debug   Object Name

       328         34          8         20         32       6230   app_button.o
        24          4          0          0          0       2189   app_error.o
        72         34          0          0          0       7122   app_error_weak.o
       260         18          0         16          0      20311   app_scheduler.o
      1608        158          0         32          0      24903   app_timer.o
        46          6          0          0          0       1913   app_timer_appsh.o
       104         20          0         12          0       6242   app_util_platform.o
        56         18        192          0       2048        712   arm_startup_nrf51.o
      1368          6          0          0          0      28936   ble_advdata.o
      1248         88          0         48        427      11645   ble_advertising.o
       596         20          0          0          0       4491   ble_bas.o
       460         60          4         20         60       5272   ble_conn_params.o
       532         52          0          0         52       8929   ble_conn_state.o
       604         16          0         74          0       5055   ble_dis.o
      2974         72          0          0          0      21359   ble_hids.o
        44          0          0          0          0       2706   ble_srv_common.o
       324         58          8          0          0      11864   boards.o
       888         86         44         20        108      13431   bsp.o
       278         12          0          8          0       9045   bsp_btn_ble.o
      3622        376         20         40        284      41002   fds.o
       980         82          0          2        104      11799   fstorage.o
      1044         80          0         12          0      15176   gatt_cache_manager.o
       532         66         24         12          0       8539   gatts_cache_manager.o
      1474        114          8         10        112      21923   id_manager.o
      9322       2334        229        304       1512     190454   main.o
       276         38          0          0         20      11768   nrf_drv_clock.o
        96         18          0          0          0       7260   nrf_drv_common.o
      1154        100          4          0         72      26452   nrf_drv_gpiote.o
      1496         78         12          0         40      28126   nrf_drv_twi.o
      1382        200         75          0         28      35627   nrf_drv_uart.o
       848         64         32         12        256      15295   nrf_log_backend_serial.o
      1242         94         48          4       1048      13548   nrf_log_frontend.o
      1202         64          4         12          0      17524   peer_data_storage.o
      1374         72         20          8        816      22060   peer_database.o
       370         60          0          0         64       8323   peer_id.o
      1470        138          0         16         12      18884   peer_manager.o
       248          0          0          0          0       3819   pm_buffer.o
       224          0          0          0          0       4753   pm_mutex.o
         0          0        403         72          0        967   sdk_errors.o
       248          6          0          0          0       5424   sdk_mapped_flags.o
      1836        104         68          4         64      18176   security_dispatcher.o
      1086         82          4         21          0      15568   security_manager.o
       106          0          0          0          0       3031   sensorsim.o
       688        166         66         20          0      22172   softdevice_handler.o
        38          6          0          0          0       2119   softdevice_handler_appsh.o
       232         36          0          4          0       2359   system_nrf51.o

    ----------------------------------------------------------------------
     44488       5140       1312        808       7160     764503   Object Totals
         0          0         32          0          0          0   (incl. Generated)
        84          0          7          5          1          0   (incl. Padding)

    ----------------------------------------------------------------------

      Code (inc. data)   RO Data    RW Data    ZI Data      Debug   Library Member Name

        86          0          0          0          0          0   __dczerorl2.o
         8          4        133          0          0         60   ctype_o.o
         0          0          0          0          0          0   entry.o
         0          0          0          0          0          0   entry10a.o
         0          0          0          0          0          0   entry11a.o
         8          4          0          0          0          0   entry2.o
         4          0          0          0          0          0   entry5.o
         0          0          0          0          0          0   entry7b.o
         0          0          0          0          0          0   entry8b.o
         8          4          0          0          0          0   entry9a.o
        30          0          0          0          0          0   handlers.o
        36          8          0          0          0         68   init.o
        32          0          0          0          0         68   llshl.o
        34          0          0          0          0         68   llushr.o
        26          0          0          0          0         72   memcmp.o
        36          0          0          0          0         60   memcpya.o
        36          0          0          0          0        100   memseta.o
      1206         50          0          0          0        384   printf8.o
        14          0          0          0          0         60   strlen.o
        44          0          0          0          0         72   uidiv.o
        96          0          0          0          0         84   uldiv.o

    ----------------------------------------------------------------------
      1704         70        136          0          0       1096   Library Totals
         0          0          3          0          0          0   (incl. Padding)

    ----------------------------------------------------------------------

      Code (inc. data)   RO Data    RW Data    ZI Data      Debug   Library Name

      1704         70        133          0          0       1096   mc_p.l

    ----------------------------------------------------------------------
      1704         70        136          0          0       1096   Library Totals

    ----------------------------------------------------------------------

==============================================================================


      Code (inc. data)   RO Data    RW Data    ZI Data      Debug   

     46192       5210       1448        808       7160     743119   Grand Totals
     46192       5210       1448        324       7160     743119   ELF Image Totals (compressed)
     46192       5210       1448        324          0          0   ROM Totals

==============================================================================

    Total RO  Size (Code + RO Data)                47640 (  46.52kB)
    Total RW  Size (RW Data + ZI Data)              7968 (   7.78kB)
    Total ROM Size (Code + RO Data + RW Data)      47964 (  46.84kB)

==============================================================================

