<html>
<body>
<pre>
<h1>µVision Build Log</h1>
<h2>Tool Versions:</h2>
IDE-Version: ¦ÌVision V5.14.0.0
Copyright (C) 2015 ARM Ltd and ARM Germany GmbH. All rights reserved.
License Information: hq Microsoft, Microsoft, LIC=21ERA-1K7YU-0NTAM-XPHEU-IXFRF-3XUI8
 
Tool Versions:
Toolchain:       MDK-ARM Standard  Version: 5.14.0.0
Toolchain Path:  D:\Keil_v5_14\ARM\ARMCC\Bin
C Compiler:      Armcc.exe V5.05 update 1 (build 106)
Assembler:       Armasm.exe V5.05 update 1 (build 106)
Linker/Locator:  ArmLink.exe V5.05 update 1 (build 106)
Library Manager: ArmAr.exe V5.05 update 1 (build 106)
Hex Converter:   FromElf.exe V5.05 update 1 (build 106)
CPU DLL:         
Dialog DLL:      
Target DLL:      Segger\JL2CM3.dll V2.99.13.0
Dialog DLL:      TARMCM1.DLL V1.9.0.0
 
<h2>Project:</h2>
D:\workspace\hq_projs\nRF5_SDK_12.2.0_f012efa\examples\ble_peripheral\ble_app_hids_keyboard\pca10028\s130\arm5_no_packs\ble_app_hids_keyboard_pca10028_s130.uvprojx
Project File Date:  10/29/2018

<h2>Output:</h2>
Build target 'nrf51422_xxac'
compiling main.c...
..\..\..\main.c(76): warning:  #1000-D: a storage class may not be specified here
  static enum {
..\..\..\main.c(367): warning:  #1000-D: a storage class may not be specified here
  static enum {
..\..\..\main.c(2502): warning:  #1000-D: a storage class may not be specified here
  static enum {
..\..\..\main.c(2553): warning:  #940-D: missing return statement at end of non-void function "get_queue"
  }
..\..\..\main.c(2933): warning:  #186-D: pointless comparison of unsigned integer with zero
                        KEYBD_INFO(KEYBD_ERROR, "mouse flip error\r\n");
..\..\..\main.c(3231): warning:  #127-D: expected a statement
  }
..\..\..\main.c(310): warning:  #177-D: variable "m_key_code" was declared but never referenced
  static uint8_t m_key_code[][14] = {
..\..\..\main.c(330): warning:  #177-D: variable "m_sample_key_press_scan_str1" was declared but never referenced
  static uint8_t m_sample_key_press_scan_str1[] = /**< Key pattern to be sent when the key press button has been pushed. */
..\..\..\main.c(2231): warning:  #177-D: function "mouse_movement_send" was declared but never referenced
  static void mouse_movement_send(int16_t x_delta, int16_t y_delta)
..\..\..\main.c(2499): warning:  #550-D: variable "mouse_data" was set but never used
  static mouse_data_t mouse_data = {.mouse = {0}, .len = 0};
..\..\..\main.c(2500): warning:  #550-D: variable "media_data" was set but never used
  static media_data_t media_data = {.media = {0}, .len = 0};
..\..\..\main.c: 11 warnings, 0 errors
linking...
Program Size: Code=46192 RO-data=1448 RW-data=808 ZI-data=7160  
FromELF: creating hex file...
".\_build\nrf51422_xxac.axf" - 0 Error(s), 11 Warning(s).

<h2>Software Packages used:</h2>

Package Vendor: ARM
                http://www.keil.com/pack/ARM.CMSIS.4.5.0.pack
                ARM::CMSIS:CORE:4.3.0
                CMSIS (Cortex Microcontroller Software Interface Standard)
   * Component: CORE Version: 4.3.0

Package Vendor: NordicSemiconductor
                http://developer.nordicsemi.com/nRF5_SDK/pieces/nRF_DeviceFamilyPack/NordicSemiconductor.nRF_DeviceFamilyPack.8.11.1.pack
                NordicSemiconductor::Device:Startup:8.11.1
                Nordic Semiconductor nRF ARM devices Device Family Pack.
   * Component: Startup Version: 8.11.1

<h2>Collection of Component include folders:</h2>
  D:\workspace\hq_projs\nRF5_SDK_12.2.0_f012efa\examples\ble_peripheral\ble_app_hids_keyboard\pca10028\s130\arm5_no_packs\RTE
  D:\Keil_v5_14\ARM\PACK\ARM\CMSIS\4.5.0\CMSIS\Include
  D:\Keil_v5_14\ARM\PACK\NordicSemiconductor\nRF_DeviceFamilyPack\8.11.1\Device\Include

<h2>Collection of Component Files used:</h2>

   * Component: ARM::CMSIS:CORE:4.3.0

   * Component: NordicSemiconductor::Device:Startup:8.11.1
      Source file:   Device\Source\arm\arm_startup_nrf51.s
      Source file:   Device\Source\system_nrf51.c
      Include file:  Device\Include\system_nrf51.h
</pre>
</body>
</html>
